../../Middlewares/ST/touchgfx/framework/include/touchgfx/Screen.hpp:104:18:virtual void touchgfx::Screen::afterTransition()	0	static
../../Middlewares/ST/touchgfx/framework/include/touchgfx/Screen.hpp:144:18:virtual void touchgfx::Screen::handleTickEvent()	0	static
../../Middlewares/ST/touchgfx/framework/include/touchgfx/Screen.hpp:154:18:virtual void touchgfx::Screen::handleKeyEvent(uint8_t)	0	static
C:/Repository/TouchGfxMineSweeper/TouchGfxMineSweeper/TouchGFX/gui/src/gamescreen1_screen/GameScreen1View.cpp:18:6:virtual void GameScreen1View::tearDownScreen()	0	static
../../TouchGFX/gui/include/gui/gamescreen1_screen/GameScreen1View.hpp:11:13:GameScreen1View::~GameScreen1View()	8	static
../../TouchGFX/gui/include/gui/gamescreen1_screen/GameScreen1View.hpp:11:13:virtual GameScreen1View::~GameScreen1View()	8	static
C:/Repository/TouchGfxMineSweeper/TouchGfxMineSweeper/TouchGFX/gui/src/gamescreen1_screen/GameScreen1View.cpp:4:1:GameScreen1View::GameScreen1View()	40	static
C:/Repository/TouchGfxMineSweeper/TouchGfxMineSweeper/TouchGFX/gui/src/gamescreen1_screen/GameScreen1View.cpp:13:6:virtual void GameScreen1View::setupScreen()	0	static
C:/Repository/TouchGfxMineSweeper/TouchGfxMineSweeper/TouchGFX/gui/src/gamescreen1_screen/GameScreen1View.cpp:24:6:virtual void GameScreen1View::Block1_1_Clicked()	40	static
