../../Middlewares/ST/touchgfx/framework/include/touchgfx/Screen.hpp:104:18:virtual void touchgfx::Screen::afterTransition()	0	static
../../Middlewares/ST/touchgfx/framework/include/touchgfx/Screen.hpp:144:18:virtual void touchgfx::Screen::handleTickEvent()	0	static
../../Middlewares/ST/touchgfx/framework/include/touchgfx/Screen.hpp:154:18:virtual void touchgfx::Screen::handleKeyEvent(uint8_t)	0	static
C:/Repository/TouchGfxMineSweeper/TouchGfxMineSweeper/TouchGFX/gui/src/gamescreen1_screen/GameScreen1View.cpp:46:6:virtual void GameScreen1View::tearDownScreen()	0	static
C:/Repository/TouchGfxMineSweeper/TouchGfxMineSweeper/TouchGFX/gui/src/gamescreen1_screen/GameScreen1View.cpp:134:6:virtual void GameScreen1View::Reset_Clicked()	0	static
../../TouchGFX/gui/include/gui/gamescreen1_screen/GameScreen1View.hpp:11:13:GameScreen1View::~GameScreen1View()	8	static
../../TouchGFX/gui/include/gui/gamescreen1_screen/GameScreen1View.hpp:11:13:virtual GameScreen1View::~GameScreen1View()	8	static
C:/Repository/TouchGfxMineSweeper/TouchGfxMineSweeper/TouchGFX/gui/src/gamescreen1_screen/GameScreen1View.cpp:33:6:void GameScreen1View::updateBombNumber(int)	0	static
C:/Repository/TouchGfxMineSweeper/TouchGfxMineSweeper/TouchGFX/gui/src/gamescreen1_screen/GameScreen1View.cpp:37:6:void GameScreen1View::updateFlagNumber(int)	0	static
C:/Repository/TouchGfxMineSweeper/TouchGfxMineSweeper/TouchGFX/gui/src/gamescreen1_screen/GameScreen1View.cpp:235:27:touchgfx::ButtonWithIcon& GameScreen1View::getBlockWithIcon(int, int)	0	static
C:/Repository/TouchGfxMineSweeper/TouchGfxMineSweeper/TouchGFX/gui/src/gamescreen1_screen/GameScreen1View.cpp:140:6:void GameScreen1View::updateBlockImage(int, int, GameScreen1Presenter::BlockState)	40	static
C:/Repository/TouchGfxMineSweeper/TouchGfxMineSweeper/TouchGFX/gui/src/gamescreen1_screen/GameScreen1View.cpp:325:6:void GameScreen1View::blockClicked(int, int)	0	static
C:/Repository/TouchGfxMineSweeper/TouchGfxMineSweeper/TouchGFX/gui/src/gamescreen1_screen/GameScreen1View.cpp:51:6:virtual void GameScreen1View::Block1_1_Clicked()	0	static
C:/Repository/TouchGfxMineSweeper/TouchGfxMineSweeper/TouchGFX/gui/src/gamescreen1_screen/GameScreen1View.cpp:52:6:virtual void GameScreen1View::Block1_2_Clicked()	0	static
C:/Repository/TouchGfxMineSweeper/TouchGfxMineSweeper/TouchGFX/gui/src/gamescreen1_screen/GameScreen1View.cpp:53:6:virtual void GameScreen1View::Block1_3_Clicked()	0	static
C:/Repository/TouchGfxMineSweeper/TouchGfxMineSweeper/TouchGFX/gui/src/gamescreen1_screen/GameScreen1View.cpp:54:6:virtual void GameScreen1View::Block1_4_Clicked()	0	static
C:/Repository/TouchGfxMineSweeper/TouchGfxMineSweeper/TouchGFX/gui/src/gamescreen1_screen/GameScreen1View.cpp:55:6:virtual void GameScreen1View::Block1_5_Clicked()	0	static
C:/Repository/TouchGfxMineSweeper/TouchGfxMineSweeper/TouchGFX/gui/src/gamescreen1_screen/GameScreen1View.cpp:56:6:virtual void GameScreen1View::Block1_6_Clicked()	0	static
C:/Repository/TouchGfxMineSweeper/TouchGfxMineSweeper/TouchGFX/gui/src/gamescreen1_screen/GameScreen1View.cpp:57:6:virtual void GameScreen1View::Block1_7_Clicked()	0	static
C:/Repository/TouchGfxMineSweeper/TouchGfxMineSweeper/TouchGFX/gui/src/gamescreen1_screen/GameScreen1View.cpp:58:6:virtual void GameScreen1View::Block1_8_Clicked()	0	static
C:/Repository/TouchGfxMineSweeper/TouchGfxMineSweeper/TouchGFX/gui/src/gamescreen1_screen/GameScreen1View.cpp:59:6:virtual void GameScreen1View::Block1_9_Clicked()	0	static
C:/Repository/TouchGfxMineSweeper/TouchGfxMineSweeper/TouchGFX/gui/src/gamescreen1_screen/GameScreen1View.cpp:60:6:virtual void GameScreen1View::Block2_1_Clicked()	0	static
C:/Repository/TouchGfxMineSweeper/TouchGfxMineSweeper/TouchGFX/gui/src/gamescreen1_screen/GameScreen1View.cpp:61:6:virtual void GameScreen1View::Block2_2_Clicked()	0	static
C:/Repository/TouchGfxMineSweeper/TouchGfxMineSweeper/TouchGFX/gui/src/gamescreen1_screen/GameScreen1View.cpp:62:6:virtual void GameScreen1View::Block2_3_Clicked()	0	static
C:/Repository/TouchGfxMineSweeper/TouchGfxMineSweeper/TouchGFX/gui/src/gamescreen1_screen/GameScreen1View.cpp:63:6:virtual void GameScreen1View::Block2_4_Clicked()	0	static
C:/Repository/TouchGfxMineSweeper/TouchGfxMineSweeper/TouchGFX/gui/src/gamescreen1_screen/GameScreen1View.cpp:64:6:virtual void GameScreen1View::Block2_5_Clicked()	0	static
C:/Repository/TouchGfxMineSweeper/TouchGfxMineSweeper/TouchGFX/gui/src/gamescreen1_screen/GameScreen1View.cpp:65:6:virtual void GameScreen1View::Block2_6_Clicked()	0	static
C:/Repository/TouchGfxMineSweeper/TouchGfxMineSweeper/TouchGFX/gui/src/gamescreen1_screen/GameScreen1View.cpp:66:6:virtual void GameScreen1View::Block2_7_Clicked()	0	static
C:/Repository/TouchGfxMineSweeper/TouchGfxMineSweeper/TouchGFX/gui/src/gamescreen1_screen/GameScreen1View.cpp:67:6:virtual void GameScreen1View::Block2_8_Clicked()	0	static
C:/Repository/TouchGfxMineSweeper/TouchGfxMineSweeper/TouchGFX/gui/src/gamescreen1_screen/GameScreen1View.cpp:68:6:virtual void GameScreen1View::Block2_9_Clicked()	0	static
C:/Repository/TouchGfxMineSweeper/TouchGfxMineSweeper/TouchGFX/gui/src/gamescreen1_screen/GameScreen1View.cpp:69:6:virtual void GameScreen1View::Block3_1_Clicked()	0	static
C:/Repository/TouchGfxMineSweeper/TouchGfxMineSweeper/TouchGFX/gui/src/gamescreen1_screen/GameScreen1View.cpp:70:6:virtual void GameScreen1View::Block3_2_Clicked()	0	static
C:/Repository/TouchGfxMineSweeper/TouchGfxMineSweeper/TouchGFX/gui/src/gamescreen1_screen/GameScreen1View.cpp:71:6:virtual void GameScreen1View::Block3_3_Clicked()	0	static
C:/Repository/TouchGfxMineSweeper/TouchGfxMineSweeper/TouchGFX/gui/src/gamescreen1_screen/GameScreen1View.cpp:72:6:virtual void GameScreen1View::Block3_4_Clicked()	0	static
C:/Repository/TouchGfxMineSweeper/TouchGfxMineSweeper/TouchGFX/gui/src/gamescreen1_screen/GameScreen1View.cpp:73:6:virtual void GameScreen1View::Block3_5_Clicked()	0	static
C:/Repository/TouchGfxMineSweeper/TouchGfxMineSweeper/TouchGFX/gui/src/gamescreen1_screen/GameScreen1View.cpp:74:6:virtual void GameScreen1View::Block3_6_Clicked()	0	static
C:/Repository/TouchGfxMineSweeper/TouchGfxMineSweeper/TouchGFX/gui/src/gamescreen1_screen/GameScreen1View.cpp:75:6:virtual void GameScreen1View::Block3_7_Clicked()	0	static
C:/Repository/TouchGfxMineSweeper/TouchGfxMineSweeper/TouchGFX/gui/src/gamescreen1_screen/GameScreen1View.cpp:76:6:virtual void GameScreen1View::Block3_8_Clicked()	0	static
C:/Repository/TouchGfxMineSweeper/TouchGfxMineSweeper/TouchGFX/gui/src/gamescreen1_screen/GameScreen1View.cpp:77:6:virtual void GameScreen1View::Block3_9_Clicked()	0	static
C:/Repository/TouchGfxMineSweeper/TouchGfxMineSweeper/TouchGFX/gui/src/gamescreen1_screen/GameScreen1View.cpp:78:6:virtual void GameScreen1View::Block4_1_Clicked()	0	static
C:/Repository/TouchGfxMineSweeper/TouchGfxMineSweeper/TouchGFX/gui/src/gamescreen1_screen/GameScreen1View.cpp:79:6:virtual void GameScreen1View::Block4_2_Clicked()	0	static
C:/Repository/TouchGfxMineSweeper/TouchGfxMineSweeper/TouchGFX/gui/src/gamescreen1_screen/GameScreen1View.cpp:80:6:virtual void GameScreen1View::Block4_3_Clicked()	0	static
C:/Repository/TouchGfxMineSweeper/TouchGfxMineSweeper/TouchGFX/gui/src/gamescreen1_screen/GameScreen1View.cpp:81:6:virtual void GameScreen1View::Block4_4_Clicked()	0	static
C:/Repository/TouchGfxMineSweeper/TouchGfxMineSweeper/TouchGFX/gui/src/gamescreen1_screen/GameScreen1View.cpp:82:6:virtual void GameScreen1View::Block4_5_Clicked()	0	static
C:/Repository/TouchGfxMineSweeper/TouchGfxMineSweeper/TouchGFX/gui/src/gamescreen1_screen/GameScreen1View.cpp:83:6:virtual void GameScreen1View::Block4_6_Clicked()	0	static
C:/Repository/TouchGfxMineSweeper/TouchGfxMineSweeper/TouchGFX/gui/src/gamescreen1_screen/GameScreen1View.cpp:84:6:virtual void GameScreen1View::Block4_7_Clicked()	0	static
C:/Repository/TouchGfxMineSweeper/TouchGfxMineSweeper/TouchGFX/gui/src/gamescreen1_screen/GameScreen1View.cpp:85:6:virtual void GameScreen1View::Block4_8_Clicked()	0	static
C:/Repository/TouchGfxMineSweeper/TouchGfxMineSweeper/TouchGFX/gui/src/gamescreen1_screen/GameScreen1View.cpp:86:6:virtual void GameScreen1View::Block4_9_Clicked()	0	static
C:/Repository/TouchGfxMineSweeper/TouchGfxMineSweeper/TouchGFX/gui/src/gamescreen1_screen/GameScreen1View.cpp:87:6:virtual void GameScreen1View::Block5_1_Clicked()	0	static
C:/Repository/TouchGfxMineSweeper/TouchGfxMineSweeper/TouchGFX/gui/src/gamescreen1_screen/GameScreen1View.cpp:88:6:virtual void GameScreen1View::Block5_2_Clicked()	0	static
C:/Repository/TouchGfxMineSweeper/TouchGfxMineSweeper/TouchGFX/gui/src/gamescreen1_screen/GameScreen1View.cpp:89:6:virtual void GameScreen1View::Block5_3_Clicked()	0	static
C:/Repository/TouchGfxMineSweeper/TouchGfxMineSweeper/TouchGFX/gui/src/gamescreen1_screen/GameScreen1View.cpp:90:6:virtual void GameScreen1View::Block5_4_Clicked()	0	static
C:/Repository/TouchGfxMineSweeper/TouchGfxMineSweeper/TouchGFX/gui/src/gamescreen1_screen/GameScreen1View.cpp:91:6:virtual void GameScreen1View::Block5_5_Clicked()	0	static
C:/Repository/TouchGfxMineSweeper/TouchGfxMineSweeper/TouchGFX/gui/src/gamescreen1_screen/GameScreen1View.cpp:92:6:virtual void GameScreen1View::Block5_6_Clicked()	0	static
C:/Repository/TouchGfxMineSweeper/TouchGfxMineSweeper/TouchGFX/gui/src/gamescreen1_screen/GameScreen1View.cpp:93:6:virtual void GameScreen1View::Block5_7_Clicked()	0	static
C:/Repository/TouchGfxMineSweeper/TouchGfxMineSweeper/TouchGFX/gui/src/gamescreen1_screen/GameScreen1View.cpp:94:6:virtual void GameScreen1View::Block5_8_Clicked()	0	static
C:/Repository/TouchGfxMineSweeper/TouchGfxMineSweeper/TouchGFX/gui/src/gamescreen1_screen/GameScreen1View.cpp:95:6:virtual void GameScreen1View::Block5_9_Clicked()	0	static
C:/Repository/TouchGfxMineSweeper/TouchGfxMineSweeper/TouchGFX/gui/src/gamescreen1_screen/GameScreen1View.cpp:96:6:virtual void GameScreen1View::Block6_1_Clicked()	0	static
C:/Repository/TouchGfxMineSweeper/TouchGfxMineSweeper/TouchGFX/gui/src/gamescreen1_screen/GameScreen1View.cpp:97:6:virtual void GameScreen1View::Block6_2_Clicked()	0	static
C:/Repository/TouchGfxMineSweeper/TouchGfxMineSweeper/TouchGFX/gui/src/gamescreen1_screen/GameScreen1View.cpp:98:6:virtual void GameScreen1View::Block6_3_Clicked()	0	static
C:/Repository/TouchGfxMineSweeper/TouchGfxMineSweeper/TouchGFX/gui/src/gamescreen1_screen/GameScreen1View.cpp:99:6:virtual void GameScreen1View::Block6_4_Clicked()	0	static
C:/Repository/TouchGfxMineSweeper/TouchGfxMineSweeper/TouchGFX/gui/src/gamescreen1_screen/GameScreen1View.cpp:100:6:virtual void GameScreen1View::Block6_5_Clicked()	0	static
C:/Repository/TouchGfxMineSweeper/TouchGfxMineSweeper/TouchGFX/gui/src/gamescreen1_screen/GameScreen1View.cpp:101:6:virtual void GameScreen1View::Block6_6_Clicked()	0	static
C:/Repository/TouchGfxMineSweeper/TouchGfxMineSweeper/TouchGFX/gui/src/gamescreen1_screen/GameScreen1View.cpp:102:6:virtual void GameScreen1View::Block6_7_Clicked()	0	static
C:/Repository/TouchGfxMineSweeper/TouchGfxMineSweeper/TouchGFX/gui/src/gamescreen1_screen/GameScreen1View.cpp:103:6:virtual void GameScreen1View::Block6_8_Clicked()	0	static
C:/Repository/TouchGfxMineSweeper/TouchGfxMineSweeper/TouchGFX/gui/src/gamescreen1_screen/GameScreen1View.cpp:104:6:virtual void GameScreen1View::Block6_9_Clicked()	0	static
C:/Repository/TouchGfxMineSweeper/TouchGfxMineSweeper/TouchGFX/gui/src/gamescreen1_screen/GameScreen1View.cpp:105:6:virtual void GameScreen1View::Block7_1_Clicked()	0	static
C:/Repository/TouchGfxMineSweeper/TouchGfxMineSweeper/TouchGFX/gui/src/gamescreen1_screen/GameScreen1View.cpp:106:6:virtual void GameScreen1View::Block7_2_Clicked()	0	static
C:/Repository/TouchGfxMineSweeper/TouchGfxMineSweeper/TouchGFX/gui/src/gamescreen1_screen/GameScreen1View.cpp:107:6:virtual void GameScreen1View::Block7_3_Clicked()	0	static
C:/Repository/TouchGfxMineSweeper/TouchGfxMineSweeper/TouchGFX/gui/src/gamescreen1_screen/GameScreen1View.cpp:108:6:virtual void GameScreen1View::Block7_4_Clicked()	0	static
C:/Repository/TouchGfxMineSweeper/TouchGfxMineSweeper/TouchGFX/gui/src/gamescreen1_screen/GameScreen1View.cpp:109:6:virtual void GameScreen1View::Block7_5_Clicked()	0	static
C:/Repository/TouchGfxMineSweeper/TouchGfxMineSweeper/TouchGFX/gui/src/gamescreen1_screen/GameScreen1View.cpp:110:6:virtual void GameScreen1View::Block7_6_Clicked()	0	static
C:/Repository/TouchGfxMineSweeper/TouchGfxMineSweeper/TouchGFX/gui/src/gamescreen1_screen/GameScreen1View.cpp:111:6:virtual void GameScreen1View::Block7_7_Clicked()	0	static
C:/Repository/TouchGfxMineSweeper/TouchGfxMineSweeper/TouchGFX/gui/src/gamescreen1_screen/GameScreen1View.cpp:112:6:virtual void GameScreen1View::Block7_8_Clicked()	0	static
C:/Repository/TouchGfxMineSweeper/TouchGfxMineSweeper/TouchGFX/gui/src/gamescreen1_screen/GameScreen1View.cpp:113:6:virtual void GameScreen1View::Block7_9_Clicked()	0	static
C:/Repository/TouchGfxMineSweeper/TouchGfxMineSweeper/TouchGFX/gui/src/gamescreen1_screen/GameScreen1View.cpp:4:1:GameScreen1View::GameScreen1View()	40	static
C:/Repository/TouchGfxMineSweeper/TouchGfxMineSweeper/TouchGFX/gui/src/gamescreen1_screen/GameScreen1View.cpp:114:6:virtual void GameScreen1View::Mode_Clicked()	32	static
C:/Repository/TouchGfxMineSweeper/TouchGfxMineSweeper/TouchGFX/gui/src/gamescreen1_screen/GameScreen1View.cpp:41:6:virtual void GameScreen1View::setupScreen()	0	static
