../../TouchGFX/gui/include/gui/gamescreen1_screen/GameScreen1Presenter.hpp:28:13:GameScreen1Presenter::~GameScreen1Presenter()	0	static
C:/Repository/TouchGfxMineSweeper/TouchGfxMineSweeper/TouchGFX/gui/src/gamescreen1_screen/GameScreen1Presenter.cpp:10:6:virtual void GameScreen1Presenter::activate()	0	static
../../TouchGFX/gui/include/gui/gamescreen1_screen/GameScreen1Presenter.hpp:28:13:virtual GameScreen1Presenter::~GameScreen1Presenter()	8	static
../../TouchGFX/gui/include/gui/gamescreen1_screen/GameScreen1Presenter.hpp:28:13:virtual void* GameScreen1Presenter::_ZThn4_N20GameScreen1PresenterD1Ev()	0	static
C:/Repository/TouchGfxMineSweeper/TouchGfxMineSweeper/TouchGFX/gui/src/gamescreen1_screen/GameScreen1Presenter.cpp:4:1:GameScreen1Presenter::GameScreen1Presenter(GameScreen1View&)	0	static
