C:/Repository/TouchGfxMineSweeper/TouchGfxMineSweeper/TouchGFX/gui/src/model/Model.cpp:60:6:void Model::tick()	0	static
C:/Repository/TouchGfxMineSweeper/TouchGfxMineSweeper/TouchGFX/gui/src/model/Model.cpp:65:5:int Model::getRowMax()	0	static
C:/Repository/TouchGfxMineSweeper/TouchGfxMineSweeper/TouchGFX/gui/src/model/Model.cpp:70:5:int Model::getColumnMax()	0	static
C:/Repository/TouchGfxMineSweeper/TouchGfxMineSweeper/TouchGFX/gui/src/model/Model.cpp:75:6:void Model::blockInit(int, int)	0	static
C:/Repository/TouchGfxMineSweeper/TouchGfxMineSweeper/TouchGFX/gui/src/model/Model.cpp:93:6:void Model::saveCurrentBlockMatrix()	0	static
C:/Repository/TouchGfxMineSweeper/TouchGfxMineSweeper/TouchGFX/gui/src/model/Model.cpp:98:6:bool Model::diffPresentBlock(int, int)	12	static
C:/Repository/TouchGfxMineSweeper/TouchGfxMineSweeper/TouchGFX/gui/src/model/Model.cpp:114:14:Model::Block Model::getBlock(int, int)	8	static
C:/Repository/TouchGfxMineSweeper/TouchGfxMineSweeper/TouchGFX/gui/src/model/Model.cpp:122:14:Model::Block Model::getPreBlock(int, int)	8	static
C:/Repository/TouchGfxMineSweeper/TouchGfxMineSweeper/TouchGFX/gui/src/model/Model.cpp:131:6:bool Model::hasBomb(int, int)	0	static
C:/Repository/TouchGfxMineSweeper/TouchGfxMineSweeper/TouchGFX/gui/src/model/Model.cpp:145:6:void Model::setNumber(int, int, int)	0	static
C:/Repository/TouchGfxMineSweeper/TouchGfxMineSweeper/TouchGFX/gui/src/model/Model.cpp:154:6:bool Model::openBlock(int, int)	0	static
C:\ST\STM32CubeIDE_1.15.1\STM32CubeIDE\plugins\com.st.stm32cube.ide.mcu.externaltools.gnu-tools-for-stm32.12.3.rel1.win32_1.0.100.202403111256\tools\bin/../lib/gcc/arm-none-eabi/12.3.1/../../../../arm-none-eabi/include/c++/12.3.1/bits/random.tcc:397:5:void std::mersenne_twister_engine<_UIntType, __w, __n, __m, __r, __a, __u, __d, __s, __b, __t, __c, __l, __f>::_M_gen_rand() [with _UIntType = unsigned int; unsigned int __w = 32; unsigned int __n = 624; unsigned int __m = 397; unsigned int __r = 31; _UIntType __a = 2567483615; unsigned int __u = 11; _UIntType __d = 4294967295; unsigned int __s = 7; _UIntType __b = 2636928640; unsigned int __t = 15; _UIntType __c = 4022730752; unsigned int __l = 18; _UIntType __f = 1812433253]	12	static
C:\ST\STM32CubeIDE_1.15.1\STM32CubeIDE\plugins\com.st.stm32cube.ide.mcu.externaltools.gnu-tools-for-stm32.12.3.rel1.win32_1.0.100.202403111256\tools\bin/../lib/gcc/arm-none-eabi/12.3.1/../../../../arm-none-eabi/include/c++/12.3.1/bits/random.tcc:453:5:std::mersenne_twister_engine<_UIntType, __w, __n, __m, __r, __a, __u, __d, __s, __b, __t, __c, __l, __f>::result_type std::mersenne_twister_engine<_UIntType, __w, __n, __m, __r, __a, __u, __d, __s, __b, __t, __c, __l, __f>::operator()() [with _UIntType = unsigned int; unsigned int __w = 32; unsigned int __n = 624; unsigned int __m = 397; unsigned int __r = 31; _UIntType __a = 2567483615; unsigned int __u = 11; _UIntType __d = 4294967295; unsigned int __s = 7; _UIntType __b = 2636928640; unsigned int __t = 15; _UIntType __c = 4022730752; unsigned int __l = 18; _UIntType __f = 1812433253]	8	static
C:/Repository/TouchGfxMineSweeper/TouchGfxMineSweeper/TouchGFX/gui/src/model/Model.cpp:10:1:Model::Model()	2544	static
C:/Repository/TouchGfxMineSweeper/TouchGfxMineSweeper/TouchGFX/gui/src/model/Model.cpp:165:1:cpp)	0	static
C:/Repository/TouchGfxMineSweeper/TouchGfxMineSweeper/TouchGFX/gui/src/model/Model.cpp:165:1:cpp)	0	static
