C:/Repository/TouchGfxMineSweeper/TouchGfxMineSweeper/TouchGFX/gui/src/model/Model.cpp:18:6:void Model::tick()	0	static
C:/Repository/TouchGfxMineSweeper/TouchGfxMineSweeper/TouchGFX/gui/src/model/Model.cpp:23:5:int Model::getRowMax()	0	static
C:/Repository/TouchGfxMineSweeper/TouchGfxMineSweeper/TouchGFX/gui/src/model/Model.cpp:28:5:int Model::getColumnMax()	0	static
C:/Repository/TouchGfxMineSweeper/TouchGfxMineSweeper/TouchGFX/gui/src/model/Model.cpp:33:6:void Model::blockInit(int, int)	0	static
C:/Repository/TouchGfxMineSweeper/TouchGfxMineSweeper/TouchGFX/gui/src/model/Model.cpp:51:6:void Model::gameReset()	16	static
C:/Repository/TouchGfxMineSweeper/TouchGfxMineSweeper/TouchGFX/gui/src/model/Model.cpp:13:1:Model::Model()	8	static
C:/Repository/TouchGfxMineSweeper/TouchGfxMineSweeper/TouchGFX/gui/src/model/Model.cpp:64:5:int Model::getFlagNumber()	8	static
C:/Repository/TouchGfxMineSweeper/TouchGfxMineSweeper/TouchGFX/gui/src/model/Model.cpp:77:6:void Model::saveCurrentBlockMatrix()	0	static
C:/Repository/TouchGfxMineSweeper/TouchGfxMineSweeper/TouchGFX/gui/src/model/Model.cpp:82:6:bool Model::diffPresentBlock(int, int)	16	static
C:/Repository/TouchGfxMineSweeper/TouchGfxMineSweeper/TouchGFX/gui/src/model/Model.cpp:98:14:Model::Block Model::getBlock(int, int)	8	static
C:/Repository/TouchGfxMineSweeper/TouchGfxMineSweeper/TouchGFX/gui/src/model/Model.cpp:106:14:Model::Block Model::getPreBlock(int, int)	8	static
C:/Repository/TouchGfxMineSweeper/TouchGfxMineSweeper/TouchGFX/gui/src/model/Model.cpp:115:6:bool Model::hasBomb(int, int)	0	static
C:/Repository/TouchGfxMineSweeper/TouchGfxMineSweeper/TouchGFX/gui/src/model/Model.cpp:129:6:void Model::setNumber(int, int, int)	0	static
C:/Repository/TouchGfxMineSweeper/TouchGfxMineSweeper/TouchGFX/gui/src/model/Model.cpp:150:6:bool Model::openBlock(int, int)	16	static
C:/Repository/TouchGfxMineSweeper/TouchGfxMineSweeper/TouchGFX/gui/src/model/Model.cpp:137:6:void Model::openAdjacentBlocks(int, int)	56	static
C:/Repository/TouchGfxMineSweeper/TouchGfxMineSweeper/TouchGFX/gui/src/model/Model.cpp:197:6:bool Model::toggleFlag(int, int)	0	static
C:/Repository/TouchGfxMineSweeper/TouchGfxMineSweeper/TouchGFX/gui/src/model/Model.cpp:242:6:void Model::setNumbers()	40	static
C:\ST\STM32CubeIDE_1.15.1\STM32CubeIDE\plugins\com.st.stm32cube.ide.mcu.externaltools.gnu-tools-for-stm32.12.3.rel1.win32_1.0.100.202403111256\tools\bin/../lib/gcc/arm-none-eabi/12.3.1/../../../../arm-none-eabi/include/c++/12.3.1/bits/random.tcc:397:5:void std::mersenne_twister_engine<_UIntType, __w, __n, __m, __r, __a, __u, __d, __s, __b, __t, __c, __l, __f>::_M_gen_rand() [with _UIntType = unsigned int; unsigned int __w = 32; unsigned int __n = 624; unsigned int __m = 397; unsigned int __r = 31; _UIntType __a = 2567483615; unsigned int __u = 11; _UIntType __d = 4294967295; unsigned int __s = 7; _UIntType __b = 2636928640; unsigned int __t = 15; _UIntType __c = 4022730752; unsigned int __l = 18; _UIntType __f = 1812433253]	12	static
C:\ST\STM32CubeIDE_1.15.1\STM32CubeIDE\plugins\com.st.stm32cube.ide.mcu.externaltools.gnu-tools-for-stm32.12.3.rel1.win32_1.0.100.202403111256\tools\bin/../lib/gcc/arm-none-eabi/12.3.1/../../../../arm-none-eabi/include/c++/12.3.1/bits/random.tcc:453:5:std::mersenne_twister_engine<_UIntType, __w, __n, __m, __r, __a, __u, __d, __s, __b, __t, __c, __l, __f>::result_type std::mersenne_twister_engine<_UIntType, __w, __n, __m, __r, __a, __u, __d, __s, __b, __t, __c, __l, __f>::operator()() [with _UIntType = unsigned int; unsigned int __w = 32; unsigned int __n = 624; unsigned int __m = 397; unsigned int __r = 31; _UIntType __a = 2567483615; unsigned int __u = 11; _UIntType __d = 4294967295; unsigned int __s = 7; _UIntType __b = 2636928640; unsigned int __t = 15; _UIntType __c = 4022730752; unsigned int __l = 18; _UIntType __f = 1812433253]	8	static
C:\ST\STM32CubeIDE_1.15.1\STM32CubeIDE\plugins\com.st.stm32cube.ide.mcu.externaltools.gnu-tools-for-stm32.12.3.rel1.win32_1.0.100.202403111256\tools\arm-none-eabi\include\c++\12.3.1\bits\uniform_int_dist.h:276:7:std::uniform_int_distribution<_IntType>::result_type std::uniform_int_distribution<_IntType>::operator()(_UniformRandomBitGenerator&, const param_type&) [with _UniformRandomBitGenerator = std::mersenne_twister_engine<unsigned int, 32, 624, 397, 31, 2567483615, 11, 4294967295, 7, 2636928640, 15, 4022730752, 18, 1812433253>; _IntType = unsigned int]	24	static
C:\ST\STM32CubeIDE_1.15.1\STM32CubeIDE\plugins\com.st.stm32cube.ide.mcu.externaltools.gnu-tools-for-stm32.12.3.rel1.win32_1.0.100.202403111256\tools\bin/../lib/gcc/arm-none-eabi/12.3.1/../../../../arm-none-eabi/include/c++/12.3.1/bits/stl_algo.h:3696:5:void std::shuffle(_RAIter, _RAIter, _UGenerator&&) [with _RAIter = __gnu_cxx::__normal_iterator<int*, vector<int> >; _UGenerator = mersenne_twister_engine<unsigned int, 32, 624, 397, 31, 2567483615, 11, 4294967295, 7, 2636928640, 15, 4022730752, 18, 1812433253>&]	40	static
C:/Repository/TouchGfxMineSweeper/TouchGfxMineSweeper/TouchGFX/gui/src/model/Model.cpp:209:6:void Model::setBombsWithout(int, int)	5040	static
C:/Repository/TouchGfxMineSweeper/TouchGfxMineSweeper/TouchGFX/gui/src/model/Model.cpp:261:1:cpp)	0	static
C:/Repository/TouchGfxMineSweeper/TouchGfxMineSweeper/TouchGFX/gui/src/model/Model.cpp:261:1:cpp)	0	static
