10:05:11 **** Incremental Build of configuration Debug for project STM32U5G9J-DK2 ****
make -j4 all 
arm-none-eabi-g++ "C:/Repository/TouchGfxMineSweeper/TouchGfxMineSweeper/TouchGFX/gui/src/gamescreen1_screen/GameScreen1View.cpp" -mcpu=cortex-m33 -std=gnu++14 -g3 -DDEBUG -DUSE_HAL_DRIVER -DSTM32U5G9xx -c -I../../Core/Inc -I../../TouchGFX/App -I../../TouchGFX/target/generated -I../../TouchGFX/target -I../../Drivers/STM32U5xx_HAL_Driver/Inc -I../../Drivers/STM32U5xx_HAL_Driver/Inc/Legacy -I../../Drivers/CMSIS/Device/ST/STM32U5xx/Include -I../../Drivers/CMSIS/Include -I../../Middlewares/Third_Party/FreeRTOS/Source/include/ -I../../Middlewares/Third_Party/FreeRTOS/Source/portable/GCC/ARM_CM33_NTZ/non_secure/ -I../../Middlewares/Third_Party/FreeRTOS/Source/CMSIS_RTOS_V2/ -I../../Middlewares/Third_Party/CMSIS/RTOS2/Include/ -I../../Drivers/BSP/STM32U5G9J-DK2 -I../../Drivers/BSP -I../../Middlewares/ST/touchgfx/framework/include -I../../TouchGFX/generated/fonts/include -I../../TouchGFX/generated/gui_generated/include -I../../TouchGFX/generated/images/include -I../../TouchGFX/generated/texts/include -I../../TouchGFX/generated/videos/include -I../../TouchGFX/gui/include -I../../Middlewares/ST/touchgfx_components/gpu2d/NemaGFX/include -I../../Middlewares/ST/touchgfx_components/gpu2d/TouchGFXNema/include -Os -ffunction-sections -fdata-sections -fno-exceptions -fno-rtti -fno-use-cxa-atexit -Wall -femit-class-debug-always -fstack-usage -fcyclomatic-complexity -MMD -MP -MF"Application/User/gui/GameScreen1View.d" -MT"Application/User/gui/GameScreen1View.o" --specs=nano.specs -mfpu=fpv5-sp-d16 -mfloat-abi=hard -mthumb -o "Application/User/gui/GameScreen1View.o"
arm-none-eabi-g++ "C:/Repository/TouchGfxMineSweeper/TouchGfxMineSweeper/TouchGFX/gui/src/screen1_screen/Screen1Presenter.cpp" -mcpu=cortex-m33 -std=gnu++14 -g3 -DDEBUG -DUSE_HAL_DRIVER -DSTM32U5G9xx -c -I../../Core/Inc -I../../TouchGFX/App -I../../TouchGFX/target/generated -I../../TouchGFX/target -I../../Drivers/STM32U5xx_HAL_Driver/Inc -I../../Drivers/STM32U5xx_HAL_Driver/Inc/Legacy -I../../Drivers/CMSIS/Device/ST/STM32U5xx/Include -I../../Drivers/CMSIS/Include -I../../Middlewares/Third_Party/FreeRTOS/Source/include/ -I../../Middlewares/Third_Party/FreeRTOS/Source/portable/GCC/ARM_CM33_NTZ/non_secure/ -I../../Middlewares/Third_Party/FreeRTOS/Source/CMSIS_RTOS_V2/ -I../../Middlewares/Third_Party/CMSIS/RTOS2/Include/ -I../../Drivers/BSP/STM32U5G9J-DK2 -I../../Drivers/BSP -I../../Middlewares/ST/touchgfx/framework/include -I../../TouchGFX/generated/fonts/include -I../../TouchGFX/generated/gui_generated/include -I../../TouchGFX/generated/images/include -I../../TouchGFX/generated/texts/include -I../../TouchGFX/generated/videos/include -I../../TouchGFX/gui/include -I../../Middlewares/ST/touchgfx_components/gpu2d/NemaGFX/include -I../../Middlewares/ST/touchgfx_components/gpu2d/TouchGFXNema/include -Os -ffunction-sections -fdata-sections -fno-exceptions -fno-rtti -fno-use-cxa-atexit -Wall -femit-class-debug-always -fstack-usage -fcyclomatic-complexity -MMD -MP -MF"Application/User/gui/Screen1Presenter.d" -MT"Application/User/gui/Screen1Presenter.o" --specs=nano.specs -mfpu=fpv5-sp-d16 -mfloat-abi=hard -mthumb -o "Application/User/gui/Screen1Presenter.o"
arm-none-eabi-g++ "C:/Repository/TouchGfxMineSweeper/TouchGfxMineSweeper/TouchGFX/gui/src/screen1_screen/Screen1View.cpp" -mcpu=cortex-m33 -std=gnu++14 -g3 -DDEBUG -DUSE_HAL_DRIVER -DSTM32U5G9xx -c -I../../Core/Inc -I../../TouchGFX/App -I../../TouchGFX/target/generated -I../../TouchGFX/target -I../../Drivers/STM32U5xx_HAL_Driver/Inc -I../../Drivers/STM32U5xx_HAL_Driver/Inc/Legacy -I../../Drivers/CMSIS/Device/ST/STM32U5xx/Include -I../../Drivers/CMSIS/Include -I../../Middlewares/Third_Party/FreeRTOS/Source/include/ -I../../Middlewares/Third_Party/FreeRTOS/Source/portable/GCC/ARM_CM33_NTZ/non_secure/ -I../../Middlewares/Third_Party/FreeRTOS/Source/CMSIS_RTOS_V2/ -I../../Middlewares/Third_Party/CMSIS/RTOS2/Include/ -I../../Drivers/BSP/STM32U5G9J-DK2 -I../../Drivers/BSP -I../../Middlewares/ST/touchgfx/framework/include -I../../TouchGFX/generated/fonts/include -I../../TouchGFX/generated/gui_generated/include -I../../TouchGFX/generated/images/include -I../../TouchGFX/generated/texts/include -I../../TouchGFX/generated/videos/include -I../../TouchGFX/gui/include -I../../Middlewares/ST/touchgfx_components/gpu2d/NemaGFX/include -I../../Middlewares/ST/touchgfx_components/gpu2d/TouchGFXNema/include -Os -ffunction-sections -fdata-sections -fno-exceptions -fno-rtti -fno-use-cxa-atexit -Wall -femit-class-debug-always -fstack-usage -fcyclomatic-complexity -MMD -MP -MF"Application/User/gui/Screen1View.d" -MT"Application/User/gui/Screen1View.o" --specs=nano.specs -mfpu=fpv5-sp-d16 -mfloat-abi=hard -mthumb -o "Application/User/gui/Screen1View.o"
arm-none-eabi-g++ "C:/Repository/TouchGfxMineSweeper/TouchGfxMineSweeper/TouchGFX/generated/fonts/src/ApplicationFontProvider.cpp" -mcpu=cortex-m33 -std=gnu++14 -g3 -DDEBUG -DUSE_HAL_DRIVER -DSTM32U5G9xx -c -I../../Core/Inc -I../../TouchGFX/App -I../../TouchGFX/target/generated -I../../TouchGFX/target -I../../Drivers/STM32U5xx_HAL_Driver/Inc -I../../Drivers/STM32U5xx_HAL_Driver/Inc/Legacy -I../../Drivers/CMSIS/Device/ST/STM32U5xx/Include -I../../Drivers/CMSIS/Include -I../../Middlewares/Third_Party/FreeRTOS/Source/include/ -I../../Middlewares/Third_Party/FreeRTOS/Source/portable/GCC/ARM_CM33_NTZ/non_secure/ -I../../Middlewares/Third_Party/FreeRTOS/Source/CMSIS_RTOS_V2/ -I../../Middlewares/Third_Party/CMSIS/RTOS2/Include/ -I../../Drivers/BSP/STM32U5G9J-DK2 -I../../Drivers/BSP -I../../Middlewares/ST/touchgfx/framework/include -I../../TouchGFX/generated/fonts/include -I../../TouchGFX/generated/gui_generated/include -I../../TouchGFX/generated/images/include -I../../TouchGFX/generated/texts/include -I../../TouchGFX/generated/videos/include -I../../TouchGFX/gui/include -I../../Middlewares/ST/touchgfx_components/gpu2d/NemaGFX/include -I../../Middlewares/ST/touchgfx_components/gpu2d/TouchGFXNema/include -Os -ffunction-sections -fdata-sections -fno-exceptions -fno-rtti -fno-use-cxa-atexit -Wall -femit-class-debug-always -fstack-usage -fcyclomatic-complexity -MMD -MP -MF"Application/User/generated/ApplicationFontProvider.d" -MT"Application/User/generated/ApplicationFontProvider.o" --specs=nano.specs -mfpu=fpv5-sp-d16 -mfloat-abi=hard -mthumb -o "Application/User/generated/ApplicationFontProvider.o"
arm-none-eabi-g++ "C:/Repository/TouchGfxMineSweeper/TouchGfxMineSweeper/TouchGFX/generated/images/src/BitmapDatabase.cpp" -mcpu=cortex-m33 -std=gnu++14 -g3 -DDEBUG -DUSE_HAL_DRIVER -DSTM32U5G9xx -c -I../../Core/Inc -I../../TouchGFX/App -I../../TouchGFX/target/generated -I../../TouchGFX/target -I../../Drivers/STM32U5xx_HAL_Driver/Inc -I../../Drivers/STM32U5xx_HAL_Driver/Inc/Legacy -I../../Drivers/CMSIS/Device/ST/STM32U5xx/Include -I../../Drivers/CMSIS/Include -I../../Middlewares/Third_Party/FreeRTOS/Source/include/ -I../../Middlewares/Third_Party/FreeRTOS/Source/portable/GCC/ARM_CM33_NTZ/non_secure/ -I../../Middlewares/Third_Party/FreeRTOS/Source/CMSIS_RTOS_V2/ -I../../Middlewares/Third_Party/CMSIS/RTOS2/Include/ -I../../Drivers/BSP/STM32U5G9J-DK2 -I../../Drivers/BSP -I../../Middlewares/ST/touchgfx/framework/include -I../../TouchGFX/generated/fonts/include -I../../TouchGFX/generated/gui_generated/include -I../../TouchGFX/generated/images/include -I../../TouchGFX/generated/texts/include -I../../TouchGFX/generated/videos/include -I../../TouchGFX/gui/include -I../../Middlewares/ST/touchgfx_components/gpu2d/NemaGFX/include -I../../Middlewares/ST/touchgfx_components/gpu2d/TouchGFXNema/include -Os -ffunction-sections -fdata-sections -fno-exceptions -fno-rtti -fno-use-cxa-atexit -Wall -femit-class-debug-always -fstack-usage -fcyclomatic-complexity -MMD -MP -MF"Application/User/generated/BitmapDatabase.d" -MT"Application/User/generated/BitmapDatabase.o" --specs=nano.specs -mfpu=fpv5-sp-d16 -mfloat-abi=hard -mthumb -o "Application/User/generated/BitmapDatabase.o"
arm-none-eabi-g++ "C:/Repository/TouchGfxMineSweeper/TouchGfxMineSweeper/TouchGFX/generated/fonts/src/CachedFont.cpp" -mcpu=cortex-m33 -std=gnu++14 -g3 -DDEBUG -DUSE_HAL_DRIVER -DSTM32U5G9xx -c -I../../Core/Inc -I../../TouchGFX/App -I../../TouchGFX/target/generated -I../../TouchGFX/target -I../../Drivers/STM32U5xx_HAL_Driver/Inc -I../../Drivers/STM32U5xx_HAL_Driver/Inc/Legacy -I../../Drivers/CMSIS/Device/ST/STM32U5xx/Include -I../../Drivers/CMSIS/Include -I../../Middlewares/Third_Party/FreeRTOS/Source/include/ -I../../Middlewares/Third_Party/FreeRTOS/Source/portable/GCC/ARM_CM33_NTZ/non_secure/ -I../../Middlewares/Third_Party/FreeRTOS/Source/CMSIS_RTOS_V2/ -I../../Middlewares/Third_Party/CMSIS/RTOS2/Include/ -I../../Drivers/BSP/STM32U5G9J-DK2 -I../../Drivers/BSP -I../../Middlewares/ST/touchgfx/framework/include -I../../TouchGFX/generated/fonts/include -I../../TouchGFX/generated/gui_generated/include -I../../TouchGFX/generated/images/include -I../../TouchGFX/generated/texts/include -I../../TouchGFX/generated/videos/include -I../../TouchGFX/gui/include -I../../Middlewares/ST/touchgfx_components/gpu2d/NemaGFX/include -I../../Middlewares/ST/touchgfx_components/gpu2d/TouchGFXNema/include -Os -ffunction-sections -fdata-sections -fno-exceptions -fno-rtti -fno-use-cxa-atexit -Wall -femit-class-debug-always -fstack-usage -fcyclomatic-complexity -MMD -MP -MF"Application/User/generated/CachedFont.d" -MT"Application/User/generated/CachedFont.o" --specs=nano.specs -mfpu=fpv5-sp-d16 -mfloat-abi=hard -mthumb -o "Application/User/generated/CachedFont.o"
arm-none-eabi-g++ "C:/Repository/TouchGfxMineSweeper/TouchGfxMineSweeper/TouchGFX/generated/fonts/src/FontCache.cpp" -mcpu=cortex-m33 -std=gnu++14 -g3 -DDEBUG -DUSE_HAL_DRIVER -DSTM32U5G9xx -c -I../../Core/Inc -I../../TouchGFX/App -I../../TouchGFX/target/generated -I../../TouchGFX/target -I../../Drivers/STM32U5xx_HAL_Driver/Inc -I../../Drivers/STM32U5xx_HAL_Driver/Inc/Legacy -I../../Drivers/CMSIS/Device/ST/STM32U5xx/Include -I../../Drivers/CMSIS/Include -I../../Middlewares/Third_Party/FreeRTOS/Source/include/ -I../../Middlewares/Third_Party/FreeRTOS/Source/portable/GCC/ARM_CM33_NTZ/non_secure/ -I../../Middlewares/Third_Party/FreeRTOS/Source/CMSIS_RTOS_V2/ -I../../Middlewares/Third_Party/CMSIS/RTOS2/Include/ -I../../Drivers/BSP/STM32U5G9J-DK2 -I../../Drivers/BSP -I../../Middlewares/ST/touchgfx/framework/include -I../../TouchGFX/generated/fonts/include -I../../TouchGFX/generated/gui_generated/include -I../../TouchGFX/generated/images/include -I../../TouchGFX/generated/texts/include -I../../TouchGFX/generated/videos/include -I../../TouchGFX/gui/include -I../../Middlewares/ST/touchgfx_components/gpu2d/NemaGFX/include -I../../Middlewares/ST/touchgfx_components/gpu2d/TouchGFXNema/include -Os -ffunction-sections -fdata-sections -fno-exceptions -fno-rtti -fno-use-cxa-atexit -Wall -femit-class-debug-always -fstack-usage -fcyclomatic-complexity -MMD -MP -MF"Application/User/generated/FontCache.d" -MT"Application/User/generated/FontCache.o" --specs=nano.specs -mfpu=fpv5-sp-d16 -mfloat-abi=hard -mthumb -o "Application/User/generated/FontCache.o"
arm-none-eabi-g++ "C:/Repository/TouchGfxMineSweeper/TouchGfxMineSweeper/TouchGFX/generated/fonts/src/Font_verdana_10_4bpp_0.cpp" -mcpu=cortex-m33 -std=gnu++14 -g3 -DDEBUG -DUSE_HAL_DRIVER -DSTM32U5G9xx -c -I../../Core/Inc -I../../TouchGFX/App -I../../TouchGFX/target/generated -I../../TouchGFX/target -I../../Drivers/STM32U5xx_HAL_Driver/Inc -I../../Drivers/STM32U5xx_HAL_Driver/Inc/Legacy -I../../Drivers/CMSIS/Device/ST/STM32U5xx/Include -I../../Drivers/CMSIS/Include -I../../Middlewares/Third_Party/FreeRTOS/Source/include/ -I../../Middlewares/Third_Party/FreeRTOS/Source/portable/GCC/ARM_CM33_NTZ/non_secure/ -I../../Middlewares/Third_Party/FreeRTOS/Source/CMSIS_RTOS_V2/ -I../../Middlewares/Third_Party/CMSIS/RTOS2/Include/ -I../../Drivers/BSP/STM32U5G9J-DK2 -I../../Drivers/BSP -I../../Middlewares/ST/touchgfx/framework/include -I../../TouchGFX/generated/fonts/include -I../../TouchGFX/generated/gui_generated/include -I../../TouchGFX/generated/images/include -I../../TouchGFX/generated/texts/include -I../../TouchGFX/generated/videos/include -I../../TouchGFX/gui/include -I../../Middlewares/ST/touchgfx_components/gpu2d/NemaGFX/include -I../../Middlewares/ST/touchgfx_components/gpu2d/TouchGFXNema/include -Os -ffunction-sections -fdata-sections -fno-exceptions -fno-rtti -fno-use-cxa-atexit -Wall -femit-class-debug-always -fstack-usage -fcyclomatic-complexity -MMD -MP -MF"Application/User/generated/Font_verdana_10_4bpp_0.d" -MT"Application/User/generated/Font_verdana_10_4bpp_0.o" --specs=nano.specs -mfpu=fpv5-sp-d16 -mfloat-abi=hard -mthumb -o "Application/User/generated/Font_verdana_10_4bpp_0.o"
arm-none-eabi-g++ "C:/Repository/TouchGfxMineSweeper/TouchGfxMineSweeper/TouchGFX/generated/fonts/src/Font_verdana_20_4bpp_0.cpp" -mcpu=cortex-m33 -std=gnu++14 -g3 -DDEBUG -DUSE_HAL_DRIVER -DSTM32U5G9xx -c -I../../Core/Inc -I../../TouchGFX/App -I../../TouchGFX/target/generated -I../../TouchGFX/target -I../../Drivers/STM32U5xx_HAL_Driver/Inc -I../../Drivers/STM32U5xx_HAL_Driver/Inc/Legacy -I../../Drivers/CMSIS/Device/ST/STM32U5xx/Include -I../../Drivers/CMSIS/Include -I../../Middlewares/Third_Party/FreeRTOS/Source/include/ -I../../Middlewares/Third_Party/FreeRTOS/Source/portable/GCC/ARM_CM33_NTZ/non_secure/ -I../../Middlewares/Third_Party/FreeRTOS/Source/CMSIS_RTOS_V2/ -I../../Middlewares/Third_Party/CMSIS/RTOS2/Include/ -I../../Drivers/BSP/STM32U5G9J-DK2 -I../../Drivers/BSP -I../../Middlewares/ST/touchgfx/framework/include -I../../TouchGFX/generated/fonts/include -I../../TouchGFX/generated/gui_generated/include -I../../TouchGFX/generated/images/include -I../../TouchGFX/generated/texts/include -I../../TouchGFX/generated/videos/include -I../../TouchGFX/gui/include -I../../Middlewares/ST/touchgfx_components/gpu2d/NemaGFX/include -I../../Middlewares/ST/touchgfx_components/gpu2d/TouchGFXNema/include -Os -ffunction-sections -fdata-sections -fno-exceptions -fno-rtti -fno-use-cxa-atexit -Wall -femit-class-debug-always -fstack-usage -fcyclomatic-complexity -MMD -MP -MF"Application/User/generated/Font_verdana_20_4bpp_0.d" -MT"Application/User/generated/Font_verdana_20_4bpp_0.o" --specs=nano.specs -mfpu=fpv5-sp-d16 -mfloat-abi=hard -mthumb -o "Application/User/generated/Font_verdana_20_4bpp_0.o"
arm-none-eabi-g++ "C:/Repository/TouchGfxMineSweeper/TouchGfxMineSweeper/TouchGFX/generated/fonts/src/Font_verdana_40_4bpp_0.cpp" -mcpu=cortex-m33 -std=gnu++14 -g3 -DDEBUG -DUSE_HAL_DRIVER -DSTM32U5G9xx -c -I../../Core/Inc -I../../TouchGFX/App -I../../TouchGFX/target/generated -I../../TouchGFX/target -I../../Drivers/STM32U5xx_HAL_Driver/Inc -I../../Drivers/STM32U5xx_HAL_Driver/Inc/Legacy -I../../Drivers/CMSIS/Device/ST/STM32U5xx/Include -I../../Drivers/CMSIS/Include -I../../Middlewares/Third_Party/FreeRTOS/Source/include/ -I../../Middlewares/Third_Party/FreeRTOS/Source/portable/GCC/ARM_CM33_NTZ/non_secure/ -I../../Middlewares/Third_Party/FreeRTOS/Source/CMSIS_RTOS_V2/ -I../../Middlewares/Third_Party/CMSIS/RTOS2/Include/ -I../../Drivers/BSP/STM32U5G9J-DK2 -I../../Drivers/BSP -I../../Middlewares/ST/touchgfx/framework/include -I../../TouchGFX/generated/fonts/include -I../../TouchGFX/generated/gui_generated/include -I../../TouchGFX/generated/images/include -I../../TouchGFX/generated/texts/include -I../../TouchGFX/generated/videos/include -I../../TouchGFX/gui/include -I../../Middlewares/ST/touchgfx_components/gpu2d/NemaGFX/include -I../../Middlewares/ST/touchgfx_components/gpu2d/TouchGFXNema/include -Os -ffunction-sections -fdata-sections -fno-exceptions -fno-rtti -fno-use-cxa-atexit -Wall -femit-class-debug-always -fstack-usage -fcyclomatic-complexity -MMD -MP -MF"Application/User/generated/Font_verdana_40_4bpp_0.d" -MT"Application/User/generated/Font_verdana_40_4bpp_0.o" --specs=nano.specs -mfpu=fpv5-sp-d16 -mfloat-abi=hard -mthumb -o "Application/User/generated/Font_verdana_40_4bpp_0.o"
arm-none-eabi-g++ "C:/Repository/TouchGfxMineSweeper/TouchGfxMineSweeper/TouchGFX/generated/gui_generated/src/common/FrontendApplicationBase.cpp" -mcpu=cortex-m33 -std=gnu++14 -g3 -DDEBUG -DUSE_HAL_DRIVER -DSTM32U5G9xx -c -I../../Core/Inc -I../../TouchGFX/App -I../../TouchGFX/target/generated -I../../TouchGFX/target -I../../Drivers/STM32U5xx_HAL_Driver/Inc -I../../Drivers/STM32U5xx_HAL_Driver/Inc/Legacy -I../../Drivers/CMSIS/Device/ST/STM32U5xx/Include -I../../Drivers/CMSIS/Include -I../../Middlewares/Third_Party/FreeRTOS/Source/include/ -I../../Middlewares/Third_Party/FreeRTOS/Source/portable/GCC/ARM_CM33_NTZ/non_secure/ -I../../Middlewares/Third_Party/FreeRTOS/Source/CMSIS_RTOS_V2/ -I../../Middlewares/Third_Party/CMSIS/RTOS2/Include/ -I../../Drivers/BSP/STM32U5G9J-DK2 -I../../Drivers/BSP -I../../Middlewares/ST/touchgfx/framework/include -I../../TouchGFX/generated/fonts/include -I../../TouchGFX/generated/gui_generated/include -I../../TouchGFX/generated/images/include -I../../TouchGFX/generated/texts/include -I../../TouchGFX/generated/videos/include -I../../TouchGFX/gui/include -I../../Middlewares/ST/touchgfx_components/gpu2d/NemaGFX/include -I../../Middlewares/ST/touchgfx_components/gpu2d/TouchGFXNema/include -Os -ffunction-sections -fdata-sections -fno-exceptions -fno-rtti -fno-use-cxa-atexit -Wall -femit-class-debug-always -fstack-usage -fcyclomatic-complexity -MMD -MP -MF"Application/User/generated/FrontendApplicationBase.d" -MT"Application/User/generated/FrontendApplicationBase.o" --specs=nano.specs -mfpu=fpv5-sp-d16 -mfloat-abi=hard -mthumb -o "Application/User/generated/FrontendApplicationBase.o"
arm-none-eabi-g++ "C:/Repository/TouchGfxMineSweeper/TouchGfxMineSweeper/TouchGFX/generated/gui_generated/src/gamescreen1_screen/GameScreen1ViewBase.cpp" -mcpu=cortex-m33 -std=gnu++14 -g3 -DDEBUG -DUSE_HAL_DRIVER -DSTM32U5G9xx -c -I../../Core/Inc -I../../TouchGFX/App -I../../TouchGFX/target/generated -I../../TouchGFX/target -I../../Drivers/STM32U5xx_HAL_Driver/Inc -I../../Drivers/STM32U5xx_HAL_Driver/Inc/Legacy -I../../Drivers/CMSIS/Device/ST/STM32U5xx/Include -I../../Drivers/CMSIS/Include -I../../Middlewares/Third_Party/FreeRTOS/Source/include/ -I../../Middlewares/Third_Party/FreeRTOS/Source/portable/GCC/ARM_CM33_NTZ/non_secure/ -I../../Middlewares/Third_Party/FreeRTOS/Source/CMSIS_RTOS_V2/ -I../../Middlewares/Third_Party/CMSIS/RTOS2/Include/ -I../../Drivers/BSP/STM32U5G9J-DK2 -I../../Drivers/BSP -I../../Middlewares/ST/touchgfx/framework/include -I../../TouchGFX/generated/fonts/include -I../../TouchGFX/generated/gui_generated/include -I../../TouchGFX/generated/images/include -I../../TouchGFX/generated/texts/include -I../../TouchGFX/generated/videos/include -I../../TouchGFX/gui/include -I../../Middlewares/ST/touchgfx_components/gpu2d/NemaGFX/include -I../../Middlewares/ST/touchgfx_components/gpu2d/TouchGFXNema/include -Os -ffunction-sections -fdata-sections -fno-exceptions -fno-rtti -fno-use-cxa-atexit -Wall -femit-class-debug-always -fstack-usage -fcyclomatic-complexity -MMD -MP -MF"Application/User/generated/GameScreen1ViewBase.d" -MT"Application/User/generated/GameScreen1ViewBase.o" --specs=nano.specs -mfpu=fpv5-sp-d16 -mfloat-abi=hard -mthumb -o "Application/User/generated/GameScreen1ViewBase.o"
arm-none-eabi-g++ "C:/Repository/TouchGfxMineSweeper/TouchGfxMineSweeper/TouchGFX/generated/fonts/src/GeneratedFont.cpp" -mcpu=cortex-m33 -std=gnu++14 -g3 -DDEBUG -DUSE_HAL_DRIVER -DSTM32U5G9xx -c -I../../Core/Inc -I../../TouchGFX/App -I../../TouchGFX/target/generated -I../../TouchGFX/target -I../../Drivers/STM32U5xx_HAL_Driver/Inc -I../../Drivers/STM32U5xx_HAL_Driver/Inc/Legacy -I../../Drivers/CMSIS/Device/ST/STM32U5xx/Include -I../../Drivers/CMSIS/Include -I../../Middlewares/Third_Party/FreeRTOS/Source/include/ -I../../Middlewares/Third_Party/FreeRTOS/Source/portable/GCC/ARM_CM33_NTZ/non_secure/ -I../../Middlewares/Third_Party/FreeRTOS/Source/CMSIS_RTOS_V2/ -I../../Middlewares/Third_Party/CMSIS/RTOS2/Include/ -I../../Drivers/BSP/STM32U5G9J-DK2 -I../../Drivers/BSP -I../../Middlewares/ST/touchgfx/framework/include -I../../TouchGFX/generated/fonts/include -I../../TouchGFX/generated/gui_generated/include -I../../TouchGFX/generated/images/include -I../../TouchGFX/generated/texts/include -I../../TouchGFX/generated/videos/include -I../../TouchGFX/gui/include -I../../Middlewares/ST/touchgfx_components/gpu2d/NemaGFX/include -I../../Middlewares/ST/touchgfx_components/gpu2d/TouchGFXNema/include -Os -ffunction-sections -fdata-sections -fno-exceptions -fno-rtti -fno-use-cxa-atexit -Wall -femit-class-debug-always -fstack-usage -fcyclomatic-complexity -MMD -MP -MF"Application/User/generated/GeneratedFont.d" -MT"Application/User/generated/GeneratedFont.o" --specs=nano.specs -mfpu=fpv5-sp-d16 -mfloat-abi=hard -mthumb -o "Application/User/generated/GeneratedFont.o"
arm-none-eabi-g++ "C:/Repository/TouchGfxMineSweeper/TouchGfxMineSweeper/TouchGFX/generated/fonts/src/Kerning_verdana_10_4bpp.cpp" -mcpu=cortex-m33 -std=gnu++14 -g3 -DDEBUG -DUSE_HAL_DRIVER -DSTM32U5G9xx -c -I../../Core/Inc -I../../TouchGFX/App -I../../TouchGFX/target/generated -I../../TouchGFX/target -I../../Drivers/STM32U5xx_HAL_Driver/Inc -I../../Drivers/STM32U5xx_HAL_Driver/Inc/Legacy -I../../Drivers/CMSIS/Device/ST/STM32U5xx/Include -I../../Drivers/CMSIS/Include -I../../Middlewares/Third_Party/FreeRTOS/Source/include/ -I../../Middlewares/Third_Party/FreeRTOS/Source/portable/GCC/ARM_CM33_NTZ/non_secure/ -I../../Middlewares/Third_Party/FreeRTOS/Source/CMSIS_RTOS_V2/ -I../../Middlewares/Third_Party/CMSIS/RTOS2/Include/ -I../../Drivers/BSP/STM32U5G9J-DK2 -I../../Drivers/BSP -I../../Middlewares/ST/touchgfx/framework/include -I../../TouchGFX/generated/fonts/include -I../../TouchGFX/generated/gui_generated/include -I../../TouchGFX/generated/images/include -I../../TouchGFX/generated/texts/include -I../../TouchGFX/generated/videos/include -I../../TouchGFX/gui/include -I../../Middlewares/ST/touchgfx_components/gpu2d/NemaGFX/include -I../../Middlewares/ST/touchgfx_components/gpu2d/TouchGFXNema/include -Os -ffunction-sections -fdata-sections -fno-exceptions -fno-rtti -fno-use-cxa-atexit -Wall -femit-class-debug-always -fstack-usage -fcyclomatic-complexity -MMD -MP -MF"Application/User/generated/Kerning_verdana_10_4bpp.d" -MT"Application/User/generated/Kerning_verdana_10_4bpp.o" --specs=nano.specs -mfpu=fpv5-sp-d16 -mfloat-abi=hard -mthumb -o "Application/User/generated/Kerning_verdana_10_4bpp.o"
arm-none-eabi-g++ "C:/Repository/TouchGfxMineSweeper/TouchGfxMineSweeper/TouchGFX/generated/fonts/src/Kerning_verdana_20_4bpp.cpp" -mcpu=cortex-m33 -std=gnu++14 -g3 -DDEBUG -DUSE_HAL_DRIVER -DSTM32U5G9xx -c -I../../Core/Inc -I../../TouchGFX/App -I../../TouchGFX/target/generated -I../../TouchGFX/target -I../../Drivers/STM32U5xx_HAL_Driver/Inc -I../../Drivers/STM32U5xx_HAL_Driver/Inc/Legacy -I../../Drivers/CMSIS/Device/ST/STM32U5xx/Include -I../../Drivers/CMSIS/Include -I../../Middlewares/Third_Party/FreeRTOS/Source/include/ -I../../Middlewares/Third_Party/FreeRTOS/Source/portable/GCC/ARM_CM33_NTZ/non_secure/ -I../../Middlewares/Third_Party/FreeRTOS/Source/CMSIS_RTOS_V2/ -I../../Middlewares/Third_Party/CMSIS/RTOS2/Include/ -I../../Drivers/BSP/STM32U5G9J-DK2 -I../../Drivers/BSP -I../../Middlewares/ST/touchgfx/framework/include -I../../TouchGFX/generated/fonts/include -I../../TouchGFX/generated/gui_generated/include -I../../TouchGFX/generated/images/include -I../../TouchGFX/generated/texts/include -I../../TouchGFX/generated/videos/include -I../../TouchGFX/gui/include -I../../Middlewares/ST/touchgfx_components/gpu2d/NemaGFX/include -I../../Middlewares/ST/touchgfx_components/gpu2d/TouchGFXNema/include -Os -ffunction-sections -fdata-sections -fno-exceptions -fno-rtti -fno-use-cxa-atexit -Wall -femit-class-debug-always -fstack-usage -fcyclomatic-complexity -MMD -MP -MF"Application/User/generated/Kerning_verdana_20_4bpp.d" -MT"Application/User/generated/Kerning_verdana_20_4bpp.o" --specs=nano.specs -mfpu=fpv5-sp-d16 -mfloat-abi=hard -mthumb -o "Application/User/generated/Kerning_verdana_20_4bpp.o"
arm-none-eabi-g++ "C:/Repository/TouchGfxMineSweeper/TouchGfxMineSweeper/TouchGFX/generated/fonts/src/Kerning_verdana_40_4bpp.cpp" -mcpu=cortex-m33 -std=gnu++14 -g3 -DDEBUG -DUSE_HAL_DRIVER -DSTM32U5G9xx -c -I../../Core/Inc -I../../TouchGFX/App -I../../TouchGFX/target/generated -I../../TouchGFX/target -I../../Drivers/STM32U5xx_HAL_Driver/Inc -I../../Drivers/STM32U5xx_HAL_Driver/Inc/Legacy -I../../Drivers/CMSIS/Device/ST/STM32U5xx/Include -I../../Drivers/CMSIS/Include -I../../Middlewares/Third_Party/FreeRTOS/Source/include/ -I../../Middlewares/Third_Party/FreeRTOS/Source/portable/GCC/ARM_CM33_NTZ/non_secure/ -I../../Middlewares/Third_Party/FreeRTOS/Source/CMSIS_RTOS_V2/ -I../../Middlewares/Third_Party/CMSIS/RTOS2/Include/ -I../../Drivers/BSP/STM32U5G9J-DK2 -I../../Drivers/BSP -I../../Middlewares/ST/touchgfx/framework/include -I../../TouchGFX/generated/fonts/include -I../../TouchGFX/generated/gui_generated/include -I../../TouchGFX/generated/images/include -I../../TouchGFX/generated/texts/include -I../../TouchGFX/generated/videos/include -I../../TouchGFX/gui/include -I../../Middlewares/ST/touchgfx_components/gpu2d/NemaGFX/include -I../../Middlewares/ST/touchgfx_components/gpu2d/TouchGFXNema/include -Os -ffunction-sections -fdata-sections -fno-exceptions -fno-rtti -fno-use-cxa-atexit -Wall -femit-class-debug-always -fstack-usage -fcyclomatic-complexity -MMD -MP -MF"Application/User/generated/Kerning_verdana_40_4bpp.d" -MT"Application/User/generated/Kerning_verdana_40_4bpp.o" --specs=nano.specs -mfpu=fpv5-sp-d16 -mfloat-abi=hard -mthumb -o "Application/User/generated/Kerning_verdana_40_4bpp.o"
arm-none-eabi-g++ "C:/Repository/TouchGfxMineSweeper/TouchGfxMineSweeper/TouchGFX/generated/texts/src/LanguageGb.cpp" -mcpu=cortex-m33 -std=gnu++14 -g3 -DDEBUG -DUSE_HAL_DRIVER -DSTM32U5G9xx -c -I../../Core/Inc -I../../TouchGFX/App -I../../TouchGFX/target/generated -I../../TouchGFX/target -I../../Drivers/STM32U5xx_HAL_Driver/Inc -I../../Drivers/STM32U5xx_HAL_Driver/Inc/Legacy -I../../Drivers/CMSIS/Device/ST/STM32U5xx/Include -I../../Drivers/CMSIS/Include -I../../Middlewares/Third_Party/FreeRTOS/Source/include/ -I../../Middlewares/Third_Party/FreeRTOS/Source/portable/GCC/ARM_CM33_NTZ/non_secure/ -I../../Middlewares/Third_Party/FreeRTOS/Source/CMSIS_RTOS_V2/ -I../../Middlewares/Third_Party/CMSIS/RTOS2/Include/ -I../../Drivers/BSP/STM32U5G9J-DK2 -I../../Drivers/BSP -I../../Middlewares/ST/touchgfx/framework/include -I../../TouchGFX/generated/fonts/include -I../../TouchGFX/generated/gui_generated/include -I../../TouchGFX/generated/images/include -I../../TouchGFX/generated/texts/include -I../../TouchGFX/generated/videos/include -I../../TouchGFX/gui/include -I../../Middlewares/ST/touchgfx_components/gpu2d/NemaGFX/include -I../../Middlewares/ST/touchgfx_components/gpu2d/TouchGFXNema/include -Os -ffunction-sections -fdata-sections -fno-exceptions -fno-rtti -fno-use-cxa-atexit -Wall -femit-class-debug-always -fstack-usage -fcyclomatic-complexity -MMD -MP -MF"Application/User/generated/LanguageGb.d" -MT"Application/User/generated/LanguageGb.o" --specs=nano.specs -mfpu=fpv5-sp-d16 -mfloat-abi=hard -mthumb -o "Application/User/generated/LanguageGb.o"
arm-none-eabi-g++ "C:/Repository/TouchGfxMineSweeper/TouchGfxMineSweeper/TouchGFX/generated/images/src/SVGDatabase.cpp" -mcpu=cortex-m33 -std=gnu++14 -g3 -DDEBUG -DUSE_HAL_DRIVER -DSTM32U5G9xx -c -I../../Core/Inc -I../../TouchGFX/App -I../../TouchGFX/target/generated -I../../TouchGFX/target -I../../Drivers/STM32U5xx_HAL_Driver/Inc -I../../Drivers/STM32U5xx_HAL_Driver/Inc/Legacy -I../../Drivers/CMSIS/Device/ST/STM32U5xx/Include -I../../Drivers/CMSIS/Include -I../../Middlewares/Third_Party/FreeRTOS/Source/include/ -I../../Middlewares/Third_Party/FreeRTOS/Source/portable/GCC/ARM_CM33_NTZ/non_secure/ -I../../Middlewares/Third_Party/FreeRTOS/Source/CMSIS_RTOS_V2/ -I../../Middlewares/Third_Party/CMSIS/RTOS2/Include/ -I../../Drivers/BSP/STM32U5G9J-DK2 -I../../Drivers/BSP -I../../Middlewares/ST/touchgfx/framework/include -I../../TouchGFX/generated/fonts/include -I../../TouchGFX/generated/gui_generated/include -I../../TouchGFX/generated/images/include -I../../TouchGFX/generated/texts/include -I../../TouchGFX/generated/videos/include -I../../TouchGFX/gui/include -I../../Middlewares/ST/touchgfx_components/gpu2d/NemaGFX/include -I../../Middlewares/ST/touchgfx_components/gpu2d/TouchGFXNema/include -Os -ffunction-sections -fdata-sections -fno-exceptions -fno-rtti -fno-use-cxa-atexit -Wall -femit-class-debug-always -fstack-usage -fcyclomatic-complexity -MMD -MP -MF"Application/User/generated/SVGDatabase.d" -MT"Application/User/generated/SVGDatabase.o" --specs=nano.specs -mfpu=fpv5-sp-d16 -mfloat-abi=hard -mthumb -o "Application/User/generated/SVGDatabase.o"
arm-none-eabi-g++ "C:/Repository/TouchGfxMineSweeper/TouchGfxMineSweeper/TouchGFX/generated/gui_generated/src/screen1_screen/Screen1ViewBase.cpp" -mcpu=cortex-m33 -std=gnu++14 -g3 -DDEBUG -DUSE_HAL_DRIVER -DSTM32U5G9xx -c -I../../Core/Inc -I../../TouchGFX/App -I../../TouchGFX/target/generated -I../../TouchGFX/target -I../../Drivers/STM32U5xx_HAL_Driver/Inc -I../../Drivers/STM32U5xx_HAL_Driver/Inc/Legacy -I../../Drivers/CMSIS/Device/ST/STM32U5xx/Include -I../../Drivers/CMSIS/Include -I../../Middlewares/Third_Party/FreeRTOS/Source/include/ -I../../Middlewares/Third_Party/FreeRTOS/Source/portable/GCC/ARM_CM33_NTZ/non_secure/ -I../../Middlewares/Third_Party/FreeRTOS/Source/CMSIS_RTOS_V2/ -I../../Middlewares/Third_Party/CMSIS/RTOS2/Include/ -I../../Drivers/BSP/STM32U5G9J-DK2 -I../../Drivers/BSP -I../../Middlewares/ST/touchgfx/framework/include -I../../TouchGFX/generated/fonts/include -I../../TouchGFX/generated/gui_generated/include -I../../TouchGFX/generated/images/include -I../../TouchGFX/generated/texts/include -I../../TouchGFX/generated/videos/include -I../../TouchGFX/gui/include -I../../Middlewares/ST/touchgfx_components/gpu2d/NemaGFX/include -I../../Middlewares/ST/touchgfx_components/gpu2d/TouchGFXNema/include -Os -ffunction-sections -fdata-sections -fno-exceptions -fno-rtti -fno-use-cxa-atexit -Wall -femit-class-debug-always -fstack-usage -fcyclomatic-complexity -MMD -MP -MF"Application/User/generated/Screen1ViewBase.d" -MT"Application/User/generated/Screen1ViewBase.o" --specs=nano.specs -mfpu=fpv5-sp-d16 -mfloat-abi=hard -mthumb -o "Application/User/generated/Screen1ViewBase.o"
arm-none-eabi-g++ "C:/Repository/TouchGfxMineSweeper/TouchGfxMineSweeper/TouchGFX/generated/fonts/src/Table_verdana_10_4bpp.cpp" -mcpu=cortex-m33 -std=gnu++14 -g3 -DDEBUG -DUSE_HAL_DRIVER -DSTM32U5G9xx -c -I../../Core/Inc -I../../TouchGFX/App -I../../TouchGFX/target/generated -I../../TouchGFX/target -I../../Drivers/STM32U5xx_HAL_Driver/Inc -I../../Drivers/STM32U5xx_HAL_Driver/Inc/Legacy -I../../Drivers/CMSIS/Device/ST/STM32U5xx/Include -I../../Drivers/CMSIS/Include -I../../Middlewares/Third_Party/FreeRTOS/Source/include/ -I../../Middlewares/Third_Party/FreeRTOS/Source/portable/GCC/ARM_CM33_NTZ/non_secure/ -I../../Middlewares/Third_Party/FreeRTOS/Source/CMSIS_RTOS_V2/ -I../../Middlewares/Third_Party/CMSIS/RTOS2/Include/ -I../../Drivers/BSP/STM32U5G9J-DK2 -I../../Drivers/BSP -I../../Middlewares/ST/touchgfx/framework/include -I../../TouchGFX/generated/fonts/include -I../../TouchGFX/generated/gui_generated/include -I../../TouchGFX/generated/images/include -I../../TouchGFX/generated/texts/include -I../../TouchGFX/generated/videos/include -I../../TouchGFX/gui/include -I../../Middlewares/ST/touchgfx_components/gpu2d/NemaGFX/include -I../../Middlewares/ST/touchgfx_components/gpu2d/TouchGFXNema/include -Os -ffunction-sections -fdata-sections -fno-exceptions -fno-rtti -fno-use-cxa-atexit -Wall -femit-class-debug-always -fstack-usage -fcyclomatic-complexity -MMD -MP -MF"Application/User/generated/Table_verdana_10_4bpp.d" -MT"Application/User/generated/Table_verdana_10_4bpp.o" --specs=nano.specs -mfpu=fpv5-sp-d16 -mfloat-abi=hard -mthumb -o "Application/User/generated/Table_verdana_10_4bpp.o"
arm-none-eabi-g++ "C:/Repository/TouchGfxMineSweeper/TouchGfxMineSweeper/TouchGFX/generated/fonts/src/Table_verdana_20_4bpp.cpp" -mcpu=cortex-m33 -std=gnu++14 -g3 -DDEBUG -DUSE_HAL_DRIVER -DSTM32U5G9xx -c -I../../Core/Inc -I../../TouchGFX/App -I../../TouchGFX/target/generated -I../../TouchGFX/target -I../../Drivers/STM32U5xx_HAL_Driver/Inc -I../../Drivers/STM32U5xx_HAL_Driver/Inc/Legacy -I../../Drivers/CMSIS/Device/ST/STM32U5xx/Include -I../../Drivers/CMSIS/Include -I../../Middlewares/Third_Party/FreeRTOS/Source/include/ -I../../Middlewares/Third_Party/FreeRTOS/Source/portable/GCC/ARM_CM33_NTZ/non_secure/ -I../../Middlewares/Third_Party/FreeRTOS/Source/CMSIS_RTOS_V2/ -I../../Middlewares/Third_Party/CMSIS/RTOS2/Include/ -I../../Drivers/BSP/STM32U5G9J-DK2 -I../../Drivers/BSP -I../../Middlewares/ST/touchgfx/framework/include -I../../TouchGFX/generated/fonts/include -I../../TouchGFX/generated/gui_generated/include -I../../TouchGFX/generated/images/include -I../../TouchGFX/generated/texts/include -I../../TouchGFX/generated/videos/include -I../../TouchGFX/gui/include -I../../Middlewares/ST/touchgfx_components/gpu2d/NemaGFX/include -I../../Middlewares/ST/touchgfx_components/gpu2d/TouchGFXNema/include -Os -ffunction-sections -fdata-sections -fno-exceptions -fno-rtti -fno-use-cxa-atexit -Wall -femit-class-debug-always -fstack-usage -fcyclomatic-complexity -MMD -MP -MF"Application/User/generated/Table_verdana_20_4bpp.d" -MT"Application/User/generated/Table_verdana_20_4bpp.o" --specs=nano.specs -mfpu=fpv5-sp-d16 -mfloat-abi=hard -mthumb -o "Application/User/generated/Table_verdana_20_4bpp.o"
arm-none-eabi-g++ "C:/Repository/TouchGfxMineSweeper/TouchGfxMineSweeper/TouchGFX/generated/fonts/src/Table_verdana_40_4bpp.cpp" -mcpu=cortex-m33 -std=gnu++14 -g3 -DDEBUG -DUSE_HAL_DRIVER -DSTM32U5G9xx -c -I../../Core/Inc -I../../TouchGFX/App -I../../TouchGFX/target/generated -I../../TouchGFX/target -I../../Drivers/STM32U5xx_HAL_Driver/Inc -I../../Drivers/STM32U5xx_HAL_Driver/Inc/Legacy -I../../Drivers/CMSIS/Device/ST/STM32U5xx/Include -I../../Drivers/CMSIS/Include -I../../Middlewares/Third_Party/FreeRTOS/Source/include/ -I../../Middlewares/Third_Party/FreeRTOS/Source/portable/GCC/ARM_CM33_NTZ/non_secure/ -I../../Middlewares/Third_Party/FreeRTOS/Source/CMSIS_RTOS_V2/ -I../../Middlewares/Third_Party/CMSIS/RTOS2/Include/ -I../../Drivers/BSP/STM32U5G9J-DK2 -I../../Drivers/BSP -I../../Middlewares/ST/touchgfx/framework/include -I../../TouchGFX/generated/fonts/include -I../../TouchGFX/generated/gui_generated/include -I../../TouchGFX/generated/images/include -I../../TouchGFX/generated/texts/include -I../../TouchGFX/generated/videos/include -I../../TouchGFX/gui/include -I../../Middlewares/ST/touchgfx_components/gpu2d/NemaGFX/include -I../../Middlewares/ST/touchgfx_components/gpu2d/TouchGFXNema/include -Os -ffunction-sections -fdata-sections -fno-exceptions -fno-rtti -fno-use-cxa-atexit -Wall -femit-class-debug-always -fstack-usage -fcyclomatic-complexity -MMD -MP -MF"Application/User/generated/Table_verdana_40_4bpp.d" -MT"Application/User/generated/Table_verdana_40_4bpp.o" --specs=nano.specs -mfpu=fpv5-sp-d16 -mfloat-abi=hard -mthumb -o "Application/User/generated/Table_verdana_40_4bpp.o"
arm-none-eabi-g++ "C:/Repository/TouchGfxMineSweeper/TouchGfxMineSweeper/TouchGFX/generated/texts/src/Texts.cpp" -mcpu=cortex-m33 -std=gnu++14 -g3 -DDEBUG -DUSE_HAL_DRIVER -DSTM32U5G9xx -c -I../../Core/Inc -I../../TouchGFX/App -I../../TouchGFX/target/generated -I../../TouchGFX/target -I../../Drivers/STM32U5xx_HAL_Driver/Inc -I../../Drivers/STM32U5xx_HAL_Driver/Inc/Legacy -I../../Drivers/CMSIS/Device/ST/STM32U5xx/Include -I../../Drivers/CMSIS/Include -I../../Middlewares/Third_Party/FreeRTOS/Source/include/ -I../../Middlewares/Third_Party/FreeRTOS/Source/portable/GCC/ARM_CM33_NTZ/non_secure/ -I../../Middlewares/Third_Party/FreeRTOS/Source/CMSIS_RTOS_V2/ -I../../Middlewares/Third_Party/CMSIS/RTOS2/Include/ -I../../Drivers/BSP/STM32U5G9J-DK2 -I../../Drivers/BSP -I../../Middlewares/ST/touchgfx/framework/include -I../../TouchGFX/generated/fonts/include -I../../TouchGFX/generated/gui_generated/include -I../../TouchGFX/generated/images/include -I../../TouchGFX/generated/texts/include -I../../TouchGFX/generated/videos/include -I../../TouchGFX/gui/include -I../../Middlewares/ST/touchgfx_components/gpu2d/NemaGFX/include -I../../Middlewares/ST/touchgfx_components/gpu2d/TouchGFXNema/include -Os -ffunction-sections -fdata-sections -fno-exceptions -fno-rtti -fno-use-cxa-atexit -Wall -femit-class-debug-always -fstack-usage -fcyclomatic-complexity -MMD -MP -MF"Application/User/generated/Texts.d" -MT"Application/User/generated/Texts.o" --specs=nano.specs -mfpu=fpv5-sp-d16 -mfloat-abi=hard -mthumb -o "Application/User/generated/Texts.o"
arm-none-eabi-g++ "C:/Repository/TouchGfxMineSweeper/TouchGfxMineSweeper/TouchGFX/generated/texts/src/TypedTextDatabase.cpp" -mcpu=cortex-m33 -std=gnu++14 -g3 -DDEBUG -DUSE_HAL_DRIVER -DSTM32U5G9xx -c -I../../Core/Inc -I../../TouchGFX/App -I../../TouchGFX/target/generated -I../../TouchGFX/target -I../../Drivers/STM32U5xx_HAL_Driver/Inc -I../../Drivers/STM32U5xx_HAL_Driver/Inc/Legacy -I../../Drivers/CMSIS/Device/ST/STM32U5xx/Include -I../../Drivers/CMSIS/Include -I../../Middlewares/Third_Party/FreeRTOS/Source/include/ -I../../Middlewares/Third_Party/FreeRTOS/Source/portable/GCC/ARM_CM33_NTZ/non_secure/ -I../../Middlewares/Third_Party/FreeRTOS/Source/CMSIS_RTOS_V2/ -I../../Middlewares/Third_Party/CMSIS/RTOS2/Include/ -I../../Drivers/BSP/STM32U5G9J-DK2 -I../../Drivers/BSP -I../../Middlewares/ST/touchgfx/framework/include -I../../TouchGFX/generated/fonts/include -I../../TouchGFX/generated/gui_generated/include -I../../TouchGFX/generated/images/include -I../../TouchGFX/generated/texts/include -I../../TouchGFX/generated/videos/include -I../../TouchGFX/gui/include -I../../Middlewares/ST/touchgfx_components/gpu2d/NemaGFX/include -I../../Middlewares/ST/touchgfx_components/gpu2d/TouchGFXNema/include -Os -ffunction-sections -fdata-sections -fno-exceptions -fno-rtti -fno-use-cxa-atexit -Wall -femit-class-debug-always -fstack-usage -fcyclomatic-complexity -MMD -MP -MF"Application/User/generated/TypedTextDatabase.d" -MT"Application/User/generated/TypedTextDatabase.o" --specs=nano.specs -mfpu=fpv5-sp-d16 -mfloat-abi=hard -mthumb -o "Application/User/generated/TypedTextDatabase.o"
arm-none-eabi-g++ "C:/Repository/TouchGfxMineSweeper/TouchGfxMineSweeper/TouchGFX/generated/fonts/src/UnmappedDataFont.cpp" -mcpu=cortex-m33 -std=gnu++14 -g3 -DDEBUG -DUSE_HAL_DRIVER -DSTM32U5G9xx -c -I../../Core/Inc -I../../TouchGFX/App -I../../TouchGFX/target/generated -I../../TouchGFX/target -I../../Drivers/STM32U5xx_HAL_Driver/Inc -I../../Drivers/STM32U5xx_HAL_Driver/Inc/Legacy -I../../Drivers/CMSIS/Device/ST/STM32U5xx/Include -I../../Drivers/CMSIS/Include -I../../Middlewares/Third_Party/FreeRTOS/Source/include/ -I../../Middlewares/Third_Party/FreeRTOS/Source/portable/GCC/ARM_CM33_NTZ/non_secure/ -I../../Middlewares/Third_Party/FreeRTOS/Source/CMSIS_RTOS_V2/ -I../../Middlewares/Third_Party/CMSIS/RTOS2/Include/ -I../../Drivers/BSP/STM32U5G9J-DK2 -I../../Drivers/BSP -I../../Middlewares/ST/touchgfx/framework/include -I../../TouchGFX/generated/fonts/include -I../../TouchGFX/generated/gui_generated/include -I../../TouchGFX/generated/images/include -I../../TouchGFX/generated/texts/include -I../../TouchGFX/generated/videos/include -I../../TouchGFX/gui/include -I../../Middlewares/ST/touchgfx_components/gpu2d/NemaGFX/include -I../../Middlewares/ST/touchgfx_components/gpu2d/TouchGFXNema/include -Os -ffunction-sections -fdata-sections -fno-exceptions -fno-rtti -fno-use-cxa-atexit -Wall -femit-class-debug-always -fstack-usage -fcyclomatic-complexity -MMD -MP -MF"Application/User/generated/UnmappedDataFont.d" -MT"Application/User/generated/UnmappedDataFont.o" --specs=nano.specs -mfpu=fpv5-sp-d16 -mfloat-abi=hard -mthumb -o "Application/User/generated/UnmappedDataFont.o"
arm-none-eabi-g++ "C:/Repository/TouchGfxMineSweeper/TouchGfxMineSweeper/TouchGFX/generated/fonts/src/VectorFontRendererBuffers.cpp" -mcpu=cortex-m33 -std=gnu++14 -g3 -DDEBUG -DUSE_HAL_DRIVER -DSTM32U5G9xx -c -I../../Core/Inc -I../../TouchGFX/App -I../../TouchGFX/target/generated -I../../TouchGFX/target -I../../Drivers/STM32U5xx_HAL_Driver/Inc -I../../Drivers/STM32U5xx_HAL_Driver/Inc/Legacy -I../../Drivers/CMSIS/Device/ST/STM32U5xx/Include -I../../Drivers/CMSIS/Include -I../../Middlewares/Third_Party/FreeRTOS/Source/include/ -I../../Middlewares/Third_Party/FreeRTOS/Source/portable/GCC/ARM_CM33_NTZ/non_secure/ -I../../Middlewares/Third_Party/FreeRTOS/Source/CMSIS_RTOS_V2/ -I../../Middlewares/Third_Party/CMSIS/RTOS2/Include/ -I../../Drivers/BSP/STM32U5G9J-DK2 -I../../Drivers/BSP -I../../Middlewares/ST/touchgfx/framework/include -I../../TouchGFX/generated/fonts/include -I../../TouchGFX/generated/gui_generated/include -I../../TouchGFX/generated/images/include -I../../TouchGFX/generated/texts/include -I../../TouchGFX/generated/videos/include -I../../TouchGFX/gui/include -I../../Middlewares/ST/touchgfx_components/gpu2d/NemaGFX/include -I../../Middlewares/ST/touchgfx_components/gpu2d/TouchGFXNema/include -Os -ffunction-sections -fdata-sections -fno-exceptions -fno-rtti -fno-use-cxa-atexit -Wall -femit-class-debug-always -fstack-usage -fcyclomatic-complexity -MMD -MP -MF"Application/User/generated/VectorFontRendererBuffers.d" -MT"Application/User/generated/VectorFontRendererBuffers.o" --specs=nano.specs -mfpu=fpv5-sp-d16 -mfloat-abi=hard -mthumb -o "Application/User/generated/VectorFontRendererBuffers.o"
arm-none-eabi-g++ "C:/Repository/TouchGfxMineSweeper/TouchGfxMineSweeper/TouchGFX/generated/images/src/image_BackScreen.cpp" -mcpu=cortex-m33 -std=gnu++14 -g3 -DDEBUG -DUSE_HAL_DRIVER -DSTM32U5G9xx -c -I../../Core/Inc -I../../TouchGFX/App -I../../TouchGFX/target/generated -I../../TouchGFX/target -I../../Drivers/STM32U5xx_HAL_Driver/Inc -I../../Drivers/STM32U5xx_HAL_Driver/Inc/Legacy -I../../Drivers/CMSIS/Device/ST/STM32U5xx/Include -I../../Drivers/CMSIS/Include -I../../Middlewares/Third_Party/FreeRTOS/Source/include/ -I../../Middlewares/Third_Party/FreeRTOS/Source/portable/GCC/ARM_CM33_NTZ/non_secure/ -I../../Middlewares/Third_Party/FreeRTOS/Source/CMSIS_RTOS_V2/ -I../../Middlewares/Third_Party/CMSIS/RTOS2/Include/ -I../../Drivers/BSP/STM32U5G9J-DK2 -I../../Drivers/BSP -I../../Middlewares/ST/touchgfx/framework/include -I../../TouchGFX/generated/fonts/include -I../../TouchGFX/generated/gui_generated/include -I../../TouchGFX/generated/images/include -I../../TouchGFX/generated/texts/include -I../../TouchGFX/generated/videos/include -I../../TouchGFX/gui/include -I../../Middlewares/ST/touchgfx_components/gpu2d/NemaGFX/include -I../../Middlewares/ST/touchgfx_components/gpu2d/TouchGFXNema/include -Os -ffunction-sections -fdata-sections -fno-exceptions -fno-rtti -fno-use-cxa-atexit -Wall -femit-class-debug-always -fstack-usage -fcyclomatic-complexity -MMD -MP -MF"Application/User/generated/image_BackScreen.d" -MT"Application/User/generated/image_BackScreen.o" --specs=nano.specs -mfpu=fpv5-sp-d16 -mfloat-abi=hard -mthumb -o "Application/User/generated/image_BackScreen.o"
arm-none-eabi-g++ "C:/Repository/TouchGfxMineSweeper/TouchGfxMineSweeper/TouchGFX/generated/images/src/__generated/image_alternate_theme_images_widgets_button_icon_rounded_tiny_fill_normal.cpp" -mcpu=cortex-m33 -std=gnu++14 -g3 -DDEBUG -DUSE_HAL_DRIVER -DSTM32U5G9xx -c -I../../Core/Inc -I../../TouchGFX/App -I../../TouchGFX/target/generated -I../../TouchGFX/target -I../../Drivers/STM32U5xx_HAL_Driver/Inc -I../../Drivers/STM32U5xx_HAL_Driver/Inc/Legacy -I../../Drivers/CMSIS/Device/ST/STM32U5xx/Include -I../../Drivers/CMSIS/Include -I../../Middlewares/Third_Party/FreeRTOS/Source/include/ -I../../Middlewares/Third_Party/FreeRTOS/Source/portable/GCC/ARM_CM33_NTZ/non_secure/ -I../../Middlewares/Third_Party/FreeRTOS/Source/CMSIS_RTOS_V2/ -I../../Middlewares/Third_Party/CMSIS/RTOS2/Include/ -I../../Drivers/BSP/STM32U5G9J-DK2 -I../../Drivers/BSP -I../../Middlewares/ST/touchgfx/framework/include -I../../TouchGFX/generated/fonts/include -I../../TouchGFX/generated/gui_generated/include -I../../TouchGFX/generated/images/include -I../../TouchGFX/generated/texts/include -I../../TouchGFX/generated/videos/include -I../../TouchGFX/gui/include -I../../Middlewares/ST/touchgfx_components/gpu2d/NemaGFX/include -I../../Middlewares/ST/touchgfx_components/gpu2d/TouchGFXNema/include -Os -ffunction-sections -fdata-sections -fno-exceptions -fno-rtti -fno-use-cxa-atexit -Wall -femit-class-debug-always -fstack-usage -fcyclomatic-complexity -MMD -MP -MF"Application/User/generated/image_alternate_theme_images_widgets_button_icon_rounded_tiny_fill_normal.d" -MT"Application/User/generated/image_alternate_theme_images_widgets_button_icon_rounded_tiny_fill_normal.o" --specs=nano.specs -mfpu=fpv5-sp-d16 -mfloat-abi=hard -mthumb -o "Application/User/generated/image_alternate_theme_images_widgets_button_icon_rounded_tiny_fill_normal.o"
arm-none-eabi-g++ "C:/Repository/TouchGfxMineSweeper/TouchGfxMineSweeper/TouchGFX/generated/images/src/__generated/image_alternate_theme_images_widgets_button_icon_rounded_tiny_outline_disabled.cpp" -mcpu=cortex-m33 -std=gnu++14 -g3 -DDEBUG -DUSE_HAL_DRIVER -DSTM32U5G9xx -c -I../../Core/Inc -I../../TouchGFX/App -I../../TouchGFX/target/generated -I../../TouchGFX/target -I../../Drivers/STM32U5xx_HAL_Driver/Inc -I../../Drivers/STM32U5xx_HAL_Driver/Inc/Legacy -I../../Drivers/CMSIS/Device/ST/STM32U5xx/Include -I../../Drivers/CMSIS/Include -I../../Middlewares/Third_Party/FreeRTOS/Source/include/ -I../../Middlewares/Third_Party/FreeRTOS/Source/portable/GCC/ARM_CM33_NTZ/non_secure/ -I../../Middlewares/Third_Party/FreeRTOS/Source/CMSIS_RTOS_V2/ -I../../Middlewares/Third_Party/CMSIS/RTOS2/Include/ -I../../Drivers/BSP/STM32U5G9J-DK2 -I../../Drivers/BSP -I../../Middlewares/ST/touchgfx/framework/include -I../../TouchGFX/generated/fonts/include -I../../TouchGFX/generated/gui_generated/include -I../../TouchGFX/generated/images/include -I../../TouchGFX/generated/texts/include -I../../TouchGFX/generated/videos/include -I../../TouchGFX/gui/include -I../../Middlewares/ST/touchgfx_components/gpu2d/NemaGFX/include -I../../Middlewares/ST/touchgfx_components/gpu2d/TouchGFXNema/include -Os -ffunction-sections -fdata-sections -fno-exceptions -fno-rtti -fno-use-cxa-atexit -Wall -femit-class-debug-always -fstack-usage -fcyclomatic-complexity -MMD -MP -MF"Application/User/generated/image_alternate_theme_images_widgets_button_icon_rounded_tiny_outline_disabled.d" -MT"Application/User/generated/image_alternate_theme_images_widgets_button_icon_rounded_tiny_outline_disabled.o" --specs=nano.specs -mfpu=fpv5-sp-d16 -mfloat-abi=hard -mthumb -o "Application/User/generated/image_alternate_theme_images_widgets_button_icon_rounded_tiny_outline_disabled.o"
arm-none-eabi-g++ "C:/Repository/TouchGfxMineSweeper/TouchGfxMineSweeper/TouchGFX/generated/images/src/__generated/image_icon_theme_images_content_outlined_flag_50_50_E8F6FB.svg.cpp" -mcpu=cortex-m33 -std=gnu++14 -g3 -DDEBUG -DUSE_HAL_DRIVER -DSTM32U5G9xx -c -I../../Core/Inc -I../../TouchGFX/App -I../../TouchGFX/target/generated -I../../TouchGFX/target -I../../Drivers/STM32U5xx_HAL_Driver/Inc -I../../Drivers/STM32U5xx_HAL_Driver/Inc/Legacy -I../../Drivers/CMSIS/Device/ST/STM32U5xx/Include -I../../Drivers/CMSIS/Include -I../../Middlewares/Third_Party/FreeRTOS/Source/include/ -I../../Middlewares/Third_Party/FreeRTOS/Source/portable/GCC/ARM_CM33_NTZ/non_secure/ -I../../Middlewares/Third_Party/FreeRTOS/Source/CMSIS_RTOS_V2/ -I../../Middlewares/Third_Party/CMSIS/RTOS2/Include/ -I../../Drivers/BSP/STM32U5G9J-DK2 -I../../Drivers/BSP -I../../Middlewares/ST/touchgfx/framework/include -I../../TouchGFX/generated/fonts/include -I../../TouchGFX/generated/gui_generated/include -I../../TouchGFX/generated/images/include -I../../TouchGFX/generated/texts/include -I../../TouchGFX/generated/videos/include -I../../TouchGFX/gui/include -I../../Middlewares/ST/touchgfx_components/gpu2d/NemaGFX/include -I../../Middlewares/ST/touchgfx_components/gpu2d/TouchGFXNema/include -Os -ffunction-sections -fdata-sections -fno-exceptions -fno-rtti -fno-use-cxa-atexit -Wall -femit-class-debug-always -fstack-usage -fcyclomatic-complexity -MMD -MP -MF"Application/User/generated/image_icon_theme_images_content_outlined_flag_50_50_E8F6FB.svg.d" -MT"Application/User/generated/image_icon_theme_images_content_outlined_flag_50_50_E8F6FB.svg.o" --specs=nano.specs -mfpu=fpv5-sp-d16 -mfloat-abi=hard -mthumb -o "Application/User/generated/image_icon_theme_images_content_outlined_flag_50_50_E8F6FB.svg.o"
arm-none-eabi-g++ "C:/Repository/TouchGfxMineSweeper/TouchGfxMineSweeper/TouchGFX/generated/images/src/image_tiny_outline_disabled_number1.cpp" -mcpu=cortex-m33 -std=gnu++14 -g3 -DDEBUG -DUSE_HAL_DRIVER -DSTM32U5G9xx -c -I../../Core/Inc -I../../TouchGFX/App -I../../TouchGFX/target/generated -I../../TouchGFX/target -I../../Drivers/STM32U5xx_HAL_Driver/Inc -I../../Drivers/STM32U5xx_HAL_Driver/Inc/Legacy -I../../Drivers/CMSIS/Device/ST/STM32U5xx/Include -I../../Drivers/CMSIS/Include -I../../Middlewares/Third_Party/FreeRTOS/Source/include/ -I../../Middlewares/Third_Party/FreeRTOS/Source/portable/GCC/ARM_CM33_NTZ/non_secure/ -I../../Middlewares/Third_Party/FreeRTOS/Source/CMSIS_RTOS_V2/ -I../../Middlewares/Third_Party/CMSIS/RTOS2/Include/ -I../../Drivers/BSP/STM32U5G9J-DK2 -I../../Drivers/BSP -I../../Middlewares/ST/touchgfx/framework/include -I../../TouchGFX/generated/fonts/include -I../../TouchGFX/generated/gui_generated/include -I../../TouchGFX/generated/images/include -I../../TouchGFX/generated/texts/include -I../../TouchGFX/generated/videos/include -I../../TouchGFX/gui/include -I../../Middlewares/ST/touchgfx_components/gpu2d/NemaGFX/include -I../../Middlewares/ST/touchgfx_components/gpu2d/TouchGFXNema/include -Os -ffunction-sections -fdata-sections -fno-exceptions -fno-rtti -fno-use-cxa-atexit -Wall -femit-class-debug-always -fstack-usage -fcyclomatic-complexity -MMD -MP -MF"Application/User/generated/image_tiny_outline_disabled_number1.d" -MT"Application/User/generated/image_tiny_outline_disabled_number1.o" --specs=nano.specs -mfpu=fpv5-sp-d16 -mfloat-abi=hard -mthumb -o "Application/User/generated/image_tiny_outline_disabled_number1.o"
arm-none-eabi-g++ "C:/Repository/TouchGfxMineSweeper/TouchGfxMineSweeper/TouchGFX/generated/images/src/image_tiny_outline_disabled_number2.cpp" -mcpu=cortex-m33 -std=gnu++14 -g3 -DDEBUG -DUSE_HAL_DRIVER -DSTM32U5G9xx -c -I../../Core/Inc -I../../TouchGFX/App -I../../TouchGFX/target/generated -I../../TouchGFX/target -I../../Drivers/STM32U5xx_HAL_Driver/Inc -I../../Drivers/STM32U5xx_HAL_Driver/Inc/Legacy -I../../Drivers/CMSIS/Device/ST/STM32U5xx/Include -I../../Drivers/CMSIS/Include -I../../Middlewares/Third_Party/FreeRTOS/Source/include/ -I../../Middlewares/Third_Party/FreeRTOS/Source/portable/GCC/ARM_CM33_NTZ/non_secure/ -I../../Middlewares/Third_Party/FreeRTOS/Source/CMSIS_RTOS_V2/ -I../../Middlewares/Third_Party/CMSIS/RTOS2/Include/ -I../../Drivers/BSP/STM32U5G9J-DK2 -I../../Drivers/BSP -I../../Middlewares/ST/touchgfx/framework/include -I../../TouchGFX/generated/fonts/include -I../../TouchGFX/generated/gui_generated/include -I../../TouchGFX/generated/images/include -I../../TouchGFX/generated/texts/include -I../../TouchGFX/generated/videos/include -I../../TouchGFX/gui/include -I../../Middlewares/ST/touchgfx_components/gpu2d/NemaGFX/include -I../../Middlewares/ST/touchgfx_components/gpu2d/TouchGFXNema/include -Os -ffunction-sections -fdata-sections -fno-exceptions -fno-rtti -fno-use-cxa-atexit -Wall -femit-class-debug-always -fstack-usage -fcyclomatic-complexity -MMD -MP -MF"Application/User/generated/image_tiny_outline_disabled_number2.d" -MT"Application/User/generated/image_tiny_outline_disabled_number2.o" --specs=nano.specs -mfpu=fpv5-sp-d16 -mfloat-abi=hard -mthumb -o "Application/User/generated/image_tiny_outline_disabled_number2.o"
arm-none-eabi-g++ "C:/Repository/TouchGfxMineSweeper/TouchGfxMineSweeper/TouchGFX/generated/images/src/image_tiny_outline_disabled_number3.cpp" -mcpu=cortex-m33 -std=gnu++14 -g3 -DDEBUG -DUSE_HAL_DRIVER -DSTM32U5G9xx -c -I../../Core/Inc -I../../TouchGFX/App -I../../TouchGFX/target/generated -I../../TouchGFX/target -I../../Drivers/STM32U5xx_HAL_Driver/Inc -I../../Drivers/STM32U5xx_HAL_Driver/Inc/Legacy -I../../Drivers/CMSIS/Device/ST/STM32U5xx/Include -I../../Drivers/CMSIS/Include -I../../Middlewares/Third_Party/FreeRTOS/Source/include/ -I../../Middlewares/Third_Party/FreeRTOS/Source/portable/GCC/ARM_CM33_NTZ/non_secure/ -I../../Middlewares/Third_Party/FreeRTOS/Source/CMSIS_RTOS_V2/ -I../../Middlewares/Third_Party/CMSIS/RTOS2/Include/ -I../../Drivers/BSP/STM32U5G9J-DK2 -I../../Drivers/BSP -I../../Middlewares/ST/touchgfx/framework/include -I../../TouchGFX/generated/fonts/include -I../../TouchGFX/generated/gui_generated/include -I../../TouchGFX/generated/images/include -I../../TouchGFX/generated/texts/include -I../../TouchGFX/generated/videos/include -I../../TouchGFX/gui/include -I../../Middlewares/ST/touchgfx_components/gpu2d/NemaGFX/include -I../../Middlewares/ST/touchgfx_components/gpu2d/TouchGFXNema/include -Os -ffunction-sections -fdata-sections -fno-exceptions -fno-rtti -fno-use-cxa-atexit -Wall -femit-class-debug-always -fstack-usage -fcyclomatic-complexity -MMD -MP -MF"Application/User/generated/image_tiny_outline_disabled_number3.d" -MT"Application/User/generated/image_tiny_outline_disabled_number3.o" --specs=nano.specs -mfpu=fpv5-sp-d16 -mfloat-abi=hard -mthumb -o "Application/User/generated/image_tiny_outline_disabled_number3.o"
arm-none-eabi-g++ "C:/Repository/TouchGfxMineSweeper/TouchGfxMineSweeper/TouchGFX/generated/images/src/image_tiny_outline_disabled_number4.cpp" -mcpu=cortex-m33 -std=gnu++14 -g3 -DDEBUG -DUSE_HAL_DRIVER -DSTM32U5G9xx -c -I../../Core/Inc -I../../TouchGFX/App -I../../TouchGFX/target/generated -I../../TouchGFX/target -I../../Drivers/STM32U5xx_HAL_Driver/Inc -I../../Drivers/STM32U5xx_HAL_Driver/Inc/Legacy -I../../Drivers/CMSIS/Device/ST/STM32U5xx/Include -I../../Drivers/CMSIS/Include -I../../Middlewares/Third_Party/FreeRTOS/Source/include/ -I../../Middlewares/Third_Party/FreeRTOS/Source/portable/GCC/ARM_CM33_NTZ/non_secure/ -I../../Middlewares/Third_Party/FreeRTOS/Source/CMSIS_RTOS_V2/ -I../../Middlewares/Third_Party/CMSIS/RTOS2/Include/ -I../../Drivers/BSP/STM32U5G9J-DK2 -I../../Drivers/BSP -I../../Middlewares/ST/touchgfx/framework/include -I../../TouchGFX/generated/fonts/include -I../../TouchGFX/generated/gui_generated/include -I../../TouchGFX/generated/images/include -I../../TouchGFX/generated/texts/include -I../../TouchGFX/generated/videos/include -I../../TouchGFX/gui/include -I../../Middlewares/ST/touchgfx_components/gpu2d/NemaGFX/include -I../../Middlewares/ST/touchgfx_components/gpu2d/TouchGFXNema/include -Os -ffunction-sections -fdata-sections -fno-exceptions -fno-rtti -fno-use-cxa-atexit -Wall -femit-class-debug-always -fstack-usage -fcyclomatic-complexity -MMD -MP -MF"Application/User/generated/image_tiny_outline_disabled_number4.d" -MT"Application/User/generated/image_tiny_outline_disabled_number4.o" --specs=nano.specs -mfpu=fpv5-sp-d16 -mfloat-abi=hard -mthumb -o "Application/User/generated/image_tiny_outline_disabled_number4.o"
arm-none-eabi-g++ "C:/Repository/TouchGfxMineSweeper/TouchGfxMineSweeper/TouchGFX/generated/images/src/image_tiny_outline_disabled_number5.cpp" -mcpu=cortex-m33 -std=gnu++14 -g3 -DDEBUG -DUSE_HAL_DRIVER -DSTM32U5G9xx -c -I../../Core/Inc -I../../TouchGFX/App -I../../TouchGFX/target/generated -I../../TouchGFX/target -I../../Drivers/STM32U5xx_HAL_Driver/Inc -I../../Drivers/STM32U5xx_HAL_Driver/Inc/Legacy -I../../Drivers/CMSIS/Device/ST/STM32U5xx/Include -I../../Drivers/CMSIS/Include -I../../Middlewares/Third_Party/FreeRTOS/Source/include/ -I../../Middlewares/Third_Party/FreeRTOS/Source/portable/GCC/ARM_CM33_NTZ/non_secure/ -I../../Middlewares/Third_Party/FreeRTOS/Source/CMSIS_RTOS_V2/ -I../../Middlewares/Third_Party/CMSIS/RTOS2/Include/ -I../../Drivers/BSP/STM32U5G9J-DK2 -I../../Drivers/BSP -I../../Middlewares/ST/touchgfx/framework/include -I../../TouchGFX/generated/fonts/include -I../../TouchGFX/generated/gui_generated/include -I../../TouchGFX/generated/images/include -I../../TouchGFX/generated/texts/include -I../../TouchGFX/generated/videos/include -I../../TouchGFX/gui/include -I../../Middlewares/ST/touchgfx_components/gpu2d/NemaGFX/include -I../../Middlewares/ST/touchgfx_components/gpu2d/TouchGFXNema/include -Os -ffunction-sections -fdata-sections -fno-exceptions -fno-rtti -fno-use-cxa-atexit -Wall -femit-class-debug-always -fstack-usage -fcyclomatic-complexity -MMD -MP -MF"Application/User/generated/image_tiny_outline_disabled_number5.d" -MT"Application/User/generated/image_tiny_outline_disabled_number5.o" --specs=nano.specs -mfpu=fpv5-sp-d16 -mfloat-abi=hard -mthumb -o "Application/User/generated/image_tiny_outline_disabled_number5.o"
arm-none-eabi-g++ "C:/Repository/TouchGfxMineSweeper/TouchGfxMineSweeper/TouchGFX/generated/images/src/image_tiny_outline_disabled_number6.cpp" -mcpu=cortex-m33 -std=gnu++14 -g3 -DDEBUG -DUSE_HAL_DRIVER -DSTM32U5G9xx -c -I../../Core/Inc -I../../TouchGFX/App -I../../TouchGFX/target/generated -I../../TouchGFX/target -I../../Drivers/STM32U5xx_HAL_Driver/Inc -I../../Drivers/STM32U5xx_HAL_Driver/Inc/Legacy -I../../Drivers/CMSIS/Device/ST/STM32U5xx/Include -I../../Drivers/CMSIS/Include -I../../Middlewares/Third_Party/FreeRTOS/Source/include/ -I../../Middlewares/Third_Party/FreeRTOS/Source/portable/GCC/ARM_CM33_NTZ/non_secure/ -I../../Middlewares/Third_Party/FreeRTOS/Source/CMSIS_RTOS_V2/ -I../../Middlewares/Third_Party/CMSIS/RTOS2/Include/ -I../../Drivers/BSP/STM32U5G9J-DK2 -I../../Drivers/BSP -I../../Middlewares/ST/touchgfx/framework/include -I../../TouchGFX/generated/fonts/include -I../../TouchGFX/generated/gui_generated/include -I../../TouchGFX/generated/images/include -I../../TouchGFX/generated/texts/include -I../../TouchGFX/generated/videos/include -I../../TouchGFX/gui/include -I../../Middlewares/ST/touchgfx_components/gpu2d/NemaGFX/include -I../../Middlewares/ST/touchgfx_components/gpu2d/TouchGFXNema/include -Os -ffunction-sections -fdata-sections -fno-exceptions -fno-rtti -fno-use-cxa-atexit -Wall -femit-class-debug-always -fstack-usage -fcyclomatic-complexity -MMD -MP -MF"Application/User/generated/image_tiny_outline_disabled_number6.d" -MT"Application/User/generated/image_tiny_outline_disabled_number6.o" --specs=nano.specs -mfpu=fpv5-sp-d16 -mfloat-abi=hard -mthumb -o "Application/User/generated/image_tiny_outline_disabled_number6.o"
arm-none-eabi-g++ "C:/Repository/TouchGfxMineSweeper/TouchGfxMineSweeper/TouchGFX/generated/images/src/image_tiny_outline_disabled_number7.cpp" -mcpu=cortex-m33 -std=gnu++14 -g3 -DDEBUG -DUSE_HAL_DRIVER -DSTM32U5G9xx -c -I../../Core/Inc -I../../TouchGFX/App -I../../TouchGFX/target/generated -I../../TouchGFX/target -I../../Drivers/STM32U5xx_HAL_Driver/Inc -I../../Drivers/STM32U5xx_HAL_Driver/Inc/Legacy -I../../Drivers/CMSIS/Device/ST/STM32U5xx/Include -I../../Drivers/CMSIS/Include -I../../Middlewares/Third_Party/FreeRTOS/Source/include/ -I../../Middlewares/Third_Party/FreeRTOS/Source/portable/GCC/ARM_CM33_NTZ/non_secure/ -I../../Middlewares/Third_Party/FreeRTOS/Source/CMSIS_RTOS_V2/ -I../../Middlewares/Third_Party/CMSIS/RTOS2/Include/ -I../../Drivers/BSP/STM32U5G9J-DK2 -I../../Drivers/BSP -I../../Middlewares/ST/touchgfx/framework/include -I../../TouchGFX/generated/fonts/include -I../../TouchGFX/generated/gui_generated/include -I../../TouchGFX/generated/images/include -I../../TouchGFX/generated/texts/include -I../../TouchGFX/generated/videos/include -I../../TouchGFX/gui/include -I../../Middlewares/ST/touchgfx_components/gpu2d/NemaGFX/include -I../../Middlewares/ST/touchgfx_components/gpu2d/TouchGFXNema/include -Os -ffunction-sections -fdata-sections -fno-exceptions -fno-rtti -fno-use-cxa-atexit -Wall -femit-class-debug-always -fstack-usage -fcyclomatic-complexity -MMD -MP -MF"Application/User/generated/image_tiny_outline_disabled_number7.d" -MT"Application/User/generated/image_tiny_outline_disabled_number7.o" --specs=nano.specs -mfpu=fpv5-sp-d16 -mfloat-abi=hard -mthumb -o "Application/User/generated/image_tiny_outline_disabled_number7.o"
arm-none-eabi-g++ "C:/Repository/TouchGfxMineSweeper/TouchGfxMineSweeper/TouchGFX/generated/images/src/image_tiny_outline_disabled_number8.cpp" -mcpu=cortex-m33 -std=gnu++14 -g3 -DDEBUG -DUSE_HAL_DRIVER -DSTM32U5G9xx -c -I../../Core/Inc -I../../TouchGFX/App -I../../TouchGFX/target/generated -I../../TouchGFX/target -I../../Drivers/STM32U5xx_HAL_Driver/Inc -I../../Drivers/STM32U5xx_HAL_Driver/Inc/Legacy -I../../Drivers/CMSIS/Device/ST/STM32U5xx/Include -I../../Drivers/CMSIS/Include -I../../Middlewares/Third_Party/FreeRTOS/Source/include/ -I../../Middlewares/Third_Party/FreeRTOS/Source/portable/GCC/ARM_CM33_NTZ/non_secure/ -I../../Middlewares/Third_Party/FreeRTOS/Source/CMSIS_RTOS_V2/ -I../../Middlewares/Third_Party/CMSIS/RTOS2/Include/ -I../../Drivers/BSP/STM32U5G9J-DK2 -I../../Drivers/BSP -I../../Middlewares/ST/touchgfx/framework/include -I../../TouchGFX/generated/fonts/include -I../../TouchGFX/generated/gui_generated/include -I../../TouchGFX/generated/images/include -I../../TouchGFX/generated/texts/include -I../../TouchGFX/generated/videos/include -I../../TouchGFX/gui/include -I../../Middlewares/ST/touchgfx_components/gpu2d/NemaGFX/include -I../../Middlewares/ST/touchgfx_components/gpu2d/TouchGFXNema/include -Os -ffunction-sections -fdata-sections -fno-exceptions -fno-rtti -fno-use-cxa-atexit -Wall -femit-class-debug-always -fstack-usage -fcyclomatic-complexity -MMD -MP -MF"Application/User/generated/image_tiny_outline_disabled_number8.d" -MT"Application/User/generated/image_tiny_outline_disabled_number8.o" --specs=nano.specs -mfpu=fpv5-sp-d16 -mfloat-abi=hard -mthumb -o "Application/User/generated/image_tiny_outline_disabled_number8.o"
arm-none-eabi-g++ "C:/Repository/TouchGfxMineSweeper/TouchGfxMineSweeper/TouchGFX/generated/images/src/image_tiny_outline_disabled_number9.cpp" -mcpu=cortex-m33 -std=gnu++14 -g3 -DDEBUG -DUSE_HAL_DRIVER -DSTM32U5G9xx -c -I../../Core/Inc -I../../TouchGFX/App -I../../TouchGFX/target/generated -I../../TouchGFX/target -I../../Drivers/STM32U5xx_HAL_Driver/Inc -I../../Drivers/STM32U5xx_HAL_Driver/Inc/Legacy -I../../Drivers/CMSIS/Device/ST/STM32U5xx/Include -I../../Drivers/CMSIS/Include -I../../Middlewares/Third_Party/FreeRTOS/Source/include/ -I../../Middlewares/Third_Party/FreeRTOS/Source/portable/GCC/ARM_CM33_NTZ/non_secure/ -I../../Middlewares/Third_Party/FreeRTOS/Source/CMSIS_RTOS_V2/ -I../../Middlewares/Third_Party/CMSIS/RTOS2/Include/ -I../../Drivers/BSP/STM32U5G9J-DK2 -I../../Drivers/BSP -I../../Middlewares/ST/touchgfx/framework/include -I../../TouchGFX/generated/fonts/include -I../../TouchGFX/generated/gui_generated/include -I../../TouchGFX/generated/images/include -I../../TouchGFX/generated/texts/include -I../../TouchGFX/generated/videos/include -I../../TouchGFX/gui/include -I../../Middlewares/ST/touchgfx_components/gpu2d/NemaGFX/include -I../../Middlewares/ST/touchgfx_components/gpu2d/TouchGFXNema/include -Os -ffunction-sections -fdata-sections -fno-exceptions -fno-rtti -fno-use-cxa-atexit -Wall -femit-class-debug-always -fstack-usage -fcyclomatic-complexity -MMD -MP -MF"Application/User/generated/image_tiny_outline_disabled_number9.d" -MT"Application/User/generated/image_tiny_outline_disabled_number9.o" --specs=nano.specs -mfpu=fpv5-sp-d16 -mfloat-abi=hard -mthumb -o "Application/User/generated/image_tiny_outline_disabled_number9.o"
arm-none-eabi-g++ "C:/Repository/TouchGfxMineSweeper/TouchGfxMineSweeper/TouchGFX/target/generated/TouchGFXConfiguration.cpp" -mcpu=cortex-m33 -std=gnu++14 -g3 -DDEBUG -DUSE_HAL_DRIVER -DSTM32U5G9xx -c -I../../Core/Inc -I../../TouchGFX/App -I../../TouchGFX/target/generated -I../../TouchGFX/target -I../../Drivers/STM32U5xx_HAL_Driver/Inc -I../../Drivers/STM32U5xx_HAL_Driver/Inc/Legacy -I../../Drivers/CMSIS/Device/ST/STM32U5xx/Include -I../../Drivers/CMSIS/Include -I../../Middlewares/Third_Party/FreeRTOS/Source/include/ -I../../Middlewares/Third_Party/FreeRTOS/Source/portable/GCC/ARM_CM33_NTZ/non_secure/ -I../../Middlewares/Third_Party/FreeRTOS/Source/CMSIS_RTOS_V2/ -I../../Middlewares/Third_Party/CMSIS/RTOS2/Include/ -I../../Drivers/BSP/STM32U5G9J-DK2 -I../../Drivers/BSP -I../../Middlewares/ST/touchgfx/framework/include -I../../TouchGFX/generated/fonts/include -I../../TouchGFX/generated/gui_generated/include -I../../TouchGFX/generated/images/include -I../../TouchGFX/generated/texts/include -I../../TouchGFX/generated/videos/include -I../../TouchGFX/gui/include -I../../Middlewares/ST/touchgfx_components/gpu2d/NemaGFX/include -I../../Middlewares/ST/touchgfx_components/gpu2d/TouchGFXNema/include -Os -ffunction-sections -fdata-sections -fno-exceptions -fno-rtti -fno-use-cxa-atexit -Wall -femit-class-debug-always -fstack-usage -fcyclomatic-complexity -MMD -MP -MF"Application/User/TouchGFX/target/generated/TouchGFXConfiguration.d" -MT"Application/User/TouchGFX/target/generated/TouchGFXConfiguration.o" --specs=nano.specs -mfpu=fpv5-sp-d16 -mfloat-abi=hard -mthumb -o "Application/User/TouchGFX/target/generated/TouchGFXConfiguration.o"
arm-none-eabi-g++ "C:/Repository/TouchGfxMineSweeper/TouchGfxMineSweeper/TouchGFX/target/generated/TouchGFXGeneratedHAL.cpp" -mcpu=cortex-m33 -std=gnu++14 -g3 -DDEBUG -DUSE_HAL_DRIVER -DSTM32U5G9xx -c -I../../Core/Inc -I../../TouchGFX/App -I../../TouchGFX/target/generated -I../../TouchGFX/target -I../../Drivers/STM32U5xx_HAL_Driver/Inc -I../../Drivers/STM32U5xx_HAL_Driver/Inc/Legacy -I../../Drivers/CMSIS/Device/ST/STM32U5xx/Include -I../../Drivers/CMSIS/Include -I../../Middlewares/Third_Party/FreeRTOS/Source/include/ -I../../Middlewares/Third_Party/FreeRTOS/Source/portable/GCC/ARM_CM33_NTZ/non_secure/ -I../../Middlewares/Third_Party/FreeRTOS/Source/CMSIS_RTOS_V2/ -I../../Middlewares/Third_Party/CMSIS/RTOS2/Include/ -I../../Drivers/BSP/STM32U5G9J-DK2 -I../../Drivers/BSP -I../../Middlewares/ST/touchgfx/framework/include -I../../TouchGFX/generated/fonts/include -I../../TouchGFX/generated/gui_generated/include -I../../TouchGFX/generated/images/include -I../../TouchGFX/generated/texts/include -I../../TouchGFX/generated/videos/include -I../../TouchGFX/gui/include -I../../Middlewares/ST/touchgfx_components/gpu2d/NemaGFX/include -I../../Middlewares/ST/touchgfx_components/gpu2d/TouchGFXNema/include -Os -ffunction-sections -fdata-sections -fno-exceptions -fno-rtti -fno-use-cxa-atexit -Wall -femit-class-debug-always -fstack-usage -fcyclomatic-complexity -MMD -MP -MF"Application/User/TouchGFX/target/generated/TouchGFXGeneratedHAL.d" -MT"Application/User/TouchGFX/target/generated/TouchGFXGeneratedHAL.o" --specs=nano.specs -mfpu=fpv5-sp-d16 -mfloat-abi=hard -mthumb -o "Application/User/TouchGFX/target/generated/TouchGFXGeneratedHAL.o"
arm-none-eabi-g++ -o "STM32U5G9J-DK2.elf" @"objects.list"  -l:libtouchgfx-float-abi-hard.a -l:libnemagfx-float-abi-hard.a -l:libtouchgfxnema-float-abi-hard.a -mcpu=cortex-m33 -T"C:\Repository\TouchGfxMineSweeper\TouchGfxMineSweeper\STM32CubeIDE\STM32U5G9ZJTXQ_FLASH.ld" --specs=nosys.specs -Wl,-Map="STM32U5G9J-DK2.map" -Wl,--gc-sections -static -L../../Middlewares/ST/touchgfx/lib/core/cortex_m33/gcc -L../../Middlewares/ST/touchgfx_components/gpu2d/NemaGFX/lib/core/cortex_m33/gcc -L../../Middlewares/ST/touchgfx_components/gpu2d/TouchGFXNema/lib/cortex_m33/gcc --specs=nano.specs -mfpu=fpv5-sp-d16 -mfloat-abi=hard -mthumb -Wl,--start-group -lc -lm -lstdc++ -lsupc++ -Wl,--end-group
C:/ST/STM32CubeIDE_1.15.1/STM32CubeIDE/plugins/com.st.stm32cube.ide.mcu.externaltools.gnu-tools-for-stm32.12.3.rel1.win32_1.0.100.202403111256/tools/bin/../lib/gcc/arm-none-eabi/12.3.1/../../../../arm-none-eabi/bin/ld.exe: warning: STM32U5G9J-DK2.elf has a LOAD segment with RWX permissions
Finished building target: STM32U5G9J-DK2.elf
 
arm-none-eabi-size  STM32U5G9J-DK2.elf 
arm-none-eabi-objdump -h -S STM32U5G9J-DK2.elf  > "STM32U5G9J-DK2.list"
   text	   data	    bss	    dec	    hex	filename
1175380	    720	2085570	3261670	 31c4e6	STM32U5G9J-DK2.elf
Finished building: default.size.stdout
 
Finished building: STM32U5G9J-DK2.list
 

10:05:38 Build Finished. 0 errors, 1 warnings. (took 27s.753ms)

10:08:41 **** Incremental Build of configuration Debug for project STM32U5G9J-DK2 ****
make -j4 all 
arm-none-eabi-g++ "C:/Repository/TouchGfxMineSweeper/TouchGfxMineSweeper/TouchGFX/gui/src/gamescreen1_screen/GameScreen1Presenter.cpp" -mcpu=cortex-m33 -std=gnu++14 -g3 -DDEBUG -DUSE_HAL_DRIVER -DSTM32U5G9xx -c -I../../Core/Inc -I../../TouchGFX/App -I../../TouchGFX/target/generated -I../../TouchGFX/target -I../../Drivers/STM32U5xx_HAL_Driver/Inc -I../../Drivers/STM32U5xx_HAL_Driver/Inc/Legacy -I../../Drivers/CMSIS/Device/ST/STM32U5xx/Include -I../../Drivers/CMSIS/Include -I../../Middlewares/Third_Party/FreeRTOS/Source/include/ -I../../Middlewares/Third_Party/FreeRTOS/Source/portable/GCC/ARM_CM33_NTZ/non_secure/ -I../../Middlewares/Third_Party/FreeRTOS/Source/CMSIS_RTOS_V2/ -I../../Middlewares/Third_Party/CMSIS/RTOS2/Include/ -I../../Drivers/BSP/STM32U5G9J-DK2 -I../../Drivers/BSP -I../../Middlewares/ST/touchgfx/framework/include -I../../TouchGFX/generated/fonts/include -I../../TouchGFX/generated/gui_generated/include -I../../TouchGFX/generated/images/include -I../../TouchGFX/generated/texts/include -I../../TouchGFX/generated/videos/include -I../../TouchGFX/gui/include -I../../Middlewares/ST/touchgfx_components/gpu2d/NemaGFX/include -I../../Middlewares/ST/touchgfx_components/gpu2d/TouchGFXNema/include -Os -ffunction-sections -fdata-sections -fno-exceptions -fno-rtti -fno-use-cxa-atexit -Wall -femit-class-debug-always -fstack-usage -fcyclomatic-complexity -MMD -MP -MF"Application/User/gui/GameScreen1Presenter.d" -MT"Application/User/gui/GameScreen1Presenter.o" --specs=nano.specs -mfpu=fpv5-sp-d16 -mfloat-abi=hard -mthumb -o "Application/User/gui/GameScreen1Presenter.o"
arm-none-eabi-g++ "C:/Repository/TouchGfxMineSweeper/TouchGfxMineSweeper/TouchGFX/gui/src/gamescreen1_screen/GameScreen1View.cpp" -mcpu=cortex-m33 -std=gnu++14 -g3 -DDEBUG -DUSE_HAL_DRIVER -DSTM32U5G9xx -c -I../../Core/Inc -I../../TouchGFX/App -I../../TouchGFX/target/generated -I../../TouchGFX/target -I../../Drivers/STM32U5xx_HAL_Driver/Inc -I../../Drivers/STM32U5xx_HAL_Driver/Inc/Legacy -I../../Drivers/CMSIS/Device/ST/STM32U5xx/Include -I../../Drivers/CMSIS/Include -I../../Middlewares/Third_Party/FreeRTOS/Source/include/ -I../../Middlewares/Third_Party/FreeRTOS/Source/portable/GCC/ARM_CM33_NTZ/non_secure/ -I../../Middlewares/Third_Party/FreeRTOS/Source/CMSIS_RTOS_V2/ -I../../Middlewares/Third_Party/CMSIS/RTOS2/Include/ -I../../Drivers/BSP/STM32U5G9J-DK2 -I../../Drivers/BSP -I../../Middlewares/ST/touchgfx/framework/include -I../../TouchGFX/generated/fonts/include -I../../TouchGFX/generated/gui_generated/include -I../../TouchGFX/generated/images/include -I../../TouchGFX/generated/texts/include -I../../TouchGFX/generated/videos/include -I../../TouchGFX/gui/include -I../../Middlewares/ST/touchgfx_components/gpu2d/NemaGFX/include -I../../Middlewares/ST/touchgfx_components/gpu2d/TouchGFXNema/include -Os -ffunction-sections -fdata-sections -fno-exceptions -fno-rtti -fno-use-cxa-atexit -Wall -femit-class-debug-always -fstack-usage -fcyclomatic-complexity -MMD -MP -MF"Application/User/gui/GameScreen1View.d" -MT"Application/User/gui/GameScreen1View.o" --specs=nano.specs -mfpu=fpv5-sp-d16 -mfloat-abi=hard -mthumb -o "Application/User/gui/GameScreen1View.o"
arm-none-eabi-g++ "C:/Repository/TouchGfxMineSweeper/TouchGfxMineSweeper/TouchGFX/generated/gui_generated/src/common/FrontendApplicationBase.cpp" -mcpu=cortex-m33 -std=gnu++14 -g3 -DDEBUG -DUSE_HAL_DRIVER -DSTM32U5G9xx -c -I../../Core/Inc -I../../TouchGFX/App -I../../TouchGFX/target/generated -I../../TouchGFX/target -I../../Drivers/STM32U5xx_HAL_Driver/Inc -I../../Drivers/STM32U5xx_HAL_Driver/Inc/Legacy -I../../Drivers/CMSIS/Device/ST/STM32U5xx/Include -I../../Drivers/CMSIS/Include -I../../Middlewares/Third_Party/FreeRTOS/Source/include/ -I../../Middlewares/Third_Party/FreeRTOS/Source/portable/GCC/ARM_CM33_NTZ/non_secure/ -I../../Middlewares/Third_Party/FreeRTOS/Source/CMSIS_RTOS_V2/ -I../../Middlewares/Third_Party/CMSIS/RTOS2/Include/ -I../../Drivers/BSP/STM32U5G9J-DK2 -I../../Drivers/BSP -I../../Middlewares/ST/touchgfx/framework/include -I../../TouchGFX/generated/fonts/include -I../../TouchGFX/generated/gui_generated/include -I../../TouchGFX/generated/images/include -I../../TouchGFX/generated/texts/include -I../../TouchGFX/generated/videos/include -I../../TouchGFX/gui/include -I../../Middlewares/ST/touchgfx_components/gpu2d/NemaGFX/include -I../../Middlewares/ST/touchgfx_components/gpu2d/TouchGFXNema/include -Os -ffunction-sections -fdata-sections -fno-exceptions -fno-rtti -fno-use-cxa-atexit -Wall -femit-class-debug-always -fstack-usage -fcyclomatic-complexity -MMD -MP -MF"Application/User/generated/FrontendApplicationBase.d" -MT"Application/User/generated/FrontendApplicationBase.o" --specs=nano.specs -mfpu=fpv5-sp-d16 -mfloat-abi=hard -mthumb -o "Application/User/generated/FrontendApplicationBase.o"
arm-none-eabi-g++ "C:/Repository/TouchGfxMineSweeper/TouchGfxMineSweeper/TouchGFX/target/generated/TouchGFXConfiguration.cpp" -mcpu=cortex-m33 -std=gnu++14 -g3 -DDEBUG -DUSE_HAL_DRIVER -DSTM32U5G9xx -c -I../../Core/Inc -I../../TouchGFX/App -I../../TouchGFX/target/generated -I../../TouchGFX/target -I../../Drivers/STM32U5xx_HAL_Driver/Inc -I../../Drivers/STM32U5xx_HAL_Driver/Inc/Legacy -I../../Drivers/CMSIS/Device/ST/STM32U5xx/Include -I../../Drivers/CMSIS/Include -I../../Middlewares/Third_Party/FreeRTOS/Source/include/ -I../../Middlewares/Third_Party/FreeRTOS/Source/portable/GCC/ARM_CM33_NTZ/non_secure/ -I../../Middlewares/Third_Party/FreeRTOS/Source/CMSIS_RTOS_V2/ -I../../Middlewares/Third_Party/CMSIS/RTOS2/Include/ -I../../Drivers/BSP/STM32U5G9J-DK2 -I../../Drivers/BSP -I../../Middlewares/ST/touchgfx/framework/include -I../../TouchGFX/generated/fonts/include -I../../TouchGFX/generated/gui_generated/include -I../../TouchGFX/generated/images/include -I../../TouchGFX/generated/texts/include -I../../TouchGFX/generated/videos/include -I../../TouchGFX/gui/include -I../../Middlewares/ST/touchgfx_components/gpu2d/NemaGFX/include -I../../Middlewares/ST/touchgfx_components/gpu2d/TouchGFXNema/include -Os -ffunction-sections -fdata-sections -fno-exceptions -fno-rtti -fno-use-cxa-atexit -Wall -femit-class-debug-always -fstack-usage -fcyclomatic-complexity -MMD -MP -MF"Application/User/TouchGFX/target/generated/TouchGFXConfiguration.d" -MT"Application/User/TouchGFX/target/generated/TouchGFXConfiguration.o" --specs=nano.specs -mfpu=fpv5-sp-d16 -mfloat-abi=hard -mthumb -o "Application/User/TouchGFX/target/generated/TouchGFXConfiguration.o"
arm-none-eabi-g++ "C:/Repository/TouchGfxMineSweeper/TouchGfxMineSweeper/TouchGFX/target/generated/TouchGFXGeneratedHAL.cpp" -mcpu=cortex-m33 -std=gnu++14 -g3 -DDEBUG -DUSE_HAL_DRIVER -DSTM32U5G9xx -c -I../../Core/Inc -I../../TouchGFX/App -I../../TouchGFX/target/generated -I../../TouchGFX/target -I../../Drivers/STM32U5xx_HAL_Driver/Inc -I../../Drivers/STM32U5xx_HAL_Driver/Inc/Legacy -I../../Drivers/CMSIS/Device/ST/STM32U5xx/Include -I../../Drivers/CMSIS/Include -I../../Middlewares/Third_Party/FreeRTOS/Source/include/ -I../../Middlewares/Third_Party/FreeRTOS/Source/portable/GCC/ARM_CM33_NTZ/non_secure/ -I../../Middlewares/Third_Party/FreeRTOS/Source/CMSIS_RTOS_V2/ -I../../Middlewares/Third_Party/CMSIS/RTOS2/Include/ -I../../Drivers/BSP/STM32U5G9J-DK2 -I../../Drivers/BSP -I../../Middlewares/ST/touchgfx/framework/include -I../../TouchGFX/generated/fonts/include -I../../TouchGFX/generated/gui_generated/include -I../../TouchGFX/generated/images/include -I../../TouchGFX/generated/texts/include -I../../TouchGFX/generated/videos/include -I../../TouchGFX/gui/include -I../../Middlewares/ST/touchgfx_components/gpu2d/NemaGFX/include -I../../Middlewares/ST/touchgfx_components/gpu2d/TouchGFXNema/include -Os -ffunction-sections -fdata-sections -fno-exceptions -fno-rtti -fno-use-cxa-atexit -Wall -femit-class-debug-always -fstack-usage -fcyclomatic-complexity -MMD -MP -MF"Application/User/TouchGFX/target/generated/TouchGFXGeneratedHAL.d" -MT"Application/User/TouchGFX/target/generated/TouchGFXGeneratedHAL.o" --specs=nano.specs -mfpu=fpv5-sp-d16 -mfloat-abi=hard -mthumb -o "Application/User/TouchGFX/target/generated/TouchGFXGeneratedHAL.o"
arm-none-eabi-g++ -o "STM32U5G9J-DK2.elf" @"objects.list"  -l:libtouchgfx-float-abi-hard.a -l:libnemagfx-float-abi-hard.a -l:libtouchgfxnema-float-abi-hard.a -mcpu=cortex-m33 -T"C:\Repository\TouchGfxMineSweeper\TouchGfxMineSweeper\STM32CubeIDE\STM32U5G9ZJTXQ_FLASH.ld" --specs=nosys.specs -Wl,-Map="STM32U5G9J-DK2.map" -Wl,--gc-sections -static -L../../Middlewares/ST/touchgfx/lib/core/cortex_m33/gcc -L../../Middlewares/ST/touchgfx_components/gpu2d/NemaGFX/lib/core/cortex_m33/gcc -L../../Middlewares/ST/touchgfx_components/gpu2d/TouchGFXNema/lib/cortex_m33/gcc --specs=nano.specs -mfpu=fpv5-sp-d16 -mfloat-abi=hard -mthumb -Wl,--start-group -lc -lm -lstdc++ -lsupc++ -Wl,--end-group
C:/ST/STM32CubeIDE_1.15.1/STM32CubeIDE/plugins/com.st.stm32cube.ide.mcu.externaltools.gnu-tools-for-stm32.12.3.rel1.win32_1.0.100.202403111256/tools/bin/../lib/gcc/arm-none-eabi/12.3.1/../../../../arm-none-eabi/bin/ld.exe: warning: STM32U5G9J-DK2.elf has a LOAD segment with RWX permissions
Finished building target: STM32U5G9J-DK2.elf
 
arm-none-eabi-size  STM32U5G9J-DK2.elf 
arm-none-eabi-objdump -h -S STM32U5G9J-DK2.elf  > "STM32U5G9J-DK2.list"
   text	   data	    bss	    dec	    hex	filename
1175380	    720	2085570	3261670	 31c4e6	STM32U5G9J-DK2.elf
Finished building: default.size.stdout
 
Finished building: STM32U5G9J-DK2.list
 
10:10:00 **** Incremental Build of configuration Debug for project STM32U5G9J-DK2 ****
make -j4 all 
arm-none-eabi-g++ "C:/Repository/TouchGfxMineSweeper/TouchGfxMineSweeper/TouchGFX/gui/src/gamescreen1_screen/GameScreen1Presenter.cpp" -mcpu=cortex-m33 -std=gnu++14 -g3 -DDEBUG -DUSE_HAL_DRIVER -DSTM32U5G9xx -c -I../../Core/Inc -I../../TouchGFX/App -I../../TouchGFX/target/generated -I../../TouchGFX/target -I../../Drivers/STM32U5xx_HAL_Driver/Inc -I../../Drivers/STM32U5xx_HAL_Driver/Inc/Legacy -I../../Drivers/CMSIS/Device/ST/STM32U5xx/Include -I../../Drivers/CMSIS/Include -I../../Middlewares/Third_Party/FreeRTOS/Source/include/ -I../../Middlewares/Third_Party/FreeRTOS/Source/portable/GCC/ARM_CM33_NTZ/non_secure/ -I../../Middlewares/Third_Party/FreeRTOS/Source/CMSIS_RTOS_V2/ -I../../Middlewares/Third_Party/CMSIS/RTOS2/Include/ -I../../Drivers/BSP/STM32U5G9J-DK2 -I../../Drivers/BSP -I../../Middlewares/ST/touchgfx/framework/include -I../../TouchGFX/generated/fonts/include -I../../TouchGFX/generated/gui_generated/include -I../../TouchGFX/generated/images/include -I../../TouchGFX/generated/texts/include -I../../TouchGFX/generated/videos/include -I../../TouchGFX/gui/include -I../../Middlewares/ST/touchgfx_components/gpu2d/NemaGFX/include -I../../Middlewares/ST/touchgfx_components/gpu2d/TouchGFXNema/include -Os -ffunction-sections -fdata-sections -fno-exceptions -fno-rtti -fno-use-cxa-atexit -Wall -femit-class-debug-always -fstack-usage -fcyclomatic-complexity -MMD -MP -MF"Application/User/gui/GameScreen1Presenter.d" -MT"Application/User/gui/GameScreen1Presenter.o" --specs=nano.specs -mfpu=fpv5-sp-d16 -mfloat-abi=hard -mthumb -o "Application/User/gui/GameScreen1Presenter.o"
[...]
arm-none-eabi-g++ "C:/Repository/TouchGfxMineSweeper/TouchGfxMineSweeper/TouchGFX/generated/images/src/image_tiny_outline_disabled_number2.cpp" -mcpu=cortex-m33 -std=gnu++14 -g3 -DDEBUG -DUSE_HAL_DRIVER -DSTM32U5G9xx -c -I../../Core/Inc -I../../TouchGFX/App -I../../TouchGFX/target/generated -I../../TouchGFX/target -I../../Drivers/STM32U5xx_HAL_Driver/Inc -I../../Drivers/STM32U5xx_HAL_Driver/Inc/Legacy -I../../Drivers/CMSIS/Device/ST/STM32U5xx/Include -I../../Drivers/CMSIS/Include -I../../Middlewares/Third_Party/FreeRTOS/Source/include/ -I../../Middlewares/Third_Party/FreeRTOS/Source/portable/GCC/ARM_CM33_NTZ/non_secure/ -I../../Middlewares/Third_Party/FreeRTOS/Source/CMSIS_RTOS_V2/ -I../../Middlewares/Third_Party/CMSIS/RTOS2/Include/ -I../../Drivers/BSP/STM32U5G9J-DK2 -I../../Drivers/BSP -I../../Middlewares/ST/touchgfx/framework/include -I../../TouchGFX/generated/fonts/include -I../../TouchGFX/generated/gui_generated/include -I../../TouchGFX/generated/images/include -I../../TouchGFX/generated/texts/include -I../../TouchGFX/generated/videos/include -I../../TouchGFX/gui/include -I../../Middlewares/ST/touchgfx_components/gpu2d/NemaGFX/include -I../../Middlewares/ST/touchgfx_components/gpu2d/TouchGFXNema/include -Os -ffunction-sections -fdata-sections -fno-exceptions -fno-rtti -fno-use-cxa-atexit -Wall -femit-class-debug-always -fstack-usage -fcyclomatic-complexity -MMD -MP -MF"Application/User/generated/image_tiny_outline_disabled_number2.d" -MT"Application/User/generated/image_tiny_outline_disabled_number2.o" --specs=nano.specs -mfpu=fpv5-sp-d16 -mfloat-abi=hard -mthumb -o "Application/User/generated/image_tiny_outline_disabled_number2.o"
arm-none-eabi-g++ "C:/Repository/TouchGfxMineSweeper/TouchGfxMineSweeper/TouchGFX/generated/images/src/image_tiny_outline_disabled_number3.cpp" -mcpu=cortex-m33 -std=gnu++14 -g3 -DDEBUG -DUSE_HAL_DRIVER -DSTM32U5G9xx -c -I../../Core/Inc -I../../TouchGFX/App -I../../TouchGFX/target/generated -I../../TouchGFX/target -I../../Drivers/STM32U5xx_HAL_Driver/Inc -I../../Drivers/STM32U5xx_HAL_Driver/Inc/Legacy -I../../Drivers/CMSIS/Device/ST/STM32U5xx/Include -I../../Drivers/CMSIS/Include -I../../Middlewares/Third_Party/FreeRTOS/Source/include/ -I../../Middlewares/Third_Party/FreeRTOS/Source/portable/GCC/ARM_CM33_NTZ/non_secure/ -I../../Middlewares/Third_Party/FreeRTOS/Source/CMSIS_RTOS_V2/ -I../../Middlewares/Third_Party/CMSIS/RTOS2/Include/ -I../../Drivers/BSP/STM32U5G9J-DK2 -I../../Drivers/BSP -I../../Middlewares/ST/touchgfx/framework/include -I../../TouchGFX/generated/fonts/include -I../../TouchGFX/generated/gui_generated/include -I../../TouchGFX/generated/images/include -I../../TouchGFX/generated/texts/include -I../../TouchGFX/generated/videos/include -I../../TouchGFX/gui/include -I../../Middlewares/ST/touchgfx_components/gpu2d/NemaGFX/include -I../../Middlewares/ST/touchgfx_components/gpu2d/TouchGFXNema/include -Os -ffunction-sections -fdata-sections -fno-exceptions -fno-rtti -fno-use-cxa-atexit -Wall -femit-class-debug-always -fstack-usage -fcyclomatic-complexity -MMD -MP -MF"Application/User/generated/image_tiny_outline_disabled_number3.d" -MT"Application/User/generated/image_tiny_outline_disabled_number3.o" --specs=nano.specs -mfpu=fpv5-sp-d16 -mfloat-abi=hard -mthumb -o "Application/User/generated/image_tiny_outline_disabled_number3.o"
arm-none-eabi-g++ "C:/Repository/TouchGfxMineSweeper/TouchGfxMineSweeper/TouchGFX/generated/images/src/image_tiny_outline_disabled_number4.cpp" -mcpu=cortex-m33 -std=gnu++14 -g3 -DDEBUG -DUSE_HAL_DRIVER -DSTM32U5G9xx -c -I../../Core/Inc -I../../TouchGFX/App -I../../TouchGFX/target/generated -I../../TouchGFX/target -I../../Drivers/STM32U5xx_HAL_Driver/Inc -I../../Drivers/STM32U5xx_HAL_Driver/Inc/Legacy -I../../Drivers/CMSIS/Device/ST/STM32U5xx/Include -I../../Drivers/CMSIS/Include -I../../Middlewares/Third_Party/FreeRTOS/Source/include/ -I../../Middlewares/Third_Party/FreeRTOS/Source/portable/GCC/ARM_CM33_NTZ/non_secure/ -I../../Middlewares/Third_Party/FreeRTOS/Source/CMSIS_RTOS_V2/ -I../../Middlewares/Third_Party/CMSIS/RTOS2/Include/ -I../../Drivers/BSP/STM32U5G9J-DK2 -I../../Drivers/BSP -I../../Middlewares/ST/touchgfx/framework/include -I../../TouchGFX/generated/fonts/include -I../../TouchGFX/generated/gui_generated/include -I../../TouchGFX/generated/images/include -I../../TouchGFX/generated/texts/include -I../../TouchGFX/generated/videos/include -I../../TouchGFX/gui/include -I../../Middlewares/ST/touchgfx_components/gpu2d/NemaGFX/include -I../../Middlewares/ST/touchgfx_components/gpu2d/TouchGFXNema/include -Os -ffunction-sections -fdata-sections -fno-exceptions -fno-rtti -fno-use-cxa-atexit -Wall -femit-class-debug-always -fstack-usage -fcyclomatic-complexity -MMD -MP -MF"Application/User/generated/image_tiny_outline_disabled_number4.d" -MT"Application/User/generated/image_tiny_outline_disabled_number4.o" --specs=nano.specs -mfpu=fpv5-sp-d16 -mfloat-abi=hard -mthumb -o "Application/User/generated/image_tiny_outline_disabled_number4.o"
arm-none-eabi-g++ "C:/Repository/TouchGfxMineSweeper/TouchGfxMineSweeper/TouchGFX/generated/images/src/image_tiny_outline_disabled_number5.cpp" -mcpu=cortex-m33 -std=gnu++14 -g3 -DDEBUG -DUSE_HAL_DRIVER -DSTM32U5G9xx -c -I../../Core/Inc -I../../TouchGFX/App -I../../TouchGFX/target/generated -I../../TouchGFX/target -I../../Drivers/STM32U5xx_HAL_Driver/Inc -I../../Drivers/STM32U5xx_HAL_Driver/Inc/Legacy -I../../Drivers/CMSIS/Device/ST/STM32U5xx/Include -I../../Drivers/CMSIS/Include -I../../Middlewares/Third_Party/FreeRTOS/Source/include/ -I../../Middlewares/Third_Party/FreeRTOS/Source/portable/GCC/ARM_CM33_NTZ/non_secure/ -I../../Middlewares/Third_Party/FreeRTOS/Source/CMSIS_RTOS_V2/ -I../../Middlewares/Third_Party/CMSIS/RTOS2/Include/ -I../../Drivers/BSP/STM32U5G9J-DK2 -I../../Drivers/BSP -I../../Middlewares/ST/touchgfx/framework/include -I../../TouchGFX/generated/fonts/include -I../../TouchGFX/generated/gui_generated/include -I../../TouchGFX/generated/images/include -I../../TouchGFX/generated/texts/include -I../../TouchGFX/generated/videos/include -I../../TouchGFX/gui/include -I../../Middlewares/ST/touchgfx_components/gpu2d/NemaGFX/include -I../../Middlewares/ST/touchgfx_components/gpu2d/TouchGFXNema/include -Os -ffunction-sections -fdata-sections -fno-exceptions -fno-rtti -fno-use-cxa-atexit -Wall -femit-class-debug-always -fstack-usage -fcyclomatic-complexity -MMD -MP -MF"Application/User/generated/image_tiny_outline_disabled_number5.d" -MT"Application/User/generated/image_tiny_outline_disabled_number5.o" --specs=nano.specs -mfpu=fpv5-sp-d16 -mfloat-abi=hard -mthumb -o "Application/User/generated/image_tiny_outline_disabled_number5.o"
arm-none-eabi-g++ "C:/Repository/TouchGfxMineSweeper/TouchGfxMineSweeper/TouchGFX/generated/images/src/image_tiny_outline_disabled_number6.cpp" -mcpu=cortex-m33 -std=gnu++14 -g3 -DDEBUG -DUSE_HAL_DRIVER -DSTM32U5G9xx -c -I../../Core/Inc -I../../TouchGFX/App -I../../TouchGFX/target/generated -I../../TouchGFX/target -I../../Drivers/STM32U5xx_HAL_Driver/Inc -I../../Drivers/STM32U5xx_HAL_Driver/Inc/Legacy -I../../Drivers/CMSIS/Device/ST/STM32U5xx/Include -I../../Drivers/CMSIS/Include -I../../Middlewares/Third_Party/FreeRTOS/Source/include/ -I../../Middlewares/Third_Party/FreeRTOS/Source/portable/GCC/ARM_CM33_NTZ/non_secure/ -I../../Middlewares/Third_Party/FreeRTOS/Source/CMSIS_RTOS_V2/ -I../../Middlewares/Third_Party/CMSIS/RTOS2/Include/ -I../../Drivers/BSP/STM32U5G9J-DK2 -I../../Drivers/BSP -I../../Middlewares/ST/touchgfx/framework/include -I../../TouchGFX/generated/fonts/include -I../../TouchGFX/generated/gui_generated/include -I../../TouchGFX/generated/images/include -I../../TouchGFX/generated/texts/include -I../../TouchGFX/generated/videos/include -I../../TouchGFX/gui/include -I../../Middlewares/ST/touchgfx_components/gpu2d/NemaGFX/include -I../../Middlewares/ST/touchgfx_components/gpu2d/TouchGFXNema/include -Os -ffunction-sections -fdata-sections -fno-exceptions -fno-rtti -fno-use-cxa-atexit -Wall -femit-class-debug-always -fstack-usage -fcyclomatic-complexity -MMD -MP -MF"Application/User/generated/image_tiny_outline_disabled_number6.d" -MT"Application/User/generated/image_tiny_outline_disabled_number6.o" --specs=nano.specs -mfpu=fpv5-sp-d16 -mfloat-abi=hard -mthumb -o "Application/User/generated/image_tiny_outline_disabled_number6.o"
arm-none-eabi-g++ "C:/Repository/TouchGfxMineSweeper/TouchGfxMineSweeper/TouchGFX/generated/images/src/image_tiny_outline_disabled_number7.cpp" -mcpu=cortex-m33 -std=gnu++14 -g3 -DDEBUG -DUSE_HAL_DRIVER -DSTM32U5G9xx -c -I../../Core/Inc -I../../TouchGFX/App -I../../TouchGFX/target/generated -I../../TouchGFX/target -I../../Drivers/STM32U5xx_HAL_Driver/Inc -I../../Drivers/STM32U5xx_HAL_Driver/Inc/Legacy -I../../Drivers/CMSIS/Device/ST/STM32U5xx/Include -I../../Drivers/CMSIS/Include -I../../Middlewares/Third_Party/FreeRTOS/Source/include/ -I../../Middlewares/Third_Party/FreeRTOS/Source/portable/GCC/ARM_CM33_NTZ/non_secure/ -I../../Middlewares/Third_Party/FreeRTOS/Source/CMSIS_RTOS_V2/ -I../../Middlewares/Third_Party/CMSIS/RTOS2/Include/ -I../../Drivers/BSP/STM32U5G9J-DK2 -I../../Drivers/BSP -I../../Middlewares/ST/touchgfx/framework/include -I../../TouchGFX/generated/fonts/include -I../../TouchGFX/generated/gui_generated/include -I../../TouchGFX/generated/images/include -I../../TouchGFX/generated/texts/include -I../../TouchGFX/generated/videos/include -I../../TouchGFX/gui/include -I../../Middlewares/ST/touchgfx_components/gpu2d/NemaGFX/include -I../../Middlewares/ST/touchgfx_components/gpu2d/TouchGFXNema/include -Os -ffunction-sections -fdata-sections -fno-exceptions -fno-rtti -fno-use-cxa-atexit -Wall -femit-class-debug-always -fstack-usage -fcyclomatic-complexity -MMD -MP -MF"Application/User/generated/image_tiny_outline_disabled_number7.d" -MT"Application/User/generated/image_tiny_outline_disabled_number7.o" --specs=nano.specs -mfpu=fpv5-sp-d16 -mfloat-abi=hard -mthumb -o "Application/User/generated/image_tiny_outline_disabled_number7.o"
arm-none-eabi-g++ "C:/Repository/TouchGfxMineSweeper/TouchGfxMineSweeper/TouchGFX/generated/images/src/image_tiny_outline_disabled_number8.cpp" -mcpu=cortex-m33 -std=gnu++14 -g3 -DDEBUG -DUSE_HAL_DRIVER -DSTM32U5G9xx -c -I../../Core/Inc -I../../TouchGFX/App -I../../TouchGFX/target/generated -I../../TouchGFX/target -I../../Drivers/STM32U5xx_HAL_Driver/Inc -I../../Drivers/STM32U5xx_HAL_Driver/Inc/Legacy -I../../Drivers/CMSIS/Device/ST/STM32U5xx/Include -I../../Drivers/CMSIS/Include -I../../Middlewares/Third_Party/FreeRTOS/Source/include/ -I../../Middlewares/Third_Party/FreeRTOS/Source/portable/GCC/ARM_CM33_NTZ/non_secure/ -I../../Middlewares/Third_Party/FreeRTOS/Source/CMSIS_RTOS_V2/ -I../../Middlewares/Third_Party/CMSIS/RTOS2/Include/ -I../../Drivers/BSP/STM32U5G9J-DK2 -I../../Drivers/BSP -I../../Middlewares/ST/touchgfx/framework/include -I../../TouchGFX/generated/fonts/include -I../../TouchGFX/generated/gui_generated/include -I../../TouchGFX/generated/images/include -I../../TouchGFX/generated/texts/include -I../../TouchGFX/generated/videos/include -I../../TouchGFX/gui/include -I../../Middlewares/ST/touchgfx_components/gpu2d/NemaGFX/include -I../../Middlewares/ST/touchgfx_components/gpu2d/TouchGFXNema/include -Os -ffunction-sections -fdata-sections -fno-exceptions -fno-rtti -fno-use-cxa-atexit -Wall -femit-class-debug-always -fstack-usage -fcyclomatic-complexity -MMD -MP -MF"Application/User/generated/image_tiny_outline_disabled_number8.d" -MT"Application/User/generated/image_tiny_outline_disabled_number8.o" --specs=nano.specs -mfpu=fpv5-sp-d16 -mfloat-abi=hard -mthumb -o "Application/User/generated/image_tiny_outline_disabled_number8.o"
arm-none-eabi-g++ "C:/Repository/TouchGfxMineSweeper/TouchGfxMineSweeper/TouchGFX/generated/images/src/image_tiny_outline_disabled_number9.cpp" -mcpu=cortex-m33 -std=gnu++14 -g3 -DDEBUG -DUSE_HAL_DRIVER -DSTM32U5G9xx -c -I../../Core/Inc -I../../TouchGFX/App -I../../TouchGFX/target/generated -I../../TouchGFX/target -I../../Drivers/STM32U5xx_HAL_Driver/Inc -I../../Drivers/STM32U5xx_HAL_Driver/Inc/Legacy -I../../Drivers/CMSIS/Device/ST/STM32U5xx/Include -I../../Drivers/CMSIS/Include -I../../Middlewares/Third_Party/FreeRTOS/Source/include/ -I../../Middlewares/Third_Party/FreeRTOS/Source/portable/GCC/ARM_CM33_NTZ/non_secure/ -I../../Middlewares/Third_Party/FreeRTOS/Source/CMSIS_RTOS_V2/ -I../../Middlewares/Third_Party/CMSIS/RTOS2/Include/ -I../../Drivers/BSP/STM32U5G9J-DK2 -I../../Drivers/BSP -I../../Middlewares/ST/touchgfx/framework/include -I../../TouchGFX/generated/fonts/include -I../../TouchGFX/generated/gui_generated/include -I../../TouchGFX/generated/images/include -I../../TouchGFX/generated/texts/include -I../../TouchGFX/generated/videos/include -I../../TouchGFX/gui/include -I../../Middlewares/ST/touchgfx_components/gpu2d/NemaGFX/include -I../../Middlewares/ST/touchgfx_components/gpu2d/TouchGFXNema/include -Os -ffunction-sections -fdata-sections -fno-exceptions -fno-rtti -fno-use-cxa-atexit -Wall -femit-class-debug-always -fstack-usage -fcyclomatic-complexity -MMD -MP -MF"Application/User/generated/image_tiny_outline_disabled_number9.d" -MT"Application/User/generated/image_tiny_outline_disabled_number9.o" --specs=nano.specs -mfpu=fpv5-sp-d16 -mfloat-abi=hard -mthumb -o "Application/User/generated/image_tiny_outline_disabled_number9.o"
arm-none-eabi-g++ "C:/Repository/TouchGfxMineSweeper/TouchGfxMineSweeper/TouchGFX/target/generated/TouchGFXConfiguration.cpp" -mcpu=cortex-m33 -std=gnu++14 -g3 -DDEBUG -DUSE_HAL_DRIVER -DSTM32U5G9xx -c -I../../Core/Inc -I../../TouchGFX/App -I../../TouchGFX/target/generated -I../../TouchGFX/target -I../../Drivers/STM32U5xx_HAL_Driver/Inc -I../../Drivers/STM32U5xx_HAL_Driver/Inc/Legacy -I../../Drivers/CMSIS/Device/ST/STM32U5xx/Include -I../../Drivers/CMSIS/Include -I../../Middlewares/Third_Party/FreeRTOS/Source/include/ -I../../Middlewares/Third_Party/FreeRTOS/Source/portable/GCC/ARM_CM33_NTZ/non_secure/ -I../../Middlewares/Third_Party/FreeRTOS/Source/CMSIS_RTOS_V2/ -I../../Middlewares/Third_Party/CMSIS/RTOS2/Include/ -I../../Drivers/BSP/STM32U5G9J-DK2 -I../../Drivers/BSP -I../../Middlewares/ST/touchgfx/framework/include -I../../TouchGFX/generated/fonts/include -I../../TouchGFX/generated/gui_generated/include -I../../TouchGFX/generated/images/include -I../../TouchGFX/generated/texts/include -I../../TouchGFX/generated/videos/include -I../../TouchGFX/gui/include -I../../Middlewares/ST/touchgfx_components/gpu2d/NemaGFX/include -I../../Middlewares/ST/touchgfx_components/gpu2d/TouchGFXNema/include -Os -ffunction-sections -fdata-sections -fno-exceptions -fno-rtti -fno-use-cxa-atexit -Wall -femit-class-debug-always -fstack-usage -fcyclomatic-complexity -MMD -MP -MF"Application/User/TouchGFX/target/generated/TouchGFXConfiguration.d" -MT"Application/User/TouchGFX/target/generated/TouchGFXConfiguration.o" --specs=nano.specs -mfpu=fpv5-sp-d16 -mfloat-abi=hard -mthumb -o "Application/User/TouchGFX/target/generated/TouchGFXConfiguration.o"
arm-none-eabi-g++ "C:/Repository/TouchGfxMineSweeper/TouchGfxMineSweeper/TouchGFX/target/generated/TouchGFXGeneratedHAL.cpp" -mcpu=cortex-m33 -std=gnu++14 -g3 -DDEBUG -DUSE_HAL_DRIVER -DSTM32U5G9xx -c -I../../Core/Inc -I../../TouchGFX/App -I../../TouchGFX/target/generated -I../../TouchGFX/target -I../../Drivers/STM32U5xx_HAL_Driver/Inc -I../../Drivers/STM32U5xx_HAL_Driver/Inc/Legacy -I../../Drivers/CMSIS/Device/ST/STM32U5xx/Include -I../../Drivers/CMSIS/Include -I../../Middlewares/Third_Party/FreeRTOS/Source/include/ -I../../Middlewares/Third_Party/FreeRTOS/Source/portable/GCC/ARM_CM33_NTZ/non_secure/ -I../../Middlewares/Third_Party/FreeRTOS/Source/CMSIS_RTOS_V2/ -I../../Middlewares/Third_Party/CMSIS/RTOS2/Include/ -I../../Drivers/BSP/STM32U5G9J-DK2 -I../../Drivers/BSP -I../../Middlewares/ST/touchgfx/framework/include -I../../TouchGFX/generated/fonts/include -I../../TouchGFX/generated/gui_generated/include -I../../TouchGFX/generated/images/include -I../../TouchGFX/generated/texts/include -I../../TouchGFX/generated/videos/include -I../../TouchGFX/gui/include -I../../Middlewares/ST/touchgfx_components/gpu2d/NemaGFX/include -I../../Middlewares/ST/touchgfx_components/gpu2d/TouchGFXNema/include -Os -ffunction-sections -fdata-sections -fno-exceptions -fno-rtti -fno-use-cxa-atexit -Wall -femit-class-debug-always -fstack-usage -fcyclomatic-complexity -MMD -MP -MF"Application/User/TouchGFX/target/generated/TouchGFXGeneratedHAL.d" -MT"Application/User/TouchGFX/target/generated/TouchGFXGeneratedHAL.o" --specs=nano.specs -mfpu=fpv5-sp-d16 -mfloat-abi=hard -mthumb -o "Application/User/TouchGFX/target/generated/TouchGFXGeneratedHAL.o"
arm-none-eabi-g++ -o "STM32U5G9J-DK2.elf" @"objects.list"  -l:libtouchgfx-float-abi-hard.a -l:libnemagfx-float-abi-hard.a -l:libtouchgfxnema-float-abi-hard.a -mcpu=cortex-m33 -T"C:\Repository\TouchGfxMineSweeper\TouchGfxMineSweeper\STM32CubeIDE\STM32U5G9ZJTXQ_FLASH.ld" --specs=nosys.specs -Wl,-Map="STM32U5G9J-DK2.map" -Wl,--gc-sections -static -L../../Middlewares/ST/touchgfx/lib/core/cortex_m33/gcc -L../../Middlewares/ST/touchgfx_components/gpu2d/NemaGFX/lib/core/cortex_m33/gcc -L../../Middlewares/ST/touchgfx_components/gpu2d/TouchGFXNema/lib/cortex_m33/gcc --specs=nano.specs -mfpu=fpv5-sp-d16 -mfloat-abi=hard -mthumb -Wl,--start-group -lc -lm -lstdc++ -lsupc++ -Wl,--end-group
C:/ST/STM32CubeIDE_1.15.1/STM32CubeIDE/plugins/com.st.stm32cube.ide.mcu.externaltools.gnu-tools-for-stm32.12.3.rel1.win32_1.0.100.202403111256/tools/bin/../lib/gcc/arm-none-eabi/12.3.1/../../../../arm-none-eabi/bin/ld.exe: warning: STM32U5G9J-DK2.elf has a LOAD segment with RWX permissions
Finished building target: STM32U5G9J-DK2.elf
 
arm-none-eabi-size  STM32U5G9J-DK2.elf 
arm-none-eabi-objdump -h -S STM32U5G9J-DK2.elf  > "STM32U5G9J-DK2.list"
   text	   data	    bss	    dec	    hex	filename
1189832	    720	2085570	3276122	 31fd5a	STM32U5G9J-DK2.elf
Finished building: default.size.stdout
 
Finished building: STM32U5G9J-DK2.list
 
10:34:18 **** Incremental Build of configuration Debug for project STM32U5G9J-DK2 ****
make -j4 all 
arm-none-eabi-size  STM32U5G9J-DK2.elf 
   text	   data	    bss	    dec	    hex	filename
1189832	    720	2085570	3276122	 31fd5a	STM32U5G9J-DK2.elf
Finished building: default.size.stdout
 
10:35:14 **** Incremental Build of configuration Debug for project STM32U5G9J-DK2 ****
make -j4 all 
arm-none-eabi-size  STM32U5G9J-DK2.elf 
   text	   data	    bss	    dec	    hex	filename
1189832	    720	2085570	3276122	 31fd5a	STM32U5G9J-DK2.elf
Finished building: default.size.stdout
 
