11:37:42 **** Incremental Build of configuration Debug for project STM32U5G9J-DK2 ****
make -j4 all 
arm-none-eabi-g++ "C:/Repository/TouchGfxMineSweeper/TouchGfxMineSweeper/TouchGFX/gui/src/common/FrontendApplication.cpp" -mcpu=cortex-m33 -std=gnu++14 -g3 -DDEBUG -DUSE_HAL_DRIVER -DSTM32U5G9xx -c -I../../Core/Inc -I../../TouchGFX/App -I../../TouchGFX/target/generated -I../../TouchGFX/target -I../../Drivers/STM32U5xx_HAL_Driver/Inc -I../../Drivers/STM32U5xx_HAL_Driver/Inc/Legacy -I../../Drivers/CMSIS/Device/ST/STM32U5xx/Include -I../../Drivers/CMSIS/Include -I../../Middlewares/Third_Party/FreeRTOS/Source/include/ -I../../Middlewares/Third_Party/FreeRTOS/Source/portable/GCC/ARM_CM33_NTZ/non_secure/ -I../../Middlewares/Third_Party/FreeRTOS/Source/CMSIS_RTOS_V2/ -I../../Middlewares/Third_Party/CMSIS/RTOS2/Include/ -I../../Drivers/BSP/STM32U5G9J-DK2 -I../../Drivers/BSP -I../../Middlewares/ST/touchgfx/framework/include -I../../TouchGFX/generated/fonts/include -I../../TouchGFX/generated/gui_generated/include -I../../TouchGFX/generated/images/include -I../../TouchGFX/generated/texts/include -I../../TouchGFX/generated/videos/include -I../../TouchGFX/gui/include -I../../Middlewares/ST/touchgfx_components/gpu2d/NemaGFX/include -I../../Middlewares/ST/touchgfx_components/gpu2d/TouchGFXNema/include -Os -ffunction-sections -fdata-sections -fno-exceptions -fno-rtti -fno-use-cxa-atexit -Wall -femit-class-debug-always -fstack-usage -fcyclomatic-complexity -MMD -MP -MF"Application/User/gui/FrontendApplication.d" -MT"Application/User/gui/FrontendApplication.o" --specs=nano.specs -mfpu=fpv5-sp-d16 -mfloat-abi=hard -mthumb -o "Application/User/gui/FrontendApplication.o"
arm-none-eabi-g++ "C:/Repository/TouchGfxMineSweeper/TouchGfxMineSweeper/TouchGFX/gui/src/gamescreen1_screen/GameScreen1Presenter.cpp" -mcpu=cortex-m33 -std=gnu++14 -g3 -DDEBUG -DUSE_HAL_DRIVER -DSTM32U5G9xx -c -I../../Core/Inc -I../../TouchGFX/App -I../../TouchGFX/target/generated -I../../TouchGFX/target -I../../Drivers/STM32U5xx_HAL_Driver/Inc -I../../Drivers/STM32U5xx_HAL_Driver/Inc/Legacy -I../../Drivers/CMSIS/Device/ST/STM32U5xx/Include -I../../Drivers/CMSIS/Include -I../../Middlewares/Third_Party/FreeRTOS/Source/include/ -I../../Middlewares/Third_Party/FreeRTOS/Source/portable/GCC/ARM_CM33_NTZ/non_secure/ -I../../Middlewares/Third_Party/FreeRTOS/Source/CMSIS_RTOS_V2/ -I../../Middlewares/Third_Party/CMSIS/RTOS2/Include/ -I../../Drivers/BSP/STM32U5G9J-DK2 -I../../Drivers/BSP -I../../Middlewares/ST/touchgfx/framework/include -I../../TouchGFX/generated/fonts/include -I../../TouchGFX/generated/gui_generated/include -I../../TouchGFX/generated/images/include -I../../TouchGFX/generated/texts/include -I../../TouchGFX/generated/videos/include -I../../TouchGFX/gui/include -I../../Middlewares/ST/touchgfx_components/gpu2d/NemaGFX/include -I../../Middlewares/ST/touchgfx_components/gpu2d/TouchGFXNema/include -Os -ffunction-sections -fdata-sections -fno-exceptions -fno-rtti -fno-use-cxa-atexit -Wall -femit-class-debug-always -fstack-usage -fcyclomatic-complexity -MMD -MP -MF"Application/User/gui/GameScreen1Presenter.d" -MT"Application/User/gui/GameScreen1Presenter.o" --specs=nano.specs -mfpu=fpv5-sp-d16 -mfloat-abi=hard -mthumb -o "Application/User/gui/GameScreen1Presenter.o"
arm-none-eabi-g++ "C:/Repository/TouchGfxMineSweeper/TouchGfxMineSweeper/TouchGFX/gui/src/gamescreen1_screen/GameScreen1View.cpp" -mcpu=cortex-m33 -std=gnu++14 -g3 -DDEBUG -DUSE_HAL_DRIVER -DSTM32U5G9xx -c -I../../Core/Inc -I../../TouchGFX/App -I../../TouchGFX/target/generated -I../../TouchGFX/target -I../../Drivers/STM32U5xx_HAL_Driver/Inc -I../../Drivers/STM32U5xx_HAL_Driver/Inc/Legacy -I../../Drivers/CMSIS/Device/ST/STM32U5xx/Include -I../../Drivers/CMSIS/Include -I../../Middlewares/Third_Party/FreeRTOS/Source/include/ -I../../Middlewares/Third_Party/FreeRTOS/Source/portable/GCC/ARM_CM33_NTZ/non_secure/ -I../../Middlewares/Third_Party/FreeRTOS/Source/CMSIS_RTOS_V2/ -I../../Middlewares/Third_Party/CMSIS/RTOS2/Include/ -I../../Drivers/BSP/STM32U5G9J-DK2 -I../../Drivers/BSP -I../../Middlewares/ST/touchgfx/framework/include -I../../TouchGFX/generated/fonts/include -I../../TouchGFX/generated/gui_generated/include -I../../TouchGFX/generated/images/include -I../../TouchGFX/generated/texts/include -I../../TouchGFX/generated/videos/include -I../../TouchGFX/gui/include -I../../Middlewares/ST/touchgfx_components/gpu2d/NemaGFX/include -I../../Middlewares/ST/touchgfx_components/gpu2d/TouchGFXNema/include -Os -ffunction-sections -fdata-sections -fno-exceptions -fno-rtti -fno-use-cxa-atexit -Wall -femit-class-debug-always -fstack-usage -fcyclomatic-complexity -MMD -MP -MF"Application/User/gui/GameScreen1View.d" -MT"Application/User/gui/GameScreen1View.o" --specs=nano.specs -mfpu=fpv5-sp-d16 -mfloat-abi=hard -mthumb -o "Application/User/gui/GameScreen1View.o"
arm-none-eabi-g++ "C:/Repository/TouchGfxMineSweeper/TouchGfxMineSweeper/TouchGFX/gui/src/model/Model.cpp" -mcpu=cortex-m33 -std=gnu++14 -g3 -DDEBUG -DUSE_HAL_DRIVER -DSTM32U5G9xx -c -I../../Core/Inc -I../../TouchGFX/App -I../../TouchGFX/target/generated -I../../TouchGFX/target -I../../Drivers/STM32U5xx_HAL_Driver/Inc -I../../Drivers/STM32U5xx_HAL_Driver/Inc/Legacy -I../../Drivers/CMSIS/Device/ST/STM32U5xx/Include -I../../Drivers/CMSIS/Include -I../../Middlewares/Third_Party/FreeRTOS/Source/include/ -I../../Middlewares/Third_Party/FreeRTOS/Source/portable/GCC/ARM_CM33_NTZ/non_secure/ -I../../Middlewares/Third_Party/FreeRTOS/Source/CMSIS_RTOS_V2/ -I../../Middlewares/Third_Party/CMSIS/RTOS2/Include/ -I../../Drivers/BSP/STM32U5G9J-DK2 -I../../Drivers/BSP -I../../Middlewares/ST/touchgfx/framework/include -I../../TouchGFX/generated/fonts/include -I../../TouchGFX/generated/gui_generated/include -I../../TouchGFX/generated/images/include -I../../TouchGFX/generated/texts/include -I../../TouchGFX/generated/videos/include -I../../TouchGFX/gui/include -I../../Middlewares/ST/touchgfx_components/gpu2d/NemaGFX/include -I../../Middlewares/ST/touchgfx_components/gpu2d/TouchGFXNema/include -Os -ffunction-sections -fdata-sections -fno-exceptions -fno-rtti -fno-use-cxa-atexit -Wall -femit-class-debug-always -fstack-usage -fcyclomatic-complexity -MMD -MP -MF"Application/User/gui/Model.d" -MT"Application/User/gui/Model.o" --specs=nano.specs -mfpu=fpv5-sp-d16 -mfloat-abi=hard -mthumb -o "Application/User/gui/Model.o"
arm-none-eabi-g++ "C:/Repository/TouchGfxMineSweeper/TouchGfxMineSweeper/TouchGFX/gui/src/screen1_screen/Screen1Presenter.cpp" -mcpu=cortex-m33 -std=gnu++14 -g3 -DDEBUG -DUSE_HAL_DRIVER -DSTM32U5G9xx -c -I../../Core/Inc -I../../TouchGFX/App -I../../TouchGFX/target/generated -I../../TouchGFX/target -I../../Drivers/STM32U5xx_HAL_Driver/Inc -I../../Drivers/STM32U5xx_HAL_Driver/Inc/Legacy -I../../Drivers/CMSIS/Device/ST/STM32U5xx/Include -I../../Drivers/CMSIS/Include -I../../Middlewares/Third_Party/FreeRTOS/Source/include/ -I../../Middlewares/Third_Party/FreeRTOS/Source/portable/GCC/ARM_CM33_NTZ/non_secure/ -I../../Middlewares/Third_Party/FreeRTOS/Source/CMSIS_RTOS_V2/ -I../../Middlewares/Third_Party/CMSIS/RTOS2/Include/ -I../../Drivers/BSP/STM32U5G9J-DK2 -I../../Drivers/BSP -I../../Middlewares/ST/touchgfx/framework/include -I../../TouchGFX/generated/fonts/include -I../../TouchGFX/generated/gui_generated/include -I../../TouchGFX/generated/images/include -I../../TouchGFX/generated/texts/include -I../../TouchGFX/generated/videos/include -I../../TouchGFX/gui/include -I../../Middlewares/ST/touchgfx_components/gpu2d/NemaGFX/include -I../../Middlewares/ST/touchgfx_components/gpu2d/TouchGFXNema/include -Os -ffunction-sections -fdata-sections -fno-exceptions -fno-rtti -fno-use-cxa-atexit -Wall -femit-class-debug-always -fstack-usage -fcyclomatic-complexity -MMD -MP -MF"Application/User/gui/Screen1Presenter.d" -MT"Application/User/gui/Screen1Presenter.o" --specs=nano.specs -mfpu=fpv5-sp-d16 -mfloat-abi=hard -mthumb -o "Application/User/gui/Screen1Presenter.o"
arm-none-eabi-g++ "C:/Repository/TouchGfxMineSweeper/TouchGfxMineSweeper/TouchGFX/gui/src/screen1_screen/Screen1View.cpp" -mcpu=cortex-m33 -std=gnu++14 -g3 -DDEBUG -DUSE_HAL_DRIVER -DSTM32U5G9xx -c -I../../Core/Inc -I../../TouchGFX/App -I../../TouchGFX/target/generated -I../../TouchGFX/target -I../../Drivers/STM32U5xx_HAL_Driver/Inc -I../../Drivers/STM32U5xx_HAL_Driver/Inc/Legacy -I../../Drivers/CMSIS/Device/ST/STM32U5xx/Include -I../../Drivers/CMSIS/Include -I../../Middlewares/Third_Party/FreeRTOS/Source/include/ -I../../Middlewares/Third_Party/FreeRTOS/Source/portable/GCC/ARM_CM33_NTZ/non_secure/ -I../../Middlewares/Third_Party/FreeRTOS/Source/CMSIS_RTOS_V2/ -I../../Middlewares/Third_Party/CMSIS/RTOS2/Include/ -I../../Drivers/BSP/STM32U5G9J-DK2 -I../../Drivers/BSP -I../../Middlewares/ST/touchgfx/framework/include -I../../TouchGFX/generated/fonts/include -I../../TouchGFX/generated/gui_generated/include -I../../TouchGFX/generated/images/include -I../../TouchGFX/generated/texts/include -I../../TouchGFX/generated/videos/include -I../../TouchGFX/gui/include -I../../Middlewares/ST/touchgfx_components/gpu2d/NemaGFX/include -I../../Middlewares/ST/touchgfx_components/gpu2d/TouchGFXNema/include -Os -ffunction-sections -fdata-sections -fno-exceptions -fno-rtti -fno-use-cxa-atexit -Wall -femit-class-debug-always -fstack-usage -fcyclomatic-complexity -MMD -MP -MF"Application/User/gui/Screen1View.d" -MT"Application/User/gui/Screen1View.o" --specs=nano.specs -mfpu=fpv5-sp-d16 -mfloat-abi=hard -mthumb -o "Application/User/gui/Screen1View.o"
arm-none-eabi-g++ "C:/Repository/TouchGfxMineSweeper/TouchGfxMineSweeper/TouchGFX/generated/gui_generated/src/common/FrontendApplicationBase.cpp" -mcpu=cortex-m33 -std=gnu++14 -g3 -DDEBUG -DUSE_HAL_DRIVER -DSTM32U5G9xx -c -I../../Core/Inc -I../../TouchGFX/App -I../../TouchGFX/target/generated -I../../TouchGFX/target -I../../Drivers/STM32U5xx_HAL_Driver/Inc -I../../Drivers/STM32U5xx_HAL_Driver/Inc/Legacy -I../../Drivers/CMSIS/Device/ST/STM32U5xx/Include -I../../Drivers/CMSIS/Include -I../../Middlewares/Third_Party/FreeRTOS/Source/include/ -I../../Middlewares/Third_Party/FreeRTOS/Source/portable/GCC/ARM_CM33_NTZ/non_secure/ -I../../Middlewares/Third_Party/FreeRTOS/Source/CMSIS_RTOS_V2/ -I../../Middlewares/Third_Party/CMSIS/RTOS2/Include/ -I../../Drivers/BSP/STM32U5G9J-DK2 -I../../Drivers/BSP -I../../Middlewares/ST/touchgfx/framework/include -I../../TouchGFX/generated/fonts/include -I../../TouchGFX/generated/gui_generated/include -I../../TouchGFX/generated/images/include -I../../TouchGFX/generated/texts/include -I../../TouchGFX/generated/videos/include -I../../TouchGFX/gui/include -I../../Middlewares/ST/touchgfx_components/gpu2d/NemaGFX/include -I../../Middlewares/ST/touchgfx_components/gpu2d/TouchGFXNema/include -Os -ffunction-sections -fdata-sections -fno-exceptions -fno-rtti -fno-use-cxa-atexit -Wall -femit-class-debug-always -fstack-usage -fcyclomatic-complexity -MMD -MP -MF"Application/User/generated/FrontendApplicationBase.d" -MT"Application/User/generated/FrontendApplicationBase.o" --specs=nano.specs -mfpu=fpv5-sp-d16 -mfloat-abi=hard -mthumb -o "Application/User/generated/FrontendApplicationBase.o"
arm-none-eabi-g++ "C:/Repository/TouchGfxMineSweeper/TouchGfxMineSweeper/TouchGFX/generated/gui_generated/src/gamescreen1_screen/GameScreen1ViewBase.cpp" -mcpu=cortex-m33 -std=gnu++14 -g3 -DDEBUG -DUSE_HAL_DRIVER -DSTM32U5G9xx -c -I../../Core/Inc -I../../TouchGFX/App -I../../TouchGFX/target/generated -I../../TouchGFX/target -I../../Drivers/STM32U5xx_HAL_Driver/Inc -I../../Drivers/STM32U5xx_HAL_Driver/Inc/Legacy -I../../Drivers/CMSIS/Device/ST/STM32U5xx/Include -I../../Drivers/CMSIS/Include -I../../Middlewares/Third_Party/FreeRTOS/Source/include/ -I../../Middlewares/Third_Party/FreeRTOS/Source/portable/GCC/ARM_CM33_NTZ/non_secure/ -I../../Middlewares/Third_Party/FreeRTOS/Source/CMSIS_RTOS_V2/ -I../../Middlewares/Third_Party/CMSIS/RTOS2/Include/ -I../../Drivers/BSP/STM32U5G9J-DK2 -I../../Drivers/BSP -I../../Middlewares/ST/touchgfx/framework/include -I../../TouchGFX/generated/fonts/include -I../../TouchGFX/generated/gui_generated/include -I../../TouchGFX/generated/images/include -I../../TouchGFX/generated/texts/include -I../../TouchGFX/generated/videos/include -I../../TouchGFX/gui/include -I../../Middlewares/ST/touchgfx_components/gpu2d/NemaGFX/include -I../../Middlewares/ST/touchgfx_components/gpu2d/TouchGFXNema/include -Os -ffunction-sections -fdata-sections -fno-exceptions -fno-rtti -fno-use-cxa-atexit -Wall -femit-class-debug-always -fstack-usage -fcyclomatic-complexity -MMD -MP -MF"Application/User/generated/GameScreen1ViewBase.d" -MT"Application/User/generated/GameScreen1ViewBase.o" --specs=nano.specs -mfpu=fpv5-sp-d16 -mfloat-abi=hard -mthumb -o "Application/User/generated/GameScreen1ViewBase.o"
arm-none-eabi-g++ "C:/Repository/TouchGfxMineSweeper/TouchGfxMineSweeper/TouchGFX/generated/gui_generated/src/screen1_screen/Screen1ViewBase.cpp" -mcpu=cortex-m33 -std=gnu++14 -g3 -DDEBUG -DUSE_HAL_DRIVER -DSTM32U5G9xx -c -I../../Core/Inc -I../../TouchGFX/App -I../../TouchGFX/target/generated -I../../TouchGFX/target -I../../Drivers/STM32U5xx_HAL_Driver/Inc -I../../Drivers/STM32U5xx_HAL_Driver/Inc/Legacy -I../../Drivers/CMSIS/Device/ST/STM32U5xx/Include -I../../Drivers/CMSIS/Include -I../../Middlewares/Third_Party/FreeRTOS/Source/include/ -I../../Middlewares/Third_Party/FreeRTOS/Source/portable/GCC/ARM_CM33_NTZ/non_secure/ -I../../Middlewares/Third_Party/FreeRTOS/Source/CMSIS_RTOS_V2/ -I../../Middlewares/Third_Party/CMSIS/RTOS2/Include/ -I../../Drivers/BSP/STM32U5G9J-DK2 -I../../Drivers/BSP -I../../Middlewares/ST/touchgfx/framework/include -I../../TouchGFX/generated/fonts/include -I../../TouchGFX/generated/gui_generated/include -I../../TouchGFX/generated/images/include -I../../TouchGFX/generated/texts/include -I../../TouchGFX/generated/videos/include -I../../TouchGFX/gui/include -I../../Middlewares/ST/touchgfx_components/gpu2d/NemaGFX/include -I../../Middlewares/ST/touchgfx_components/gpu2d/TouchGFXNema/include -Os -ffunction-sections -fdata-sections -fno-exceptions -fno-rtti -fno-use-cxa-atexit -Wall -femit-class-debug-always -fstack-usage -fcyclomatic-complexity -MMD -MP -MF"Application/User/generated/Screen1ViewBase.d" -MT"Application/User/generated/Screen1ViewBase.o" --specs=nano.specs -mfpu=fpv5-sp-d16 -mfloat-abi=hard -mthumb -o "Application/User/generated/Screen1ViewBase.o"
arm-none-eabi-g++ "C:/Repository/TouchGfxMineSweeper/TouchGfxMineSweeper/TouchGFX/target/generated/TouchGFXConfiguration.cpp" -mcpu=cortex-m33 -std=gnu++14 -g3 -DDEBUG -DUSE_HAL_DRIVER -DSTM32U5G9xx -c -I../../Core/Inc -I../../TouchGFX/App -I../../TouchGFX/target/generated -I../../TouchGFX/target -I../../Drivers/STM32U5xx_HAL_Driver/Inc -I../../Drivers/STM32U5xx_HAL_Driver/Inc/Legacy -I../../Drivers/CMSIS/Device/ST/STM32U5xx/Include -I../../Drivers/CMSIS/Include -I../../Middlewares/Third_Party/FreeRTOS/Source/include/ -I../../Middlewares/Third_Party/FreeRTOS/Source/portable/GCC/ARM_CM33_NTZ/non_secure/ -I../../Middlewares/Third_Party/FreeRTOS/Source/CMSIS_RTOS_V2/ -I../../Middlewares/Third_Party/CMSIS/RTOS2/Include/ -I../../Drivers/BSP/STM32U5G9J-DK2 -I../../Drivers/BSP -I../../Middlewares/ST/touchgfx/framework/include -I../../TouchGFX/generated/fonts/include -I../../TouchGFX/generated/gui_generated/include -I../../TouchGFX/generated/images/include -I../../TouchGFX/generated/texts/include -I../../TouchGFX/generated/videos/include -I../../TouchGFX/gui/include -I../../Middlewares/ST/touchgfx_components/gpu2d/NemaGFX/include -I../../Middlewares/ST/touchgfx_components/gpu2d/TouchGFXNema/include -Os -ffunction-sections -fdata-sections -fno-exceptions -fno-rtti -fno-use-cxa-atexit -Wall -femit-class-debug-always -fstack-usage -fcyclomatic-complexity -MMD -MP -MF"Application/User/TouchGFX/target/generated/TouchGFXConfiguration.d" -MT"Application/User/TouchGFX/target/generated/TouchGFXConfiguration.o" --specs=nano.specs -mfpu=fpv5-sp-d16 -mfloat-abi=hard -mthumb -o "Application/User/TouchGFX/target/generated/TouchGFXConfiguration.o"
arm-none-eabi-g++ "C:/Repository/TouchGfxMineSweeper/TouchGfxMineSweeper/TouchGFX/target/generated/TouchGFXGeneratedHAL.cpp" -mcpu=cortex-m33 -std=gnu++14 -g3 -DDEBUG -DUSE_HAL_DRIVER -DSTM32U5G9xx -c -I../../Core/Inc -I../../TouchGFX/App -I../../TouchGFX/target/generated -I../../TouchGFX/target -I../../Drivers/STM32U5xx_HAL_Driver/Inc -I../../Drivers/STM32U5xx_HAL_Driver/Inc/Legacy -I../../Drivers/CMSIS/Device/ST/STM32U5xx/Include -I../../Drivers/CMSIS/Include -I../../Middlewares/Third_Party/FreeRTOS/Source/include/ -I../../Middlewares/Third_Party/FreeRTOS/Source/portable/GCC/ARM_CM33_NTZ/non_secure/ -I../../Middlewares/Third_Party/FreeRTOS/Source/CMSIS_RTOS_V2/ -I../../Middlewares/Third_Party/CMSIS/RTOS2/Include/ -I../../Drivers/BSP/STM32U5G9J-DK2 -I../../Drivers/BSP -I../../Middlewares/ST/touchgfx/framework/include -I../../TouchGFX/generated/fonts/include -I../../TouchGFX/generated/gui_generated/include -I../../TouchGFX/generated/images/include -I../../TouchGFX/generated/texts/include -I../../TouchGFX/generated/videos/include -I../../TouchGFX/gui/include -I../../Middlewares/ST/touchgfx_components/gpu2d/NemaGFX/include -I../../Middlewares/ST/touchgfx_components/gpu2d/TouchGFXNema/include -Os -ffunction-sections -fdata-sections -fno-exceptions -fno-rtti -fno-use-cxa-atexit -Wall -femit-class-debug-always -fstack-usage -fcyclomatic-complexity -MMD -MP -MF"Application/User/TouchGFX/target/generated/TouchGFXGeneratedHAL.d" -MT"Application/User/TouchGFX/target/generated/TouchGFXGeneratedHAL.o" --specs=nano.specs -mfpu=fpv5-sp-d16 -mfloat-abi=hard -mthumb -o "Application/User/TouchGFX/target/generated/TouchGFXGeneratedHAL.o"
arm-none-eabi-g++ -o "STM32U5G9J-DK2.elf" @"objects.list"  -l:libtouchgfx-float-abi-hard.a -l:libnemagfx-float-abi-hard.a -l:libtouchgfxnema-float-abi-hard.a -mcpu=cortex-m33 -T"C:\Repository\TouchGfxMineSweeper\TouchGfxMineSweeper\STM32CubeIDE\STM32U5G9ZJTXQ_FLASH.ld" --specs=nosys.specs -Wl,-Map="STM32U5G9J-DK2.map" -Wl,--gc-sections -static -L../../Middlewares/ST/touchgfx/lib/core/cortex_m33/gcc -L../../Middlewares/ST/touchgfx_components/gpu2d/NemaGFX/lib/core/cortex_m33/gcc -L../../Middlewares/ST/touchgfx_components/gpu2d/TouchGFXNema/lib/cortex_m33/gcc --specs=nano.specs -mfpu=fpv5-sp-d16 -mfloat-abi=hard -mthumb -Wl,--start-group -lc -lm -lstdc++ -lsupc++ -Wl,--end-group
C:/ST/STM32CubeIDE_1.15.1/STM32CubeIDE/plugins/com.st.stm32cube.ide.mcu.externaltools.gnu-tools-for-stm32.12.3.rel1.win32_1.0.100.202403111256/tools/bin/../lib/gcc/arm-none-eabi/12.3.1/../../../../arm-none-eabi/bin/ld.exe: C:/ST/STM32CubeIDE_1.15.1/STM32CubeIDE/plugins/com.st.stm32cube.ide.mcu.externaltools.gnu-tools-for-stm32.12.3.rel1.win32_1.0.100.202403111256/tools/bin/../lib/gcc/arm-none-eabi/12.3.1/../../../../arm-none-eabi/lib/thumb/v8-m.main+fp/hard\libc_nano.a(libc_a-gettimeofdayr.o): in function `_gettimeofday_r':
(.text._gettimeofday_r+0xe): warning: _gettimeofday is not implemented and will always fail
C:/ST/STM32CubeIDE_1.15.1/STM32CubeIDE/plugins/com.st.stm32cube.ide.mcu.externaltools.gnu-tools-for-stm32.12.3.rel1.win32_1.0.100.202403111256/tools/bin/../lib/gcc/arm-none-eabi/12.3.1/../../../../arm-none-eabi/bin/ld.exe: C:/ST/STM32CubeIDE_1.15.1/STM32CubeIDE/plugins/com.st.stm32cube.ide.mcu.externaltools.gnu-tools-for-stm32.12.3.rel1.win32_1.0.100.202403111256/tools/bin/../lib/gcc/arm-none-eabi/12.3.1/../../../../arm-none-eabi/lib/thumb/v8-m.main+fp/hard\libc_nano.a(libc_a-getentropyr.o): in function `_getentropy_r':
(.text._getentropy_r+0xe): warning: _getentropy is not implemented and will always fail
C:/ST/STM32CubeIDE_1.15.1/STM32CubeIDE/plugins/com.st.stm32cube.ide.mcu.externaltools.gnu-tools-for-stm32.12.3.rel1.win32_1.0.100.202403111256/tools/bin/../lib/gcc/arm-none-eabi/12.3.1/../../../../arm-none-eabi/bin/ld.exe: warning: STM32U5G9J-DK2.elf has a LOAD segment with RWX permissions
Finished building target: STM32U5G9J-DK2.elf
 
arm-none-eabi-size  STM32U5G9J-DK2.elf 
arm-none-eabi-objdump -h -S STM32U5G9J-DK2.elf  > "STM32U5G9J-DK2.list"
   text	   data	    bss	    dec	    hex	filename
1493172	   1364	2093410	3587946	 36bf6a	STM32U5G9J-DK2.elf
Finished building: default.size.stdout
 
Finished building: STM32U5G9J-DK2.list
 
11:38:09 **** Incremental Build of configuration Debug for project STM32U5G9J-DK2 ****
make -j4 all 
arm-none-eabi-size  STM32U5G9J-DK2.elf 
   text	   data	    bss	    dec	    hex	filename
1493172	   1364	2093410	3587946	 36bf6a	STM32U5G9J-DK2.elf
Finished building: default.size.stdout
 
12:54:29 **** Incremental Build of configuration Debug for project STM32U5G9J-DK2 ****
make -j4 all 
arm-none-eabi-g++ "C:/Repository/TouchGfxMineSweeper/TouchGfxMineSweeper/TouchGFX/generated/images/src/BitmapDatabase.cpp" -mcpu=cortex-m33 -std=gnu++14 -g3 -DDEBUG -DUSE_HAL_DRIVER -DSTM32U5G9xx -c -I../../Core/Inc -I../../TouchGFX/App -I../../TouchGFX/target/generated -I../../TouchGFX/target -I../../Drivers/STM32U5xx_HAL_Driver/Inc -I../../Drivers/STM32U5xx_HAL_Driver/Inc/Legacy -I../../Drivers/CMSIS/Device/ST/STM32U5xx/Include -I../../Drivers/CMSIS/Include -I../../Middlewares/Third_Party/FreeRTOS/Source/include/ -I../../Middlewares/Third_Party/FreeRTOS/Source/portable/GCC/ARM_CM33_NTZ/non_secure/ -I../../Middlewares/Third_Party/FreeRTOS/Source/CMSIS_RTOS_V2/ -I../../Middlewares/Third_Party/CMSIS/RTOS2/Include/ -I../../Drivers/BSP/STM32U5G9J-DK2 -I../../Drivers/BSP -I../../Middlewares/ST/touchgfx/framework/include -I../../TouchGFX/generated/fonts/include -I../../TouchGFX/generated/gui_generated/include -I../../TouchGFX/generated/images/include -I../../TouchGFX/generated/texts/include -I../../TouchGFX/generated/videos/include -I../../TouchGFX/gui/include -I../../Middlewares/ST/touchgfx_components/gpu2d/NemaGFX/include -I../../Middlewares/ST/touchgfx_components/gpu2d/TouchGFXNema/include -Os -ffunction-sections -fdata-sections -fno-exceptions -fno-rtti -fno-use-cxa-atexit -Wall -femit-class-debug-always -fstack-usage -fcyclomatic-complexity -MMD -MP -MF"Application/User/generated/BitmapDatabase.d" -MT"Application/User/generated/BitmapDatabase.o" --specs=nano.specs -mfpu=fpv5-sp-d16 -mfloat-abi=hard -mthumb -o "Application/User/generated/BitmapDatabase.o"
arm-none-eabi-g++ "C:/Repository/TouchGfxMineSweeper/TouchGfxMineSweeper/TouchGFX/generated/images/src/image_flag_off.cpp" -mcpu=cortex-m33 -std=gnu++14 -g3 -DDEBUG -DUSE_HAL_DRIVER -DSTM32U5G9xx -c -I../../Core/Inc -I../../TouchGFX/App -I../../TouchGFX/target/generated -I../../TouchGFX/target -I../../Drivers/STM32U5xx_HAL_Driver/Inc -I../../Drivers/STM32U5xx_HAL_Driver/Inc/Legacy -I../../Drivers/CMSIS/Device/ST/STM32U5xx/Include -I../../Drivers/CMSIS/Include -I../../Middlewares/Third_Party/FreeRTOS/Source/include/ -I../../Middlewares/Third_Party/FreeRTOS/Source/portable/GCC/ARM_CM33_NTZ/non_secure/ -I../../Middlewares/Third_Party/FreeRTOS/Source/CMSIS_RTOS_V2/ -I../../Middlewares/Third_Party/CMSIS/RTOS2/Include/ -I../../Drivers/BSP/STM32U5G9J-DK2 -I../../Drivers/BSP -I../../Middlewares/ST/touchgfx/framework/include -I../../TouchGFX/generated/fonts/include -I../../TouchGFX/generated/gui_generated/include -I../../TouchGFX/generated/images/include -I../../TouchGFX/generated/texts/include -I../../TouchGFX/generated/videos/include -I../../TouchGFX/gui/include -I../../Middlewares/ST/touchgfx_components/gpu2d/NemaGFX/include -I../../Middlewares/ST/touchgfx_components/gpu2d/TouchGFXNema/include -Os -ffunction-sections -fdata-sections -fno-exceptions -fno-rtti -fno-use-cxa-atexit -Wall -femit-class-debug-always -fstack-usage -fcyclomatic-complexity -MMD -MP -MF"Application/User/generated/image_flag_off.d" -MT"Application/User/generated/image_flag_off.o" --specs=nano.specs -mfpu=fpv5-sp-d16 -mfloat-abi=hard -mthumb -o "Application/User/generated/image_flag_off.o"
arm-none-eabi-g++ "C:/Repository/TouchGfxMineSweeper/TouchGfxMineSweeper/TouchGFX/generated/images/src/image_flag_on.cpp" -mcpu=cortex-m33 -std=gnu++14 -g3 -DDEBUG -DUSE_HAL_DRIVER -DSTM32U5G9xx -c -I../../Core/Inc -I../../TouchGFX/App -I../../TouchGFX/target/generated -I../../TouchGFX/target -I../../Drivers/STM32U5xx_HAL_Driver/Inc -I../../Drivers/STM32U5xx_HAL_Driver/Inc/Legacy -I../../Drivers/CMSIS/Device/ST/STM32U5xx/Include -I../../Drivers/CMSIS/Include -I../../Middlewares/Third_Party/FreeRTOS/Source/include/ -I../../Middlewares/Third_Party/FreeRTOS/Source/portable/GCC/ARM_CM33_NTZ/non_secure/ -I../../Middlewares/Third_Party/FreeRTOS/Source/CMSIS_RTOS_V2/ -I../../Middlewares/Third_Party/CMSIS/RTOS2/Include/ -I../../Drivers/BSP/STM32U5G9J-DK2 -I../../Drivers/BSP -I../../Middlewares/ST/touchgfx/framework/include -I../../TouchGFX/generated/fonts/include -I../../TouchGFX/generated/gui_generated/include -I../../TouchGFX/generated/images/include -I../../TouchGFX/generated/texts/include -I../../TouchGFX/generated/videos/include -I../../TouchGFX/gui/include -I../../Middlewares/ST/touchgfx_components/gpu2d/NemaGFX/include -I../../Middlewares/ST/touchgfx_components/gpu2d/TouchGFXNema/include -Os -ffunction-sections -fdata-sections -fno-exceptions -fno-rtti -fno-use-cxa-atexit -Wall -femit-class-debug-always -fstack-usage -fcyclomatic-complexity -MMD -MP -MF"Application/User/generated/image_flag_on.d" -MT"Application/User/generated/image_flag_on.o" --specs=nano.specs -mfpu=fpv5-sp-d16 -mfloat-abi=hard -mthumb -o "Application/User/generated/image_flag_on.o"
arm-none-eabi-g++ "C:/Repository/TouchGfxMineSweeper/TouchGfxMineSweeper/TouchGFX/generated/images/src/image_tiny_bomb.cpp" -mcpu=cortex-m33 -std=gnu++14 -g3 -DDEBUG -DUSE_HAL_DRIVER -DSTM32U5G9xx -c -I../../Core/Inc -I../../TouchGFX/App -I../../TouchGFX/target/generated -I../../TouchGFX/target -I../../Drivers/STM32U5xx_HAL_Driver/Inc -I../../Drivers/STM32U5xx_HAL_Driver/Inc/Legacy -I../../Drivers/CMSIS/Device/ST/STM32U5xx/Include -I../../Drivers/CMSIS/Include -I../../Middlewares/Third_Party/FreeRTOS/Source/include/ -I../../Middlewares/Third_Party/FreeRTOS/Source/portable/GCC/ARM_CM33_NTZ/non_secure/ -I../../Middlewares/Third_Party/FreeRTOS/Source/CMSIS_RTOS_V2/ -I../../Middlewares/Third_Party/CMSIS/RTOS2/Include/ -I../../Drivers/BSP/STM32U5G9J-DK2 -I../../Drivers/BSP -I../../Middlewares/ST/touchgfx/framework/include -I../../TouchGFX/generated/fonts/include -I../../TouchGFX/generated/gui_generated/include -I../../TouchGFX/generated/images/include -I../../TouchGFX/generated/texts/include -I../../TouchGFX/generated/videos/include -I../../TouchGFX/gui/include -I../../Middlewares/ST/touchgfx_components/gpu2d/NemaGFX/include -I../../Middlewares/ST/touchgfx_components/gpu2d/TouchGFXNema/include -Os -ffunction-sections -fdata-sections -fno-exceptions -fno-rtti -fno-use-cxa-atexit -Wall -femit-class-debug-always -fstack-usage -fcyclomatic-complexity -MMD -MP -MF"Application/User/generated/image_tiny_bomb.d" -MT"Application/User/generated/image_tiny_bomb.o" --specs=nano.specs -mfpu=fpv5-sp-d16 -mfloat-abi=hard -mthumb -o "Application/User/generated/image_tiny_bomb.o"
arm-none-eabi-g++ -o "STM32U5G9J-DK2.elf" @"objects.list"  -l:libtouchgfx-float-abi-hard.a -l:libnemagfx-float-abi-hard.a -l:libtouchgfxnema-float-abi-hard.a -mcpu=cortex-m33 -T"C:\Repository\TouchGfxMineSweeper\TouchGfxMineSweeper\STM32CubeIDE\STM32U5G9ZJTXQ_FLASH.ld" --specs=nosys.specs -Wl,-Map="STM32U5G9J-DK2.map" -Wl,--gc-sections -static -L../../Middlewares/ST/touchgfx/lib/core/cortex_m33/gcc -L../../Middlewares/ST/touchgfx_components/gpu2d/NemaGFX/lib/core/cortex_m33/gcc -L../../Middlewares/ST/touchgfx_components/gpu2d/TouchGFXNema/lib/cortex_m33/gcc --specs=nano.specs -mfpu=fpv5-sp-d16 -mfloat-abi=hard -mthumb -Wl,--start-group -lc -lm -lstdc++ -lsupc++ -Wl,--end-group
C:/ST/STM32CubeIDE_1.15.1/STM32CubeIDE/plugins/com.st.stm32cube.ide.mcu.externaltools.gnu-tools-for-stm32.12.3.rel1.win32_1.0.100.202403111256/tools/bin/../lib/gcc/arm-none-eabi/12.3.1/../../../../arm-none-eabi/bin/ld.exe: C:/ST/STM32CubeIDE_1.15.1/STM32CubeIDE/plugins/com.st.stm32cube.ide.mcu.externaltools.gnu-tools-for-stm32.12.3.rel1.win32_1.0.100.202403111256/tools/bin/../lib/gcc/arm-none-eabi/12.3.1/../../../../arm-none-eabi/lib/thumb/v8-m.main+fp/hard\libc_nano.a(libc_a-gettimeofdayr.o): in function `_gettimeofday_r':
(.text._gettimeofday_r+0xe): warning: _gettimeofday is not implemented and will always fail
C:/ST/STM32CubeIDE_1.15.1/STM32CubeIDE/plugins/com.st.stm32cube.ide.mcu.externaltools.gnu-tools-for-stm32.12.3.rel1.win32_1.0.100.202403111256/tools/bin/../lib/gcc/arm-none-eabi/12.3.1/../../../../arm-none-eabi/bin/ld.exe: C:/ST/STM32CubeIDE_1.15.1/STM32CubeIDE/plugins/com.st.stm32cube.ide.mcu.externaltools.gnu-tools-for-stm32.12.3.rel1.win32_1.0.100.202403111256/tools/bin/../lib/gcc/arm-none-eabi/12.3.1/../../../../arm-none-eabi/lib/thumb/v8-m.main+fp/hard\libc_nano.a(libc_a-getentropyr.o): in function `_getentropy_r':
(.text._getentropy_r+0xe): warning: _getentropy is not implemented and will always fail
C:/ST/STM32CubeIDE_1.15.1/STM32CubeIDE/plugins/com.st.stm32cube.ide.mcu.externaltools.gnu-tools-for-stm32.12.3.rel1.win32_1.0.100.202403111256/tools/bin/../lib/gcc/arm-none-eabi/12.3.1/../../../../arm-none-eabi/bin/ld.exe: warning: STM32U5G9J-DK2.elf has a LOAD segment with RWX permissions
Finished building target: STM32U5G9J-DK2.elf
 
arm-none-eabi-size  STM32U5G9J-DK2.elf 
arm-none-eabi-objdump -h -S STM32U5G9J-DK2.elf  > "STM32U5G9J-DK2.list"
   text	   data	    bss	    dec	    hex	filename
1579572	   1364	2093410	3674346	 3810ea	STM32U5G9J-DK2.elf
Finished building: default.size.stdout
 
Finished building: STM32U5G9J-DK2.list
 
12:55:24 **** Incremental Build of configuration Debug for project STM32U5G9J-DK2 ****
make -j4 all 
arm-none-eabi-size  STM32U5G9J-DK2.elf 
   text	   data	    bss	    dec	    hex	filename
1579572	   1364	2093410	3674346	 3810ea	STM32U5G9J-DK2.elf
Finished building: default.size.stdout
 
