Screen.hpp:104:18:virtual void touchgfx::Screen::afterTransition()	0	static
Screen.hpp:144:18:virtual void touchgfx::Screen::handleTickEvent()	0	static
Screen.hpp:154:18:virtual void touchgfx::Screen::handleKeyEvent(uint8_t)	0	static
GameScreen1View.cpp:13:6:virtual void GameScreen1View::tearDownScreen()	0	static
GameScreen1View.hpp:11:13:GameScreen1View::~GameScreen1View()	8	static
GameScreen1View.hpp:11:13:virtual GameScreen1View::~GameScreen1View()	8	static
GameScreen1View.cpp:3:1:GameScreen1View::GameScreen1View()	8	static
GameScreen1View.cpp:8:6:virtual void GameScreen1View::setupScreen()	0	static
